09-30 01:59:08.619  1697  1791 V DHC:DhcApplication:: 			<Service>DHC</S
09-30 01:59:08.619  1697  1791 V DHC:DhcApplication:: ervice>
09-30 01:59:08.619  1697  1791 V DHC:DhcApplication:: 			<Operation>DHC</Operation>
09-30 01:59:08.619  1697  1791 V DHC:DhcApplication:: 		</Message>
09-30 01:59:08.619  1697  1791 V DHC:DhcApplication:: 		<TransmissionTimestamp>
09-30 01:59:08.619  1697  1791 V DHC:DhcApplication:: 			<DateTime format="UTC">20190930T015908Z</DateTime>
09-30 01:59:08.619  1697  1791 V DHC:DhcApplication:: 		</TransmissionTimestamp>
09-30 01:59:08.619  1697  1791 V DHC:DhcApplication:: 	</Header>
09-30 01:59:08.619  1697  1791 V DHC:DhcApplication:: 	<Body>
09-30 01:59:08.619  1697  1791 V DHC:DhcApplication:: 		<DHC>
09-30 01:59:08.619  1697  1791 V DHC:DhcApplication:: 			<EventTimestamp>
09-30 01:59:08.619  1697  1791 V DHC:DhcApplication:: 				<DateTime format="UTC">20190930T015908Z</DateTime>
09-30 01:59:08.619  1697  1791 V DHC:DhcApplication:: 			</EventTimestamp>
09-30 01:59:08.619  1697  1791 V DHC:DhcApplication:: 			<DCMDTCList>
09-30 01:59:08.619  1697  1791 V DHC:DhcApplication:: 				<DTC>B1537</DTC>
09-30 01:59:08.619  1697  1791 V DHC:DhcApplication:: 				<DTC>B1572</DTC>
09-30 01:59:08.619  1697  1791 V DHC:DhcApplication:: 				<DTC>B15C5</DTC>
09-30 01:59:08.619  1697  1791 V DHC:DhcApplication:: 				<DTC>B15CC</DTC>
09-30 01:59:08.619  1697  1791 V DHC:DhcApplication:: 			</DCMDTCList>
09-30 01:59:08.619  1697  1791 V DHC:DhcApplication:: 			<Provisioning>
09-30 01:59:08.619  1697  1791 V DHC:DhcApplication:: 				<ServiceFlags>
09-30 01:59:08.619  1697  1791 V DHC:DhcApplication:: 					<ServiceFlag>
09-30 01:59:08.619  1697  1791 V DHC:DhcApplication:: 						<Service>ACN</Service>
09-30 01:59:08.619  1697  1791 V DHC:DhcApplication:: 						<FlagValue>on</FlagValu
09-30 01:59:08.619  1697  1791 V DHC:DhcApplication:: e>
09-30 01:59:08.619  1697  1791 V DHC:DhcApplication:: 					</ServiceFlag>
09-30 01:59:08.619  1697  1791 V DHC:DhcApplication:: 					<ServiceFlag>
09-30 01:59:08.619  1697  1791 V DHC:DhcApplication:: 						<Service>SOS</Service>
09-30 01:59:08.619  1697  1791 V DHC:DhcApplication:: 						<FlagValue>on</FlagValue>
09-30 01:59:08.619  1697  1791 V DHC:DhcApplication:: 					</ServiceFlag>
09-30 01:59:08.619  1697  1791 V DHC:DhcApplication:: 					<ServiceFlag>
09-30 01:59:08.619  1697  1791 V DHC:DhcApplication:: 						<Service>SVT</Service>
09-30 01:59:08.619  1697  1791 V DHC:DhcApplication:: 						<FlagValue>on</FlagValue>
09-30 01:59:08.619  1697  1791 V DHC:DhcApplication:: 					</ServiceFlag>
09-30 01:59:08.619  1697  1791 V DHC:DhcApplication:: 					<ServiceFlag>
09-30 01:59:08.619  1697  1791 V DHC:DhcApplication:: 						<Service>DHC</Service>
09-30 01:59:08.619  1697  1791 V DHC:DhcApplication:: 						<FlagValue>on</FlagValue>
09-30 01:59:08.619  1697  1791 V DHC:DhcApplication:: 					</ServiceFlag>
09-30 01:59:08.619  1697  1791 V DHC:DhcApplication:: 				</ServiceFlags>
09-30 01:59:08.619  1697  1791 V DHC:DhcApplication:: 				<FOTAFlag>on</FOTAFlag>
09-30 01:59:08.619  1697  1791 V DHC:DhcApplication:: 				<Brand>Toyota</Brand>
09-30 01:59:08.619  1697  1791 V DHC:DhcApplication:: 				<ProvisioningLanguage>English</ProvisioningLanguage>
09-30 01:59:08.619  1697  1791 V DHC:DhcApplication:: 				<Configuration>
09-30 01:59:08.619  1697  1791 V DHC:DhcApplication:: 					<PhoneNumber service="ACN" type="
09-30 01:59:08.619  1697  1791 V DHC:DhcApplication:: primary">
09-30 01:59:08.619  1697  1791 V DHC:DhcApplication:: 						+821039475863
09-30 01:59:08.619  1697  1791 V DHC:DhcApplication:: 					</PhoneNumber>
09-30 01:59:08.619  1697  1791 V DHC:DhcApplication:: 					<PhoneNumber service="ACN" type="secondary">
09-30 01:59:08.619  1697  1791 V DHC:DhcApplication:: 						+821039475863
09-30 01:59:08.619  1697  1791 V DHC:DhcApplication:: 					</PhoneNumber>
09-30 01:59:08.619  1697  1791 V DHC:DhcApplication:: 					<PhoneNumber service="SOS" type="primary">
09-30 01:59:08.619  1697  1791 V DHC:DhcApplication:: 						+821039475863
09-30 01:59:08.619  1697  1791 V DHC:DhcApplication:: 					</PhoneNumber>
09-30 01:59:08.619  1697  1791 V DHC:DhcApplication:: 					<PhoneNumber service="SOS" type="secondary">
09-30 01:59:08.619  1697  1791 V DHC:DhcApplication:: 						+821039475863
09-30 01:59:08.619  1697  1791 V DHC:DhcApplication:: 					</PhoneNumber>
09-30 01:59:08.619  1697  1791 V DHC:DhcApplication:: 					<PhoneNumber service="Inbound" type="primary">
09-30 01:59:08.619  1697  1791 V DHC:DhcApplication:: 						+821039475863
09-30 01:59:08.619  1697  1791 V DHC:DhcApplication:: 					</PhoneNumber>
09-30 01:59:08.619  1697  1791 V DHC:DhcApplication:: 					<PhoneNumber service="Inbound" type="secondary">
09-30 01:59:08.619  1697  1791 V DHC:DhcApplication:: 						+821039475863
09-30 01:59:08.619  1697  1791 V DHC:DhcApplication:: 					</PhoneNumber>
09-30 01:59:08.619  1697  1791 V DHC:DhcApplication:: 					<Ca
09-30 01:59:08.619  1697  1791 V DHC:DhcApplication:: llbackStandByTimer>30</CallbackStandByTimer>
09-30 01:59:08.619  1697  1791 V DHC:DhcApplication:: 				</Configuration>
09-30 01:59:08.619  1697  1791 V DHC:DhcApplication:: 			</Provisioning>
09-30 01:59:08.619  1697  1791 V DHC:DhcApplication:: 		</DHC>
09-30 01:59:08.619  1697  1791 V DHC:DhcApplication:: 	</Body>
09-30 01:59:08.619  1697  1791 V DHC:DhcApplication:: </e-ML>
09-30 01:59:08.619  1697  1791 V DHC:DhcApplication:: HTTPData filePath = /data/test.txt
09-30 01:59:08.619  1082  1210 V HTTP    : HTTPManagerService::sendOverHTTPS ++
09-30 01:59:08.619  1082  1210 V HTTP    : HTTPManagerService::sendOverHTTPS --
09-30 01:59:08.619  1082  1210 V HTTP    : HTTPManagerImpl::sendOverHTTPSToImpl ++
09-30 01:59:08.619  1082  1210 V HTTP    : HTTPManagerImpl::isTSCAppType pAppType = 14, isTSC = 0
09-30 01:59:08.619  1082  1210 V HTTP    : HTTPManagerImpl::getReceiver ++
09-30 01:59:08.619  1082  1210 V HTTP    : HTTPManagerImpl::sendOverHTTPSToImpl --
09-30 01:59:08.619  1082  1189 V HTTP    : HTTPManagerImpl::HTTPImplHandler::handleMessage ++
09-30 01:59:08.619  1082  1189 V HTTP    : HTTPManagerImpl::HTTPImplHandler::handleMessage msg = 0
09-30 01:59:08.619  1082  1189 V HTTP    : HTTPManagerImpl::processsendOverHTTPS ++
09-30 01:59:08.619  1082  1189 V HTTP    : HTTPManagerImpl::setTransfer ++
09-30 01:59:08.619  1082  1189 V HTTP    : HTTPManagerImpl::setTransfer --
09-30 01:59:08.619  1082  1189 V HTTP    : HTTPManagerImpl::getCurlInMap ++
09-30 01:59:08.619  1082  1189 V HTTP    : HTTPManagerImpl::processsendOverHTTPS has message MSG_CLEAN_CURL_INSTANCE, remove pAppType = 14
09-30 01:59:08.619  1082  1189 V HTTP    : HTTPManagerImpl::processsendOverHTTPS HTTPTransfer curl reset
09-30 01:59:08.619  1082  1189 V HTTP    : HTTPManagerImpl::isTSCAppType pAppType = 14, isTSC = 0
09-30 01:59:08.619  1082  1189 V HTTP    : HTTPManagerImpl::processsendOverHTTPS no Need Client Auth CURL Option
09-30 01:59:08.619  1082  1189 V HTTP    : HTTPManagerImpl::setCurlOptions ++
09-30 01:59:08.619  1082  1189 V HTTP    : HTTPManagerImpl::setCurlOptions RequestType = 30
09-30 01:59:08.619  1082  1189 V HTTP    : HTTPManagerImpl::isTSCAppType pAppType = 14, isTSC = 0
09-30 01:59:08.619  1082  1189 V HTTP    : HTTPManagerImpl::setCurlOptions HEADER included
09-30 01:59:08.619  1082  1189 V HTTP    : HTTPManagerImpl::setCurlOptions generateUUID success xCorrelationId = X-CorrelationId: 617084D4-E26F-463C-A950-7F0C36D9D880
09-30 01:59:08.619  1697  1791 V DHC:DhcApplication:: Check-in Message res = 1001
09-30 01:59:08.619  1697  1791 V DHC:DhcHandler:: handleMessage: 9 DONE
09-30 01:59:08.629  1082  1189 V HTTP    : HTTPManagerImpl::setCurlOptions imei = 015267000012896
09-30 01:59:08.639  1082  1189 V HTTP    : HTTPManagerImpl::setCurlOptions Euicc is invalid, SKIP
09-30 01:59:08.639  1082  1189 V HTTP    : HTTPManagerImpl::setCurlOptions EuiccId = 
09-30 01:59:08.639  1082  1189 V HTTP    : HTTPManagerImpl::setBaseCurlOptions ++
09-30 01:59:08.639  1082  1189 V HTTP    : HTTPManagerImpl::setBaseCurlOptions getInterface: rmnet_data0
09-30 01:59:08.639  1082  1189 V HTTP    : HTTPManagerImpl::setBaseCurlOptions OCSP Test on
09-30 01:59:08.639  1082  1189 V HTTP    : HTTPManagerImpl::setBaseCurlOptions --
09-30 01:59:08.639  1082  1189 V HTTP    : HTTPManagerImpl::setCurlOptions --
09-30 01:59:08.639  1082  1189 V HTTP    : HTTPManagerImpl::processsendOverHTTPS --
09-30 01:59:08.639  1082  1189 V HTTP    : HTTPManagerImpl::getTransfer found transfer[14]
09-30 01:59:08.639  1082  1189 V HTTP    : HTTPManagerImpl::HTTPImplHandler::handleMessage 0 Thread run~
09-30 01:59:08.639  1082  1189 V HTTP    : HTTPManagerImpl::getTransfer found transfer[14]
09-30 01:59:08.639  1082  1189 V HTTP    : HTTPManagerImpl::HTTPImplHandler::handleMessage --
09-30 01:59:08.639  1082  8283 V HTTP    : HTTPTransfer::threadLoop ++
09-30 01:59:08.639  1082  8283 V HTTP    : ============================================================
09-30 01:59:08.639  1082  8283 V HTTP    : HTTPData appType      = 14
09-30 01:59:08.639  1082  8283 V HTTP    : HTTPData requestType  = 30
09-30 01:59:08.639  1082  8283 V HTTP    : HTTPData timeoutSec   = 20
09-30 01:59:08.639  1082  8283 V HTTP    : HTTPData contentType  = Content-Type:application/x-eML
09-30 01:59:08.639  1082  8283 V HTTP    : HTTPData userAgent    = 19CY-NA-DCM-LGE
09-30 01:59:08.639  1082  8283 V HTTP    : HTTPData url          = https://testtbox.com/tsp/29/DHC
09-30 01:59:08.639  1082  8283 V HTTP    : HTTPData data         = <e-ML version="1.0">
09-30 01:59:08.639  1082  8283 V HTTP    : 	<Header>
09-30 01:59:08.639  1082  8283 V HTTP    : 		<Device>
09-30 01:59:08.639  1082  8283 V HTTP    : 			<DCMSupplier>LG Electronics Inc</DCMSupplier>
09-30 01:59:08.639  1082  8283 V HTTP    : 			<DCMFWVersion>TMC.19CY.NA.NAD.10e.20190918.b</DCMFWVersion>
09-30 01:59:08.639  1082  8283 V HTTP    : 			<NADFWVersion>TT04NX16</NADFWVersion>
09-30 01:59:08.639  1082  8283 V HTTP    : 			<MCUSWVersion>TMC.19CY.NA.MCU.10e.20190918.a</MCUSWVersion>
09-30 01:59:08.639  1082  8283 V HTTP    : 			<MSISDN>01049414394</MSISDN>
09-30 01:59:08.639  1082  8283 V HTTP    : 			<IMSI>450050494144726</IMSI>
09-30 01:59:08.639  1082  8283 V HTTP    : 			<IMEI>015267000012896</IMEI>
09-30 01:59:08.639  1082  8283 V HTTP    : 			<VIN>?????????????????</VIN>
09-30 01:59:08.639  1082  8283 V HTTP    : 			<ICCID>8982051508441254530</ICCID>
09-30 01:59:08.639  1082  8283 V HTTP    : 			<eUICCID></eUICCID>
09-30 01:59:08.639  1082  8283 V HTTP    : 		</Device>
09-30 01:59:08.639  1082  8283 V HTTP    : 		<Message>
09-30 01:59:08.639  1082  8283 V HTTP    : 			<Type>Report</Type>
09-30 01:59:08.639  1082  8283 V HTTP    : 			<Service>DHC</Service>
09-30 01:59:08.639  1082  8283 V HTTP    : 			<Operation>DHC</Operation>
09-30 01:59:08.639  1082  8283 V HTTP    : 		</Message>
09-30 01:59:08.639  1082  8283 V HTTP    : 		<TransmissionTimestamp>
09-30 01:59:08.639  1082  8283 V HTTP    : 			<DateTime format="UTC">20190930T015908Z</DateTime>
09-30 01:59:08.639  1082  8283 V HTTP    : 		</TransmissionTimestamp>
09-30 01:59:08.639  1082  8283 V HTTP    : 	</Header>
09-30 01:59:08.639  1082  8283 V HTTP    : 	<Body>
09-30 01:59:08.639  1082  8283 V HTTP    : 		<DHC>
09-30 01:59:08.639  1082  8283 V HTTP    : 			<EventTimestamp>
09-30 01:59:08.639  1082  8283 V HTTP    : 				<DateTime format="UTC">20190930T015908Z</DateTime>
09-30 01:59:08.639  1082  8283 V HTTP    : 			</EventTimestamp>
09-30 01:59:08.639  1082  8283 V HTTP    : 			<DCMDTCList>
09-30 01:59:08.639  1082  8283 V HTTP    : 				<DTC>B1537</DTC>
09-30 01:59:08.639  1082  8283 V HTTP    : 				<DTC>B1572</DTC>
09-30 01:59:08.639  1082  8283 V HTTP    : 				<DTC>B15C5</DTC>
09-30 01:59:08.639  1082  8283 V HTTP    : 				<DTC>B15CC</DTC>
09-30 01:59:08.639  1082  8283 V HTTP    : 			</DCMDTCList>
09-30 01:59:08.639  1082  8283 V HTTP    : 			<Provisioning>
09-30 01:59:08.639  1082  8283 V HTTP    : 				<ServiceFlags>
09-30 01:59:08.639  1082  8283 V HTTP    : 					<ServiceFlag>
09-30 01:59:08.639  1082  8283 V HTTP    : 						<Service>ACN</Service>
09-30 01:59:08.639  1082  8283 V HTTP    : 				
09-30 01:59:08.639  1082  8283 V HTTP    : HTTPData filePath     = /data/test.txt
09-30 01:59:08.639  1082  8283 V HTTP    : HTTPData fileName     = 
09-30 01:59:08.639  1082  8283 V HTTP    : HTTPData fileSize     = 0
09-30 01:59:08.639  1082  8283 V HTTP    : HTTPData TotalfileSize= 0
09-30 01:59:08.639  1082  8283 V HTTP    : ============================================================
09-30 01:59:08.639  1082  8283 V HTTP    : HTTPTransfer::threadLoop HTTP Status IDLE_STATUS change to SENDING_STATUS
09-30 01:59:08.639  1277  1373 V NWCommunicatorService: [onHttpReceive], status : 1
09-30 01:59:08.639  1277  1367 D NWCommunicatorService: [sendRSECANFrame]
09-30 01:59:08.639  1277  1367 W NWCommunicatorService: [sendRSECANFrame] m_CANPF is Zero
09-30 01:59:08.639  1040  1208 D CollectInfoManagerService: !!!!! check collect debug id = 0x00000052, name = ElectronicPlatform, value 0
09-30 01:59:08.639  1277  1367 E NWCommunicatorService: [sendRSECANFrame] name:ElectronicPlatform, m_CANPF:0
09-30 01:59:08.639  1082  8283 V HTTP    : HTTPManagerImpl::getReceiver ++
09-30 01:59:08.639  1082  8283 V HTTP    : HTTPManagerImpl::getTZData ++
09-30 01:59:08.639  1082  8283 V HTTP    : HTTPManagerImpl::getTZData name = usr/data/appsec/cert/tbox-certificates.crt
09-30 01:59:08.639  1082  8283 I KeystoreClient: KeystoreClient get: data:usr/data/appsec/cert/tbox-certificates.crt
09-30 01:59:08.649   438   438 D KeystoreService: onTransact() GET
09-30 01:59:08.649   438   438 V keystore: reading blob user_0/0_data:usr+_data+_appsec+_cert+_tbox+]certificates+^crt
09-30 01:59:08.919   700   700 V SystemManagerTime: get time type(3)
09-30 01:59:08.919   700   900 D SystemTimeUtils: GMT Time 1:59:8 2019-9-30, (1)weeks, (272)days
09-30 01:59:08.919   700   900 D SystemTimeUtils: (3)time_type, (540)tzoffset, (0)summertime
09-30 01:59:09.099  1026  1258 D RmtScheduleHdl: Receive message: MSG_SEND_SCHED_URL
09-30 01:59:09.099  1026  1258 V RemoteManager: RemoteManagerService::isContractProcess (true)
09-30 01:59:09.099  1026  1258 V RmtScheduleHdl: Contract Is Processing.. retry after 1sec
09-30 01:59:09.109  1701  2030 D [VIFMGR_CANSIG]: validvaluesize = 28
09-30 01:59:09.109   661   891 D [VIFMGR_HALCONF]: Send Vif Data size =28 port name=SPI from=1701
09-30 01:59:09.119  1701  2030 D [VIFMGR_CANSIG]: validvaluesize = 28
09-30 01:59:09.119   661  1917 D [VIFMGR_HALCONF]: Send Vif Data size =28 port name=SPI from=1701
09-30 01:59:09.129  1701  2030 D [VIFMGR_CANSIG]: validvaluesize = 28
09-30 01:59:09.129   661   899 D [VIFMGR_HALCONF]: Send Vif Data size =28 port name=SPI from=1701
09-30 01:59:09.209   438   438 D KeystoreService: GET status = 1
09-30 01:59:09.209  1082  8283 D KeystoreClient: KeystoreClient get rc=0
09-30 01:59:09.209  1082  8283 V HTTP    : HTTPManagerImpl::getTZData tz get size = 27328
09-30 01:59:09.209  1082  8283 V HTTP    : HTTPManagerImpl::getTZData --
09-30 01:59:09.209  1082  8283 V HTTP    : TEXT : Found bundle for host testtbox.com: 0xb522d120 [can pipeline]
09-30 01:59:09.209  1082  8283 V HTTP    : TEXT : Re-using existing connection! (#36) with host testtbox.com
09-30 01:59:09.209  1082  8283 V HTTP    : TEXT : Connected to testtbox.com (13.124.80.35) port 443 (#36)
09-30 01:59:09.209  1082  8283 V HTTP    : TEXT : Server auth using Basic with user '015267000012896'
09-30 01:59:09.209  1082  8283 V HTTP    : SSL_DATA_OUT : 5 bytes
09-30 01:59:09.209  1082  8283 V HTTP    : 
09-30 01:59:09.209  1082  8283 V HTTP    : HEADER_OUT_START : 306 bytes -------------------------------------
09-30 01:59:09.209  1082  8283 V HTTP    : POST /tsp/29/DHC HTTP/1.1
09-30 01:59:09.209  1082  8283 V HTTP    : Host: testtbox.com
09-30 01:59:09.209  1082  8283 V HTTP    : Authorization: Basic MDE1MjY3MDAwMDEyODk2Og==
09-30 01:59:09.209  1082  8283 V HTTP    : User-Agent: 19CY-NA-DCM-LGE
09-30 01:59:09.209  1082  8283 V HTTP    : Content-Type:application/x-eML
09-30 01:59:09.209  1082  8283 V HTTP    : Accept:application/x-eML
09-30 01:59:09.209  1082  8283 V HTTP    : X-CorrelationId: 617084D4-E26F-463C-A950-7F0C36D9D880
09-30 01:59:09.209  1082  8283 V HTTP    : Connection: Keep-Alive
09-30 01:59:09.209  1082  8283 V HTTP    : Content-Length: 2158
09-30 01:59:09.209  1082  8283 V HTTP    : Expect: 100-continue
09-30 01:59:09.209  1082  8283 V HTTP    : 
09-30 01:59:09.209  1082  8283 V HTTP    : HEADER_OUT_END    : 306 bytes -------------------------------------
09-30 01:59:09.459  1082  8283 V HTTP    : SSL_DATA_IN : 5 bytes
09-30 01:59:09.459  1082  8283 V HTTP    : HEADER_IN : HTTP/1.1 100 Continue
09-30 01:59:09.459  1082  8283 V HTTP    : SSL_DATA_OUT : 5 bytes
09-30 01:59:09.469  1082  8283 V HTTP    : 
09-30 01:59:09.469  1082  8283 V HTTP    : DATA_OUT_START   : 2158 bytes -------------------------------------
09-30 01:59:09.469  1082  8283 V HTTP    : <e-ML version="1.0">
09-30 01:59:09.469  1082  8283 V HTTP    : 	<Header>
09-30 01:59:09.469  1082  8283 V HTTP    : 		<Device>
09-30 01:59:09.469  1082  8283 V HTTP    : 			<DCMSupplier>LG Electronics Inc</DCMSupplier>
09-30 01:59:09.469  1082  8283 V HTTP    : 			<DCMFWVersion>TMC.19CY.NA.NAD.10e.20190918.b</DCMFWVersion>
09-30 01:59:09.469  1082  8283 V HTTP    : 			<NADFWVersion>TT04NX16</NADFWVersion>
09-30 01:59:09.469  1082  8283 V HTTP    : 			<MCUSWVersion>TMC.19CY.NA.MCU.10e.20190918.a</MCUSWVersion>
09-30 01:59:09.469  1082  8283 V HTTP    : 			<MSISDN>01049414394</MSISDN>
09-30 01:59:09.469  1082  8283 V HTTP    : 			<IMSI>450050494144726</IMSI>
09-30 01:59:09.469  1082  8283 V HTTP    : 			<IMEI>015267000012896</IMEI>
09-30 01:59:09.469  1082  8283 V HTTP    : 			<VIN>?????????????????</VIN>
09-30 01:59:09.469  1082  8283 V HTTP    : 			<ICCID>8982051508441254530</ICCID>
09-30 01:59:09.469  1082  8283 V HTTP    : 			<eUICCID></eUICCID>
09-30 01:59:09.469  1082  8283 V HTTP    : 		</Device>
09-30 01:59:09.469  1082  8283 V HTTP    : 		<Message>
09-30 01:59:09.469  1082  8283 V HTTP    : 			<Type>Report</Type>
09-30 01:59:09.469  1082  8283 V HTTP    : 			<Service>DHC</Service>
09-30 01:59:09.469  1082  8283 V HTTP    : 			<Operation>DHC</Operation>
09-30 01:59:09.469  1082  8283 V HTTP    : 		</Message>
09-30 01:59:09.469  1082  8283 V HTTP    : 		<TransmissionTimestamp>
09-30 01:59:09.469  1082  8283 V HTTP    : 			<DateTime format="UTC">20190930T015908Z</DateTime>
09-30 01:59:09.469  1082  8283 V HTTP    : 		</TransmissionTimestamp>
09-30 01:59:09.469  1082  8283 V HTTP    : 	</Header>
09-30 01:59:09.469  1082  8283 V HTTP    : 	<Body>
09-30 01:59:09.469  1082  8283 V HTTP    : 		<DHC>
09-30 01:59:09.469  1082  8283 V HTTP    : 			<EventTimestamp>
09-30 01:59:09.469  1082  8283 V HTTP    : 				<DateTime format="UTC">20190930T015908Z</DateTime>
09-30 01:59:09.469  1082  8283 V HTTP    : 			</EventTimestamp>
09-30 01:59:09.469  1082  8283 V HTTP    : 			<DCMDTCList>
09-30 01:59:09.469  1082  8283 V HTTP    : 				<DTC>B1537</DTC>
09-30 01:59:09.469  1082  8283 V HTTP    : 				<DTC>B1572</DTC>
09-30 01:59:09.469  1082  8283 V HTTP    : 				<DTC>B15C5</DTC>
09-30 01:59:09.469  1082  8283 V HTTP    : 				<DTC>B15CC</DTC>
09-30 01:59:09.469  1082  8283 V HTTP    : 			</DCMDTCList>
09-30 01:59:09.469  1082  8283 V HTTP    : 			<Provisioning>
09-30 01:59:09.469  1082  8283 V HTTP    : 				<ServiceFlags>
09-30 01:59:09.469  1082  8283 V HTTP    : 					<ServiceFlag>
09-30 01:59:09.469  1082  8283 V HTTP    : 						<Service>ACN</Service>
09-30 01:59:09.469  1082  8283 V HTTP    : 						<FlagValue>on</FlagVal
09-30 01:59:09.469  1082  8283 V HTTP    : DATA_OUT_END      : 2158 bytes -------------------------------------
09-30 01:59:09.469  1082  8283 V HTTP    : TEXT : We are completely uploaded and fine
09-30 01:59:09.799  1277  1367 D [VIFMGR_CANSIG]: validvaluesize = 28
09-30 01:59:09.799   661  1920 D [VIFMGR_HALCONF]: Send Vif Data size =28 port name=SPI from=1277
09-30 01:59:09.919   700   700 V SystemManagerTime: get time type(3)
09-30 01:59:09.919   700   900 D SystemTimeUtils: GMT Time 1:59:9 2019-9-30, (1)weeks, (272)days
09-30 01:59:09.919   700   900 D SystemTimeUtils: (3)time_type, (540)tzoffset, (0)summertime
09-30 01:59:10.009  1082  8283 V HTTP    : SSL_DATA_IN : 5 bytes
09-30 01:59:10.009  1082  8283 V HTTP    : HEADER_IN : HTTP/1.1 200 OK
09-30 01:59:10.009  1082  8283 V HTTP    : HEADER_IN : Date: Mon, 30 Sep 2019 01:59:10 GMT
09-30 01:59:10.009  1082  8283 V HTTP    : HEADER_IN : Server: Apache/2.4.27 (Amazon) OpenSSL/1.0.1e-fips PHP/5.6.30
09-30 01:59:10.009  1082  8283 V HTTP    : HEADER_IN : X-Powered-By: Express
09-30 01:59:10.009  1082  8283 V HTTP    : HEADER_IN : Content-Type: text/html; charset=utf-8
09-30 01:59:10.009  1082  8283 V HTTP    : HEADER_IN : Content-Length: 352
09-30 01:59:10.009  1082  8283 V HTTP    : HEADER_IN : ETag: W/"160-lQrFqW2lZ52Cz5eEPBh0FQ"
09-30 01:59:10.009  1082  8283 V HTTP    : HEADER_IN : Keep-Alive: timeout=240, max=43
09-30 01:59:10.009  1082  8283 V HTTP    : HEADER_IN : Connection: Keep-Alive
09-30 01:59:10.009  1082  8283 V HTTP    : HEADER_IN : 
09-30 01:59:10.009  1082  8283 V HTTP    : 
09-30 01:59:10.009  1082  8283 V HTTP    : DATA_IN       : 352 bytes -------------------------------------
09-30 01:59:10.009  1082  8283 V HTTP    : <e-ML version="1.0"><Header><Message><Type>ACK</Type><Service>DHC</Service><Operation>DHC</Operation></Message><TransmissionTimestamp><DateTime format="UTC">20190930T015908Z</DateTime></TransmissionTimestamp></Header><Body><ReportSetting><DateTime format="UTC">20190930T015938Z</DateTime><Interval unit="sec">30</Interval></ReportSetting></Body></e-ML>
09-30 01:59:10.009  1082  8283 V HTTP    : DATA_IN        : 352 bytes -------------------------------------
09-30 01:59:10.009  1082  8283 V HTTP    : TEXT : Connection #36 to host testtbox.com left intact
09-30 01:59:10.009  1082  8283 V HTTP    : HTTPTransfer::threadLoop curl_easy_perform res : 0
09-30 01:59:10.009  1082  8283 V HTTP    : HTTPTransfer::threadLoop content_length = 352.000000
09-30 01:59:10.009  1082  8283 V HTTP    : HTTPTransfer::threadLoop Data Set
09-30 01:59:10.009  1082  8283 V HTTP    : HTTPTransfer::threadLoop header_length = 323
09-30 01:59:10.009  1082  8283 V HTTP    : HTTPTransfer::threadLoop HEADER Set
09-30 01:59:10.009  1082  8283 V HTTP    : HTTPTransfer::threadLoop status_code : 200
09-30 01:59:10.009  1082  8283 V HTTP    : HTTPTransfer::isContinueClientAuth status : 0
09-30 01:59:10.009  1082  8283 V HTTP    : HTTPManagerImpl::isTSCAppType pAppType = 14, isTSC = 0
09-30 01:59:10.009  1082  8283 V HTTP    : HTTPManagerImpl::isTSCAppType pAppType = 14, isTSC = 0
09-30 01:59:10.009  1082  8283 V HTTP    : HTTPTransfer::threadLoop downData : HTTP/1.1 100 Continue
09-30 01:59:10.009  1082  8283 V HTTP    : 
09-30 01:59:10.009  1082  8283 V HTTP    : HTTP/1.1 200 OK
09-30 01:59:10.009  1082  8283 V HTTP    : Date: Mon, 30 Sep 2019 01:59:10 GMT
09-30 01:59:10.009  1082  8283 V HTTP    : Server: Apache/2.4.27 (Amazon) OpenSSL/1.0.1e-fips PHP/5.6.30
09-30 01:59:10.009  1082  8283 V HTTP    : X-Powered-By: Express
09-30 01:59:10.009  1082  8283 V HTTP    : Content-Type: text/html; charset=utf-8
09-30 01:59:10.009  1082  8283 V HTTP    : Content-Length: 352
09-30 01:59:10.009  1082  8283 V HTTP    : ETag: W/"160-lQrFqW2lZ52Cz5eEPBh0FQ"
09-30 01:59:10.009  1082  8283 V HTTP    : Keep-Alive: timeout=240, max=43
09-30 01:59:10.009  1082  8283 V HTTP    : Connection: Keep-Alive
09-30 01:59:10.009  1082  8283 V HTTP    : 
09-30 01:59:10.009  1082  8283 V HTTP    : <e-ML version="1.0"><Header><Message><Type>ACK</Type><Service>DHC</Service><Operation>DHC</Operation></Message><TransmissionTimestamp><DateTime format="UTC">20190930T015908Z</DateTime></TransmissionTimestamp></Header><Body><ReportSetting><DateTime format="UTC">20190930T015938Z</DateTime><Interval unit="sec">30</Interval></ReportSetting></Body></e-ML>
09-30 01:59:10.009  1697  1792 V DHC     : HttpReceiver::onReceive
09-30 01:59:10.009  1697  1792 V DHC:DhcHandler:: Receive response 200
09-30 01:59:10.009  1697  1792 V DHC:DhcHandler:: HTTP RESPONE 200 OK: HTTP/1.1 100 Continue
09-30 01:59:10.009  1697  1792 V DHC:DhcHandler:: 
09-30 01:59:10.009  1697  1792 V DHC:DhcHandler:: HTTP/1.1 200 OK
09-30 01:59:10.009  1697  1792 V DHC:DhcHandler:: Date: Mon, 30 Sep 2019 01:59:10 GMT
09-30 01:59:10.009  1697  1792 V DHC:DhcHandler:: Server: Apache/2.4.27 (Amazon) OpenSSL/1.0.1e-fips PHP/5.6.30
09-30 01:59:10.009  1697  1792 V DHC:DhcHandler:: X-Powered-By: Express
09-30 01:59:10.009  1697  1792 V DHC:DhcHandler:: Content-Type: text/html; charset=utf-8
09-30 01:59:10.009  1697  1792 V DHC:DhcHandler:: Content-Length: 352
09-30 01:59:10.009  1697  1792 V DHC:DhcHandler:: ETag: W/"160-lQrFqW2lZ52Cz5eEPBh0FQ"
09-30 01:59:10.009  1697  1792 V DHC:DhcHandler:: Keep-Alive: timeout=240, max=43
09-30 01:59:10.009  1697  1792 V DHC:DhcHandler:: Connection: Keep-Alive
09-30 01:59:10.009  1697  1792 V DHC:DhcHandler:: 
09-30 01:59:10.009  1697  1792 V DHC:DhcHandler:: <e-ML version="1.0"><Header><Message><Type>ACK</Type><Service>DHC</Service><Operation>DHC</Operation></Message><TransmissionTimestamp><DateTime format="UTC">20190930T015908Z</DateTime></TransmissionTimestamp></Header><Body><ReportSetting><DateTime format="UTC">20190930T015938Z</DateTime><Interval unit="sec">30</Interval></ReportSetting></Body></e-ML>
09-30 01:59:10.009  1697  1792 V DHC:DhcHandler:: TESTPOINT MARK: func:'onHttpReceived' desc:'Receive data from TSP: HTTP'
09-30 01:59:10.009  1036  1205 V EMLManagerService: EMLManagerService::DecodeEML ++
09-30 01:59:10.009  1036  1205 V EMLManagerService: DecodeEML -- messageID : 39
09-30 01:59:10.009  1036  1205 V EMLImplDecode: EMLManagerService::setReportSetting historyReport none
09-30 01:59:10.009  1036  1205 V EMLManagerService: EMLManagerService::DecodeEML --
09-30 01:59:10.009  1697  1792 V DHC:DhcHandler:: parseEml: DHC, DHC, DHC_ACK, ACK
09-30 01:59:10.009  1697  1792 V DHC:DhcHandler:: TESTPOINT MARK: func:'onHttpReceived' desc:'DHC ACK [HTTPS response 200 OK]'
09-30 01:59:10.009  1697  1792 V DHC:DhcHandler:: Send DHC-Checkin response OK
09-30 01:59:10.009   700   905 D SystemTimeUtils: GMT Time 1:59:10 2019-9-30, (1)weeks, (272)days
09-30 01:59:10.009   700   905 D SystemTimeUtils: (3)time_type, (540)tzoffset, (0)summertime
09-30 01:59:10.009  1697  1792 V DHC:Config:: currentTime 1569808750 GMT
09-30 01:59:10.009  1697  1792 V DHC:Config:: TM after get: 2019/9/30 - 1:59:10
09-30 01:59:10.019  1040  2758 V Xml_RW  : Set Data
09-30 01:59:10.019  1040  2758 V CollectInfoManagerService: [change_set_string]: change data DhcReportSettingTime to 20190930T015938Z
09-30 01:59:10.019  1040  2758 V CollectInfoManagerService: Notify to receiver DhcReportSettingTime
09-30 01:59:10.019  1040  2758 I CollectInfoManagerService: File updated include swap
09-30 01:59:10.019  1040  2758 V CollectInfoManagerService: [swapFile]:return_val 0
09-30 01:59:10.029  1697  1697 V DHC     : DHC mPropMgr.onNotifyConfigDataChanged
09-30 01:59:10.029  1697  1697 V DHC     : DHC ParamsMgr onNotifyConfigDataChanged
09-30 01:59:10.029  1697  1697 V DHC:DhcHandler:: getCurrentState(): 3
09-30 01:59:10.029  1697  1697 V DHC:DhcHandler:: else value change: DhcReportSettingTime
09-30 01:59:10.029  1697  1796 V DHC     : DHC mPropMgr.onNotifyConfigDataChanged
09-30 01:59:10.029  1697  1796 V DHC     : DHC ParamsMgr onNotifyConfigDataChanged
09-30 01:59:10.029  1697  1796 V DHC:DhcHandler:: getCurrentState(): 3
09-30 01:59:10.029  1697  1796 V DHC:DhcHandler:: else value change: DhcReportSettingTime
09-30 01:59:10.029  1697  1792 V DHC:DhcHandler:: wakeUpAlarm
09-30 01:59:10.029  1697  1792 D DHC     : getReportSettingTime
09-30 01:59:10.029  1697  1792 D DHC     : getReportInterval
09-30 01:59:10.029  1697  1792 D DHC     : getReportIntervalUnit
09-30 01:59:10.029   700  2031 D SystemTimeUtils: GMT Time 1:59:10 2019-9-30, (1)weeks, (272)days
09-30 01:59:10.029   700  2031 D SystemTimeUtils: (3)time_type, (540)tzoffset, (0)summertime
09-30 01:59:10.029  1697  1792 V DHC:Config:: currentTime 1569808750 GMT
09-30 01:59:10.029  1697  1792 V DHC:Config:: TM after get: 2019/9/30 - 1:59:10
09-30 01:59:10.029  1697  1792 V DHC:Config:: Date to convert: 20190930T015938Z
09-30 01:59:10.029  1697  1792 V DHC:Config:: TM after convert: 2019/9/30 - 1:59:38
09-30 01:59:10.029  1697  1792 V DHC:DhcHandler:: datetime checkin not expired
09-30 01:59:10.029  1697  1792 V DHC:DhcHandler:: TESTPOINT MARK: func:'setDuration' desc:'Start callback Alarm: mCheckinTimer '
09-30 01:59:10.029   680   680 E AlarmQueue: removeAlarm
09-30 01:59:10.029  1697  1792 V DHC:DhcHandler:: Alarm set 28 sec
09-30 01:59:10.029  1697  1792 I DHC:DhcApplication:: setAlarmManager mAlarmManager != NULL
09-30 01:59:10.029   680   765 I AlarmQueue: enqueueAlarm[0x7f65f248] called :0xb41007e8 whenMs:1569808778000
09-30 01:59:10.029   680   765 I AlarmQueue: enqueueAlarm : target wake ms : 1569808778000  current is NULL
09-30 01:59:10.029   680   765 I AlarmHalImpl: mdm_alarmSetAlarm
09-30 01:59:10.029   680   765 I AlarmHalImpl: rtc_fd : 9
09-30 01:59:10.029   680   765 I AlarmHalImpl: mdm_alarm_update_time
09-30 01:59:10.029   680   765 I AlarmHalImpl: rtc_fd : 9
09-30 01:59:10.029   680   765 E AlarmHalImpl: mdm_alarm_update_time : 133143986192
09-30 01:59:10.029   680   765 I AlarmQueue: enqueueAlarm do alarmSetAlarm[whenMs : 1569808778000] 
09-30 01:59:10.029  1697  1791 V DHC:DhcHandler:: MainHanlder handleMessage: 5 state: 3
09-30 01:59:10.029  1697  1791 V DHC:DhcHandler:: TESTPOINT MARK: func:'receiveDhcACK' desc:'Send data successful'
09-30 01:59:10.029  1697  1791 E DHC:DhcHandler:: Check-in DONE with response ACK
09-30 01:59:10.039  1697  1791 V DHC:DhcHandler:: lastCheckinState: 3 PROP_LAST_SEND_SUCCESS: 1
09-30 01:59:10.039  1697  1791 I DHC:DhcApplication:: setPowerLock lock=0, id=8
09-30 01:59:10.039  1017  1916 I PowerModeManagerSerivce: unDoPowerLock, id:1697 lockId:0x8
09-30 01:59:10.039  1017  1916 I PowerModeManagerSerivce: unDoPowerLock, id:1697, lockId:0x8, total lock:0x2980000000010000
09-30 01:59:10.039  1017  1151 I PowerModeManagerSerivce: checkServiceList, 0x8
09-30 01:59:10.039  1017  1151 I PowerModeManagerService: actNormalToHeadUnit - transition no
09-30 01:59:10.039  1001  1001 V ArbiterManager: End service request from 0x00800000
09-30 01:59:10.039  1001  1089 I ArbiterManager: Handle Message: 1004
09-30 01:59:10.039  1001  1089 V ArbiterManager: endServiceLocked()
09-30 01:59:10.039  1001  1089 I ArbiterManager: app-service  DHC is removed
09-30 01:59:10.039  1697  1697 V         : onServiceStatusRequested: 102
09-30 01:59:10.039  1697  1697 V DHC:DhcHandler:: Receive onRequestChangeSignal
09-30 01:59:10.039  1001  1089 V ArbiterManager: binderConnected(), conn: 0, select: 1
09-30 01:59:10.039  1001  1089 I ArbiterManager: notifyToReceiver(), CurrntProgressService: 0x00010000
09-30 01:59:10.039  1064  1216 V HMIManagerService: --ArbiterServiceStatusChanged--newStatus = 0x00010000
09-30 01:59:10.039  1031  1185 I TetherManagerService: ArbiterReceiver::onServiceStatusChanged 0x00010000
09-30 01:59:10.039  1277  1277 V NWCommunicatorService: [onServiceStatusChanged]
09-30 01:59:10.039  1277  1277 I NWCommunicatorService: newStatus : 0x00010000, getACNSOSstarted() = 0x00000000
09-30 01:59:10.039  1026  1026 V RemoteManager: RemoteManagerService::onServiceStatusChanged() ++
09-30 01:59:10.039  1697  1796 V         : onServiceStatusChanged: 65536
09-30 01:59:10.039  1697  1796 V DHC:DhcHandler:: Receive onStatusChangeSignal
09-30 01:59:10.039  1682  1811 V SOS:AppBizMainHdl: --onServiceStatusChanged--newStatus = 0x00010000
09-30 01:59:10.039  1697  1791 V DHC:DhcHandler:: handleMessage: 5 DONE
09-30 01:59:10.039  1697  1791 V DHC:DhcHandler:: MainHanlder handleMessage: 23 state: 3
09-30 01:59:10.039  1697  1791 V DHC:DhcHandler:: Terminal service
09-30 01:59:10.039  1697  1791 V DHC:DhcApplication:: Change app state to: 1
09-30 01:59:10.039  1697  1791 V DHC:DhcHandler:: TERMINATE DHC itself
09-30 01:59:10.039  1697  1791 V DHC:DhcHandler:: handleMessage: 23 DONE
09-30 01:59:10.039  1697  1791 V DHC:DhcHandler:: MainHanlder handleMessage: 22 state: 1
09-30 01:59:10.039  1697  1791 V DHC:DhcHandler:: arbiter state changed : 0x00800000 
09-30 01:59:10.039  1697  1791 V DHC:DhcHandler:: handleMessage: 22 DONE
09-30 01:59:10.039  1692  1806 V ACN:AppBizMainHdl: --onServiceStatusChanged--newStatus=0x00010000
09-30 01:59:10.039  1692  1801 V ACN:AppBizMainHdl: [handleMessage]: 2003
09-30 01:59:10.039  1681  1749 V SVT:SvtHandler: MainHanlder handleMessage: 112 state: 0
09-30 01:59:10.039   991  1209 V FOTAManagerService: onArbiterServiceStatusChanged - newStatus = 0x10000
09-30 01:59:10.039   991  1209 V FOTAManagerService: onArbiterServiceStatusChanged - FOTA service doesn't have to be stopped.
09-30 01:59:10.039   991  1209 V FOTAManagerService: sendMessageAsClient - buf = CMD_DEV_IDLE_STATUS;1
09-30 01:59:10.039   991  1209 V FOTAManagerService: FOTAManagerService::transmissionMessage - start
09-30 01:59:10.039   991  1209 V FOTAManagerService: transmissionMessage write start
09-30 01:59:10.049   991  1209 V FOTAManagerService: getProcessID - getProcessID(FOTA_RESTDM) :Found. id = 2310
09-30 01:59:10.049  1082  8283 V HTTP    : HTTPTransfer::threadLoop --
09-30 01:59:10.049  1082  8283 V HTTP    : HTTPTransfer::~HTTPTransfer ++
09-30 01:59:10.049  1082  8283 V HTTP    : HTTPTransfer::transferClean ++
09-30 01:59:10.049  1082  8283 V HTTP    : HTTPTransfer::transferClean mStopFlag is False
09-30 01:59:10.049  1082  8283 V HTTP    : HTTPManagerImpl::delTransfer ++
09-30 01:59:10.049  1082  8283 V HTTP    : [sendRoBDataToDiagService] rob data not found
09-30 01:59:10.049  1082  8283 V HTTP    : HTTPManagerImpl::delTransfer success
09-30 01:59:10.049  1082  8283 V HTTP    : HTTPTransfer::transferClean Delete Header Ostream
09-30 01:59:10.049  1082  8283 V HTTP    : HTTPTransfer::transferClean Delete Data Ostream
09-30 01:59:10.049  1082  8283 V HTTP    : HTTPTransfer::transferClean HeaderList Free
09-30 01:59:10.049  1082  8283 V HTTP    : HTTPTransfer::transferClean --
09-30 01:59:10.049  1082  8283 V HTTP    : HTTPManagerImpl::isSending ++
09-30 01:59:10.049  1082  8283 V HTTP    : HTTPManagerImpl::isSending pAppType same SKIP!
09-30 01:59:10.049  1082  8283 V HTTP    : HTTPManagerImpl::isSending --
09-30 01:59:10.049  1082  8283 V HTTP    : HTTPTransfer::~HTTPTransfer isSending is false change to IDLE_STATUS
09-30 01:59:10.049  1277  1373 V NWCommunicatorService: [onHttpReceive], status : 0
09-30 01:59:10.049  1277  1367 D NWCommunicatorService: [sendRSECANFrame]
09-30 01:59:10.049  1277  1367 W NWCommunicatorService: [sendRSECANFrame] m_CANPF is Zero
09-30 01:59:10.049  1082  8283 V HTTP    : HTTPTransfer::~HTTPTransfer status is : 3
09-30 01:59:10.049  1082  8283 V HTTP    : HTTPTransfer::~HTTPTransfer --
09-30 01:59:10.049  1040  1040 D CollectInfoManagerService: !!!!! check collect debug id = 0x00000052, name = ElectronicPlatform, value 0
09-30 01:59:10.049  1277  1367 E NWCommunicatorService: [sendRSECANFrame] name:ElectronicPlatform, m_CANPF:0
09-30 01:59:10.049   991  1209 V FOTAManagerService: FOTAManagerService::transmissionMessage - finish
09-30 01:59:10.099  1026  1258 D RmtScheduleHdl: Receive message: MSG_SEND_SCHED_URL
09-30 01:59:10.099  1026  1258 V RemoteManager: RemoteManagerService::isContractProcess (true)
09-30 01:59:10.099  1026  1258 V RmtScheduleHdl: Contract Is Processing.. retry after 1sec
09-30 01:59:10.139  1701  2030 D [VIFMGR_CANSIG]: validvaluesize = 28
09-30 01:59:10.139   661  1925 D [VIFMGR_HALCONF]: Send Vif Data size =28 port name=SPI from=1701
09-30 01:59:10.149  1701  2030 D [VIFMGR_CANSIG]: validvaluesize = 28
09-30 01:59:10.149   661   661 D [VIFMGR_HALCONF]: Send Vif Data size =28 port name=SPI from=1701
09-30 01:59:10.159  1701  2030 D [VIFMGR_CANSIG]: validvaluesize = 28
09-30 01:59:10.159   661   891 D [VIFMGR_HALCONF]: Send Vif Data size =28 port name=SPI from=1701
09-30 01:59:10.539  1697  1791 V DHC:DhcHandler:: MainHanlder handleMessage: 24 state: 1
09-30 01:59:10.539  1697  1791 V DHC:DhcHandler:: startDhcBySMSQueue
09-30 01:59:10.539  1697  1791 V DHC:DhcHandler:: --startDhcBySMSQueue--shouldertab queue is empty
09-30 01:59:10.539  1697  1791 V DHC:DhcHandler:: handleMessage: 24 DONE
09-30 01:59:10.909   700   900 V SystemManagerTime: get time type(3)
09-30 01:59:10.909   700  2031 D SystemTimeUtils: GMT Time 1:59:10 2019-9-30, (1)weeks, (272)days
09-30 01:59:10.909   700  2031 D SystemTimeUtils: (3)time_type, (540)tzoffset, (0)summertime
09-30 01:59:11.099  1026  1258 D RmtScheduleHdl: Receive message: MSG_SEND_SCHED_URL
09-30 01:59:11.099  1026  1258 V RemoteManager: RemoteManagerService::isContractProcess (true)
09-30 01:59:11.099  1026  1258 V RmtScheduleHdl: Contract Is Processing.. retry after 1sec
09-30 01:59:11.169  1701  2030 D [VIFMGR_CANSIG]: validvaluesize = 28
09-30 01:59:11.169   661  1917 D [VIFMGR_HALCONF]: Send Vif Data size =28 port name=SPI from=1701
09-30 01:59:11.179  1701  2030 D [VIFMGR_CANSIG]: validvaluesize = 28
09-30 01:59:11.179   661   899 D [VIFMGR_HALCONF]: Send Vif Data size =28 port name=SPI from=1701
09-30 01:59:11.189  1701  2030 D [VIFMGR_CANSIG]: validvaluesize = 28
09-30 01:59:11.189   661  1920 D [VIFMGR_HALCONF]: Send Vif Data size =28 port name=SPI from=1701
09-30 01:59:11.919   700   905 V SystemManagerTime: get time type(3)
09-30 01:59:11.919   700   700 D SystemTimeUtils: GMT Time 1:59:11 2019-9-30, (1)weeks, (272)days
09-30 01:59:11.919   700   700 D SystemTimeUtils: (3)time_type, (540)tzoffset, (0)summertime
09-30 01:59:12.099  1026  1258 D RmtScheduleHdl: Receive message: MSG_SEND_SCHED_URL
09-30 01:59:12.099  1026  1258 V RemoteManager: RemoteManagerService::isContractProcess (true)
09-30 01:59:12.099  1026  1258 V RmtScheduleHdl: Contract Is Processing.. retry after 1sec
09-30 01:59:12.199  1701  2030 D [VIFMGR_CANSIG]: validvaluesize = 28
09-30 01:59:12.199   661  1925 D [VIFMGR_HALCONF]: Send Vif Data size =28 port name=SPI from=1701
09-30 01:59:12.209  1701  2030 D [VIFMGR_CANSIG]: validvaluesize = 28
09-30 01:59:12.209   661   661 D [VIFMGR_HALCONF]: Send Vif Data size =28 port name=SPI from=1701
09-30 01:59:12.219  1701  2030 D [VIFMGR_CANSIG]: validvaluesize = 28
09-30 01:59:12.219   661   891 D [VIFMGR_HALCONF]: Send Vif Data size =28 port name=SPI from=1701
09-30 01:59:12.909   700   900 V SystemManagerTime: get time type(3)
09-30 01:59:12.909   700   700 D SystemTimeUtils: GMT Time 1:59:12 2019-9-30, (1)weeks, (272)days
09-30 01:59:12.909   700   700 D SystemTimeUtils: (3)time_type, (540)tzoffset, (0)summertime
09-30 01:59:13.099  1026  1258 D RmtScheduleHdl: Receive message: MSG_SEND_SCHED_URL
09-30 01:59:13.099  1026  1258 V RemoteManager: RemoteManagerService::isContractProcess (true)
09-30 01:59:13.099  1026  1258 V RmtScheduleHdl: Contract Is Processing.. retry after 1sec
09-30 01:59:13.229  1701  2030 D [VIFMGR_CANSIG]: validvaluesize = 28
09-30 01:59:13.229   661  1917 D [VIFMGR_HALCONF]: Send Vif Data size =28 port name=SPI from=1701
09-30 01:59:13.239  1701  2030 D [VIFMGR_CANSIG]: validvaluesize = 28
09-30 01:59:13.239   661   899 D [VIFMGR_HALCONF]: Send Vif Data size =28 port name=SPI from=1701
09-30 01:59:13.249  1701  2030 D [VIFMGR_CANSIG]: validvaluesize = 28
09-30 01:59:13.249   661  1920 D [VIFMGR_HALCONF]: Send Vif Data size =28 port name=SPI from=1701
09-30 01:59:13.599  1001  1089 I ArbiterManager: Handle Message: 1005
09-30 01:59:13.909   700   905 V SystemManagerTime: get time type(3)
09-30 01:59:13.909   700  2031 D SystemTimeUtils: GMT Time 1:59:13 2019-9-30, (1)weeks, (272)days
09-30 01:59:13.909   700  2031 D SystemTimeUtils: (3)time_type, (540)tzoffset, (0)summertime
09-30 01:59:14.099  1026  1258 D RmtScheduleHdl: Receive message: MSG_SEND_SCHED_URL
09-30 01:59:14.099  1026  1258 V RemoteManager: RemoteManagerService::isContractProcess (true)
09-30 01:59:14.099  1026  1258 V RmtScheduleHdl: Contract Is Processing.. retry after 1sec
09-30 01:59:14.259  1701  2030 D [VIFMGR_CANSIG]: validvaluesize = 28
09-30 01:59:14.259   661  1925 D [VIFMGR_HALCONF]: Send Vif Data size =28 port name=SPI from=1701
09-30 01:59:14.269  1701  2030 D [VIFMGR_CANSIG]: validvaluesize = 28
09-30 01:59:14.269   661   661 D [VIFMGR_HALCONF]: Send Vif Data size =28 port name=SPI from=1701
09-30 01:59:14.269  1701  2030 D [VIFMGR_CANSIG]: validvaluesize = 28
09-30 01:59:14.279   661   891 D [VIFMGR_HALCONF]: Send Vif Data size =28 port name=SPI from=1701
09-30 01:59:14.799  1277  1367 D [VIFMGR_CANSIG]: validvaluesize = 28
09-30 01:59:14.799   661  1917 D [VIFMGR_HALCONF]: Send Vif Data size =28 port name=SPI from=1277
09-30 01:59:14.919   700   900 V SystemManagerTime: get time type(3)
09-30 01:59:14.919   700   700 D SystemTimeUtils: GMT Time 1:59:14 2019-9-30, (1)weeks, (272)days
09-30 01:59:14.919   700   700 D SystemTimeUtils: (3)time_type, (540)tzoffset, (0)summertime
09-30 01:59:15.069  1100  1218 D DLoadBinManagerService: handleMessage, 1000
09-30 01:59:15.099  1026  1258 D RmtScheduleHdl: Receive message: MSG_SEND_SCHED_URL
09-30 01:59:15.099  1026  1258 V RemoteManager: RemoteManagerService::isContractProcess (true)
09-30 01:59:15.099  1026  1258 V RmtScheduleHdl: Contract Is Processing.. retry after 1sec
09-30 01:59:15.279  1701  2030 D [VIFMGR_CANSIG]: validvaluesize = 28
09-30 01:59:15.289   661   899 D [VIFMGR_HALCONF]: Send Vif Data size =28 port name=SPI from=1701
09-30 01:59:15.299  1701  2030 D [VIFMGR_CANSIG]: validvaluesize = 28
09-30 01:59:15.299   661  1920 D [VIFMGR_HALCONF]: Send Vif Data size =28 port name=SPI from=1701
09-30 01:59:15.299  1701  2030 D [VIFMGR_CANSIG]: validvaluesize = 28
09-30 01:59:15.309   661  1925 D [VIFMGR_HALCONF]: Send Vif Data size =28 port name=SPI from=1701
09-30 01:59:15.909   700   905 V SystemManagerTime: get time type(3)
09-30 01:59:15.909   700   700 D SystemTimeUtils: GMT Time 1:59:15 2019-9-30, (1)weeks, (272)days
09-30 01:59:15.909   700   700 D SystemTimeUtils: (3)time_type, (540)tzoffset, (0)summertime
09-30 01:59:16.099  1026  1258 D RmtScheduleHdl: Receive message: MSG_SEND_SCHED_URL
09-30 01:59:16.099  1026  1258 V RemoteManager: RemoteManagerService::isContractProcess (true)
09-30 01:59:16.099  1026  1258 V RmtScheduleHdl: Contract Is Processing.. retry after 1sec
09-30 01:59:16.319  1701  2030 D [VIFMGR_CANSIG]: validvaluesize = 28
09-30 01:59:16.319   661   661 D [VIFMGR_HALCONF]: Send Vif Data size =28 port name=SPI from=1701
09-30 01:59:16.319  1701  2030 D [VIFMGR_CANSIG]: validvaluesize = 28
09-30 01:59:16.319   661   891 D [VIFMGR_HALCONF]: Send Vif Data size =28 port name=SPI from=1701
09-30 01:59:16.329  1701  2030 D [VIFMGR_CANSIG]: validvaluesize = 28
09-30 01:59:16.329   661  1917 D [VIFMGR_HALCONF]: Send Vif Data size =28 port name=SPI from=1701
09-30 01:59:16.909   700   900 V SystemManagerTime: get time type(3)
09-30 01:59:16.909   700  2031 D SystemTimeUtils: GMT Time 1:59:16 2019-9-30, (1)weeks, (272)days
09-30 01:59:16.909   700  2031 D SystemTimeUtils: (3)time_type, (540)tzoffset, (0)summertime
09-30 01:59:16.909   640   640 V LocationManagerService: acquireLocationInfo (113610) times : ReceiverSize(5) Lat(37.554368) Long(126.644951) Time(1569808756000)
09-30 01:59:17.099  1026  1258 D RmtScheduleHdl: Receive message: MSG_SEND_SCHED_URL
09-30 01:59:17.099  1026  1258 V RemoteManager: RemoteManagerService::isContractProcess (true)
09-30 01:59:17.099  1026  1258 V RmtScheduleHdl: Contract Is Processing.. retry after 1sec
09-30 01:59:17.339  1701  2030 D [VIFMGR_CANSIG]: validvaluesize = 28
09-30 01:59:17.339   661   899 D [VIFMGR_HALCONF]: Send Vif Data size =28 port name=SPI from=1701
09-30 01:59:17.359  1701  2030 D [VIFMGR_CANSIG]: validvaluesize = 28
09-30 01:59:17.359   661  1920 D [VIFMGR_HALCONF]: Send Vif Data size =28 port name=SPI from=1701
09-30 01:59:17.359  1701  2030 D [VIFMGR_CANSIG]: validvaluesize = 28
09-30 01:59:17.359   661  1925 D [VIFMGR_HALCONF]: Send Vif Data size =28 port name=SPI from=1701
09-30 01:59:17.909   700   905 V SystemManagerTime: get time type(3)
09-30 01:59:17.909   700   700 D SystemTimeUtils: GMT Time 1:59:17 2019-9-30, (1)weeks, (272)days
09-30 01:59:17.909   700   700 D SystemTimeUtils: (3)time_type, (540)tzoffset, (0)summertime
09-30 01:59:18.099  1026  1258 D RmtScheduleHdl: Receive message: MSG_SEND_SCHED_URL
09-30 01:59:18.099  1026  1258 V RemoteManager: RemoteManagerService::isContractProcess (true)
09-30 01:59:18.099  1026  1258 V RmtScheduleHdl: Contract Is Processing.. retry after 1sec
09-30 01:59:18.369  1701  2030 D [VIFMGR_CANSIG]: validvaluesize = 28
09-30 01:59:18.369   661   661 D [VIFMGR_HALCONF]: Send Vif Data size =28 port name=SPI from=1701
09-30 01:59:18.379  1701  2030 D [VIFMGR_CANSIG]: validvaluesize = 28
09-30 01:59:18.379   661   891 D [VIFMGR_HALCONF]: Send Vif Data size =28 port name=SPI from=1701
09-30 01:59:18.389  1701  2030 D [VIFMGR_CANSIG]: validvaluesize = 28
09-30 01:59:18.389   661  1917 D [VIFMGR_HALCONF]: Send Vif Data size =28 port name=SPI from=1701
09-30 01:59:18.659   640   822 V LocationManagerService: setRecentLocationN1 [ duration : 16 ] 
09-30 01:59:18.909   700   900 V SystemManagerTime: get time type(3)
09-30 01:59:18.909   700   700 D SystemTimeUtils: GMT Time 1:59:18 2019-9-30, (1)weeks, (272)days
09-30 01:59:18.909   700   700 D SystemTimeUtils: (3)time_type, (540)tzoffset, (0)summertime
09-30 01:59:19.099  1026  1258 D RmtScheduleHdl: Receive message: MSG_SEND_SCHED_URL
09-30 01:59:19.099  1026  1258 V RemoteManager: RemoteManagerService::isContractProcess (true)
09-30 01:59:19.099  1026  1258 V RmtScheduleHdl: Contract Is Processing.. retry after 1sec
09-30 01:59:19.399  1701  2030 D [VIFMGR_CANSIG]: validvaluesize = 28
09-30 01:59:19.399   661   899 D [VIFMGR_HALCONF]: Send Vif Data size =28 port name=SPI from=1701
09-30 01:59:19.409  1701  2030 D [VIFMGR_CANSIG]: validvaluesize = 28
09-30 01:59:19.409   661  1920 D [VIFMGR_HALCONF]: Send Vif Data size =28 port name=SPI from=1701
09-30 01:59:19.419  1701  2030 D [VIFMGR_CANSIG]: validvaluesize = 28
09-30 01:59:19.419   661  1925 D [VIFMGR_HALCONF]: Send Vif Data size =28 port name=SPI from=1701
09-30 01:59:19.799  1277  1367 D [VIFMGR_CANSIG]: validvaluesize = 28
09-30 01:59:19.799   661   661 D [VIFMGR_HALCONF]: Send Vif Data size =28 port name=SPI from=1277
09-30 01:59:19.909   700   905 V SystemManagerTime: get time type(3)
09-30 01:59:19.909   700  2031 D SystemTimeUtils: GMT Time 1:59:19 2019-9-30, (1)weeks, (272)days
09-30 01:59:19.909   700  2031 D SystemTimeUtils: (3)time_type, (540)tzoffset, (0)summertime
09-30 01:59:20.099  1026  1258 D RmtScheduleHdl: Receive message: MSG_SEND_SCHED_URL
09-30 01:59:20.099  1026  1258 V RemoteManager: RemoteManagerService::isContractProcess (true)
09-30 01:59:20.099  1026  1258 V RmtScheduleHdl: Contract Is Processing.. retry after 1sec
09-30 01:59:20.429  1701  2030 D [VIFMGR_CANSIG]: validvaluesize = 28
09-30 01:59:20.429   661   891 D [VIFMGR_HALCONF]: Send Vif Data size =28 port name=SPI from=1701
09-30 01:59:20.439  1701  2030 D [VIFMGR_CANSIG]: validvaluesize = 28
09-30 01:59:20.439   661  1917 D [VIFMGR_HALCONF]: Send Vif Data size =28 port name=SPI from=1701
09-30 01:59:20.449  1701  2030 D [VIFMGR_CANSIG]: validvaluesize = 28
09-30 01:59:20.449   661   899 D [VIFMGR_HALCONF]: Send Vif Data size =28 port name=SPI from=1701
09-30 01:59:20.739   640  8368 V LocationManagerService: reportLocSrvStatus with interval(30) sec : Started(1) Fixed(1) Latitude(37.55436833000000) Logitude(126.64495094999999) TimeStamp(1569808759000)
09-30 01:59:20.909   700   900 V SystemManagerTime: get time type(3)
09-30 01:59:20.909   700   700 D SystemTimeUtils: GMT Time 1:59:20 2019-9-30, (1)weeks, (272)days
09-30 01:59:20.909   700   700 D SystemTimeUtils: (3)time_type, (540)tzoffset, (0)summertime
09-30 01:59:21.099  1026  1258 D RmtScheduleHdl: Receive message: MSG_SEND_SCHED_URL
09-30 01:59:21.099  1026  1258 V RemoteManager: RemoteManagerService::isContractProcess (true)
09-30 01:59:21.099  1026  1258 V RmtScheduleHdl: Contract Is Processing.. retry after 1sec
09-30 01:59:21.459  1701  2030 D [VIFMGR_CANSIG]: validvaluesize = 28
09-30 01:59:21.459   661  1920 D [VIFMGR_HALCONF]: Send Vif Data size =28 port name=SPI from=1701
09-30 01:59:21.469  1701  2030 D [VIFMGR_CANSIG]: validvaluesize = 28
09-30 01:59:21.469   661  1925 D [VIFMGR_HALCONF]: Send Vif Data size =28 port name=SPI from=1701
09-30 01:59:21.479  1701  2030 D [VIFMGR_CANSIG]: validvaluesize = 28
09-30 01:59:21.479   661   661 D [VIFMGR_HALCONF]: Send Vif Data size =28 port name=SPI from=1701
09-30 01:59:21.909   700   905 V SystemManagerTime: get time type(3)
09-30 01:59:21.909   700  2031 D SystemTimeUtils: GMT Time 1:59:21 2019-9-30, (1)weeks, (272)days
09-30 01:59:21.909   700  2031 D SystemTimeUtils: (3)time_type, (540)tzoffset, (0)summertime
09-30 01:59:22.109  1026  1258 D RmtScheduleHdl: Receive message: MSG_SEND_SCHED_URL
09-30 01:59:22.109  1026  1258 V RemoteManager: RemoteManagerService::isContractProcess (true)
09-30 01:59:22.109  1026  1258 V RmtScheduleHdl: Contract Is Processing.. retry after 1sec
09-30 01:59:22.479  1701  2030 D [VIFMGR_CANSIG]: validvaluesize = 28
09-30 01:59:22.479   661   891 D [VIFMGR_HALCONF]: Send Vif Data size =28 port name=SPI from=1701
09-30 01:59:22.499  1701  2030 D [VIFMGR_CANSIG]: validvaluesize = 28
09-30 01:59:22.499   661  1917 D [VIFMGR_HALCONF]: Send Vif Data size =28 port name=SPI from=1701
09-30 01:59:22.499  1701  2030 D [VIFMGR_CANSIG]: validvaluesize = 28
09-30 01:59:22.499   661   899 D [VIFMGR_HALCONF]: Send Vif Data size =28 port name=SPI from=1701
09-30 01:59:22.909   700   900 V SystemManagerTime: get time type(3)
