09-30 01:57:37.909   700  2031 D SystemTimeUtils: GMT Time 1:57:37 2019-9-30, (1)weeks, (272)days
09-30 01:57:37.909   700  2031 D SystemTimeUtils: (3)time_type, (540)tzoffset, (0)summertime
09-30 01:57:37.909  1012  1142 D [VIFMGR_CANSIG]: validvaluesize = 28
09-30 01:57:37.909   661   891 D [VIFMGR_HALCONF]: Send Vif Data size =28 port name=SPI from=1012
09-30 01:57:38.059  1026  1258 D RmtScheduleHdl: Receive message: MSG_SEND_SCHED_URL
09-30 01:57:38.059  1026  1258 V RemoteManager: RemoteManagerService::isContractProcess (true)
09-30 01:57:38.059  1026  1258 V RmtScheduleHdl: Contract Is Processing.. retry after 1sec
09-30 01:57:38.129  1082  7581 V HTTP    : SSL_DATA_IN : 5 bytes
09-30 01:57:38.129  1082  7581 V HTTP    : HEADER_IN : HTTP/1.1 200 OK
09-30 01:57:38.129  1082  7581 V HTTP    : HEADER_IN : Date: Mon, 30 Sep 2019 01:57:38 GMT
09-30 01:57:38.129  1082  7581 V HTTP    : HEADER_IN : Server: Apache/2.4.27 (Amazon) OpenSSL/1.0.1e-fips PHP/5.6.30
09-30 01:57:38.129  1082  7581 V HTTP    : HEADER_IN : X-Powered-By: Express
09-30 01:57:38.129  1082  7581 V HTTP    : HEADER_IN : Content-Type: text/html; charset=utf-8
09-30 01:57:38.129  1082  7581 V HTTP    : HEADER_IN : Content-Length: 352
09-30 01:57:38.129  1082  7581 V HTTP    : HEADER_IN : ETag: W/"160-5FKW+jA6lFrBVs9CyFCT7g"
09-30 01:57:38.129  1082  7581 V HTTP    : HEADER_IN : Keep-Alive: timeout=240, max=46
09-30 01:57:38.129  1082  7581 V HTTP    : HEADER_IN : Connection: Keep-Alive
09-30 01:57:38.129  1082  7581 V HTTP    : HEADER_IN : 
09-30 01:57:38.129  1082  7581 V HTTP    : 
09-30 01:57:38.129  1082  7581 V HTTP    : DATA_IN       : 352 bytes -------------------------------------
09-30 01:57:38.129  1082  7581 V HTTP    : <e-ML version="1.0"><Header><Message><Type>ACK</Type><Service>DHC</Service><Operation>DHC</Operation></Message><TransmissionTimestamp><DateTime format="UTC">20190930T015736Z</DateTime></TransmissionTimestamp></Header><Body><ReportSetting><DateTime format="UTC">20190930T015806Z</DateTime><Interval unit="sec">30</Interval></ReportSetting></Body></e-ML>
09-30 01:57:38.129  1082  7581 V HTTP    : DATA_IN        : 352 bytes -------------------------------------
09-30 01:57:38.129  1082  7581 V HTTP    : TEXT : Connection #36 to host testtbox.com left intact
09-30 01:57:38.129  1082  7581 V HTTP    : HTTPTransfer::threadLoop curl_easy_perform res : 0
09-30 01:57:38.129  1082  7581 V HTTP    : HTTPTransfer::threadLoop content_length = 352.000000
09-30 01:57:38.129  1082  7581 V HTTP    : HTTPTransfer::threadLoop Data Set
09-30 01:57:38.129  1082  7581 V HTTP    : HTTPTransfer::threadLoop header_length = 323
09-30 01:57:38.129  1082  7581 V HTTP    : HTTPTransfer::threadLoop HEADER Set
09-30 01:57:38.129  1082  7581 V HTTP    : HTTPTransfer::threadLoop status_code : 200
09-30 01:57:38.129  1082  7581 V HTTP    : HTTPTransfer::isContinueClientAuth status : 0
09-30 01:57:38.129  1082  7581 V HTTP    : HTTPManagerImpl::isTSCAppType pAppType = 14, isTSC = 0
09-30 01:57:38.129  1082  7581 V HTTP    : HTTPManagerImpl::isTSCAppType pAppType = 14, isTSC = 0
09-30 01:57:38.129  1082  7581 V HTTP    : HTTPTransfer::threadLoop downData : HTTP/1.1 100 Continue
09-30 01:57:38.129  1082  7581 V HTTP    : 
09-30 01:57:38.129  1082  7581 V HTTP    : HTTP/1.1 200 OK
09-30 01:57:38.129  1082  7581 V HTTP    : Date: Mon, 30 Sep 2019 01:57:38 GMT
09-30 01:57:38.129  1082  7581 V HTTP    : Server: Apache/2.4.27 (Amazon) OpenSSL/1.0.1e-fips PHP/5.6.30
09-30 01:57:38.129  1082  7581 V HTTP    : X-Powered-By: Express
09-30 01:57:38.129  1082  7581 V HTTP    : Content-Type: text/html; charset=utf-8
09-30 01:57:38.129  1082  7581 V HTTP    : Content-Length: 352
09-30 01:57:38.129  1082  7581 V HTTP    : ETag: W/"160-5FKW+jA6lFrBVs9CyFCT7g"
09-30 01:57:38.129  1082  7581 V HTTP    : Keep-Alive: timeout=240, max=46
09-30 01:57:38.129  1082  7581 V HTTP    : Connection: Keep-Alive
09-30 01:57:38.129  1082  7581 V HTTP    : 
09-30 01:57:38.129  1082  7581 V HTTP    : <e-ML version="1.0"><Header><Message><Type>ACK</Type><Service>DHC</Service><Operation>DHC</Operation></Message><TransmissionTimestamp><DateTime format="UTC">20190930T015736Z</DateTime></TransmissionTimestamp></Header><Body><ReportSetting><DateTime format="UTC">20190930T015806Z</DateTime><Interval unit="sec">30</Interval></ReportSetting></Body></e-ML>
09-30 01:57:38.129  1697  1792 V DHC     : HttpReceiver::onReceive
09-30 01:57:38.129  1697  1792 V DHC:DhcHandler:: Receive response 200
09-30 01:57:38.129  1697  1792 V DHC:DhcHandler:: HTTP RESPONE 200 OK: HTTP/1.1 100 Continue
09-30 01:57:38.129  1697  1792 V DHC:DhcHandler:: 
09-30 01:57:38.129  1697  1792 V DHC:DhcHandler:: HTTP/1.1 200 OK
09-30 01:57:38.129  1697  1792 V DHC:DhcHandler:: Date: Mon, 30 Sep 2019 01:57:38 GMT
09-30 01:57:38.129  1697  1792 V DHC:DhcHandler:: Server: Apache/2.4.27 (Amazon) OpenSSL/1.0.1e-fips PHP/5.6.30
09-30 01:57:38.129  1697  1792 V DHC:DhcHandler:: X-Powered-By: Express
09-30 01:57:38.129  1697  1792 V DHC:DhcHandler:: Content-Type: text/html; charset=utf-8
09-30 01:57:38.129  1697  1792 V DHC:DhcHandler:: Content-Length: 352
09-30 01:57:38.129  1697  1792 V DHC:DhcHandler:: ETag: W/"160-5FKW+jA6lFrBVs9CyFCT7g"
09-30 01:57:38.129  1697  1792 V DHC:DhcHandler:: Keep-Alive: timeout=240, max=46
09-30 01:57:38.129  1697  1792 V DHC:DhcHandler:: Connection: Keep-Alive
09-30 01:57:38.129  1697  1792 V DHC:DhcHandler:: 
09-30 01:57:38.129  1697  1792 V DHC:DhcHandler:: <e-ML version="1.0"><Header><Message><Type>ACK</Type><Service>DHC</Service><Operation>DHC</Operation></Message><TransmissionTimestamp><DateTime format="UTC">20190930T015736Z</DateTime></TransmissionTimestamp></Header><Body><ReportSetting><DateTime format="UTC">20190930T015806Z</DateTime><Interval unit="sec">30</Interval></ReportSetting></Body></e-ML>
09-30 01:57:38.129  1697  1792 V DHC:DhcHandler:: TESTPOINT MARK: func:'onHttpReceived' desc:'Receive data from TSP: HTTP'
09-30 01:57:38.129  1036  1036 V EMLManagerService: EMLManagerService::DecodeEML ++
09-30 01:57:38.129  1036  1036 V EMLManagerService: DecodeEML -- messageID : 39
09-30 01:57:38.129  1036  1036 V EMLImplDecode: EMLManagerService::setReportSetting historyReport none
09-30 01:57:38.129  1036  1036 V EMLManagerService: EMLManagerService::DecodeEML --
09-30 01:57:38.129  1697  1792 V DHC:DhcHandler:: parseEml: DHC, DHC, DHC_ACK, ACK
09-30 01:57:38.139  1697  1792 V DHC:DhcHandler:: TESTPOINT MARK: func:'onHttpReceived' desc:'DHC ACK [HTTPS response 200 OK]'
09-30 01:57:38.139  1697  1792 V DHC:DhcHandler:: Send DHC-Checkin response OK
09-30 01:57:38.139   700   700 D SystemTimeUtils: GMT Time 1:57:38 2019-9-30, (1)weeks, (272)days
09-30 01:57:38.139   700   700 D SystemTimeUtils: (3)time_type, (540)tzoffset, (0)summertime
09-30 01:57:38.139  1697  1792 V DHC:Config:: currentTime 1569808658 GMT
09-30 01:57:38.139  1697  1792 V DHC:Config:: TM after get: 2019/9/30 - 1:57:38
09-30 01:57:38.139  1040  2758 V Xml_RW  : Set Data
09-30 01:57:38.139  1040  2758 V CollectInfoManagerService: [change_set_string]: change data DhcReportSettingTime to 20190930T015806Z
09-30 01:57:38.139  1040  2758 V CollectInfoManagerService: Notify to receiver DhcReportSettingTime
09-30 01:57:38.149  1697  1697 V DHC     : DHC mPropMgr.onNotifyConfigDataChanged
09-30 01:57:38.149  1697  1697 V DHC     : DHC ParamsMgr onNotifyConfigDataChanged
09-30 01:57:38.149  1697  1697 V DHC:DhcHandler:: getCurrentState(): 3
09-30 01:57:38.149  1697  1697 V DHC:DhcHandler:: else value change: DhcReportSettingTime
09-30 01:57:38.149  1697  1796 V DHC     : DHC mPropMgr.onNotifyConfigDataChanged
09-30 01:57:38.149  1697  1796 V DHC     : DHC ParamsMgr onNotifyConfigDataChanged
09-30 01:57:38.149  1697  1796 V DHC:DhcHandler:: getCurrentState(): 3
09-30 01:57:38.149  1697  1796 V DHC:DhcHandler:: else value change: DhcReportSettingTime
09-30 01:57:38.149  1040  2758 I CollectInfoManagerService: File updated include swap
09-30 01:57:38.149  1040  2758 V CollectInfoManagerService: [swapFile]:return_val 0
09-30 01:57:38.149  1697  1792 V DHC:DhcHandler:: wakeUpAlarm
09-30 01:57:38.149  1697  1792 D DHC     : getReportSettingTime
09-30 01:57:38.149  1697  1792 D DHC     : getReportInterval
09-30 01:57:38.149  1697  1792 D DHC     : getReportIntervalUnit
09-30 01:57:38.149   700   900 D SystemTimeUtils: GMT Time 1:57:38 2019-9-30, (1)weeks, (272)days
09-30 01:57:38.149   700   900 D SystemTimeUtils: (3)time_type, (540)tzoffset, (0)summertime
09-30 01:57:38.149  1697  1792 V DHC:Config:: currentTime 1569808658 GMT
09-30 01:57:38.149  1697  1792 V DHC:Config:: TM after get: 2019/9/30 - 1:57:38
09-30 01:57:38.149  1697  1792 V DHC:Config:: Date to convert: 20190930T015806Z
09-30 01:57:38.149  1697  1792 V DHC:Config:: TM after convert: 2019/9/30 - 1:58:6
09-30 01:57:38.149  1697  1792 V DHC:DhcHandler:: datetime checkin not expired
09-30 01:57:38.149  1697  1792 V DHC:DhcHandler:: TESTPOINT MARK: func:'setDuration' desc:'Start callback Alarm: mCheckinTimer '
09-30 01:57:38.149   680   680 E AlarmQueue: removeAlarm
09-30 01:57:38.149  1697  1792 V DHC:DhcHandler:: Alarm set 28 sec
09-30 01:57:38.149  1697  1792 I DHC:DhcApplication:: setAlarmManager mAlarmManager != NULL
09-30 01:57:38.149   680   765 I AlarmQueue: enqueueAlarm[0x7f65f248] called :0xb41007e8 whenMs:1569808686000
09-30 01:57:38.149   680   765 I AlarmQueue: enqueueAlarm : target wake ms : 1569808686000  current is NULL
09-30 01:57:38.149   680   765 I AlarmHalImpl: mdm_alarmSetAlarm
09-30 01:57:38.149   680   765 I AlarmHalImpl: rtc_fd : 9
09-30 01:57:38.149   680   765 I AlarmHalImpl: mdm_alarm_update_time
09-30 01:57:38.149   680   765 I AlarmHalImpl: rtc_fd : 9
09-30 01:57:38.149   680   765 E AlarmHalImpl: mdm_alarm_update_time : 253403070480
09-30 01:57:38.149   680   765 I AlarmQueue: enqueueAlarm do alarmSetAlarm[whenMs : 1569808686000] 
09-30 01:57:38.159  1697  1791 V DHC:DhcHandler:: MainHanlder handleMessage: 5 state: 3
09-30 01:57:38.159  1697  1791 V DHC:DhcHandler:: TESTPOINT MARK: func:'receiveDhcACK' desc:'Send data successful'
09-30 01:57:38.159  1697  1791 E DHC:DhcHandler:: Check-in DONE with response ACK
09-30 01:57:38.159  1697  1791 V DHC:DhcHandler:: lastCheckinState: 3 PROP_LAST_SEND_SUCCESS: 1
09-30 01:57:38.159  1697  1791 I DHC:DhcApplication:: setPowerLock lock=0, id=8
09-30 01:57:38.159  1017  1916 I PowerModeManagerSerivce: unDoPowerLock, id:1697 lockId:0x8
09-30 01:57:38.159  1017  1916 I PowerModeManagerSerivce: unDoPowerLock, id:1697, lockId:0x8, total lock:0x2980000000010000
09-30 01:57:38.159  1017  1151 I PowerModeManagerSerivce: checkServiceList, 0x8
09-30 01:57:38.159  1017  1151 I PowerModeManagerService: actNormalToHeadUnit - transition no
09-30 01:57:38.159  1001  1001 V ArbiterManager: End service request from 0x00800000
09-30 01:57:38.159  1001  1089 I ArbiterManager: Handle Message: 1004
09-30 01:57:38.159  1001  1089 V ArbiterManager: endServiceLocked()
09-30 01:57:38.159  1001  1089 I ArbiterManager: app-service  DHC is removed
09-30 01:57:38.159  1697  1697 V         : onServiceStatusRequested: 102
09-30 01:57:38.159  1697  1697 V DHC:DhcHandler:: Receive onRequestChangeSignal
09-30 01:57:38.159  1001  1089 V ArbiterManager: binderConnected(), conn: 0, select: 1
09-30 01:57:38.159  1001  1089 I ArbiterManager: notifyToReceiver(), CurrntProgressService: 0x00010000
09-30 01:57:38.159  1064  1216 V HMIManagerService: --ArbiterServiceStatusChanged--newStatus = 0x00010000
09-30 01:57:38.159  1031  1185 I TetherManagerService: ArbiterReceiver::onServiceStatusChanged 0x00010000
09-30 01:57:38.159  1277  1277 V NWCommunicatorService: [onServiceStatusChanged]
09-30 01:57:38.159  1277  1277 I NWCommunicatorService: newStatus : 0x00010000, getACNSOSstarted() = 0x00000000
09-30 01:57:38.159  1026  1795 V RemoteManager: RemoteManagerService::onServiceStatusChanged() ++
09-30 01:57:38.159  1697  1791 V DHC:DhcHandler:: handleMessage: 5 DONE
09-30 01:57:38.159  1697  1791 V DHC:DhcHandler:: MainHanlder handleMessage: 23 state: 3
09-30 01:57:38.159  1697  1791 V DHC:DhcHandler:: Terminal service
09-30 01:57:38.159  1697  1791 V DHC:DhcApplication:: Change app state to: 1
09-30 01:57:38.159  1697  1791 V DHC:DhcHandler:: TERMINATE DHC itself
09-30 01:57:38.159  1697  1791 V DHC:DhcHandler:: handleMessage: 23 DONE
09-30 01:57:38.159  1697  1796 V         : onServiceStatusChanged: 65536
09-30 01:57:38.159  1697  1796 V DHC:DhcHandler:: Receive onStatusChangeSignal
09-30 01:57:38.159  1697  1791 V DHC:DhcHandler:: MainHanlder handleMessage: 22 state: 1
09-30 01:57:38.159  1697  1791 V DHC:DhcHandler:: arbiter state changed : 0x00800000 
09-30 01:57:38.159  1697  1791 V DHC:DhcHandler:: handleMessage: 22 DONE
09-30 01:57:38.159  1682  1811 V SOS:AppBizMainHdl: --onServiceStatusChanged--newStatus = 0x00010000
09-30 01:57:38.159  1692  1806 V ACN:AppBizMainHdl: --onServiceStatusChanged--newStatus=0x00010000
09-30 01:57:38.159  1692  1801 V ACN:AppBizMainHdl: [handleMessage]: 2003
09-30 01:57:38.159  1681  1749 V SVT:SvtHandler: MainHanlder handleMessage: 112 state: 0
09-30 01:57:38.159   991  1209 V FOTAManagerService: onArbiterServiceStatusChanged - newStatus = 0x10000
09-30 01:57:38.159   991  1209 V FOTAManagerService: onArbiterServiceStatusChanged - FOTA service doesn't have to be stopped.
09-30 01:57:38.159   991  1209 V FOTAManagerService: sendMessageAsClient - buf = CMD_DEV_IDLE_STATUS;1
09-30 01:57:38.159   991  1209 V FOTAManagerService: FOTAManagerService::transmissionMessage - start
09-30 01:57:38.159   991  1209 V FOTAManagerService: transmissionMessage write start
09-30 01:57:38.169   991  1209 V FOTAManagerService: getProcessID - getProcessID(FOTA_RESTDM) :Found. id = 2310
09-30 01:57:38.169  1082  7581 V HTTP    : HTTPTransfer::threadLoop --
09-30 01:57:38.169  1082  7581 V HTTP    : HTTPTransfer::~HTTPTransfer ++
09-30 01:57:38.169  1082  7581 V HTTP    : HTTPTransfer::transferClean ++
09-30 01:57:38.169  1082  7581 V HTTP    : HTTPTransfer::transferClean mStopFlag is False
09-30 01:57:38.169  1082  7581 V HTTP    : HTTPManagerImpl::delTransfer ++
09-30 01:57:38.169  1082  7581 V HTTP    : [sendRoBDataToDiagService] rob data not found
09-30 01:57:38.169  1082  7581 V HTTP    : HTTPManagerImpl::delTransfer success
09-30 01:57:38.169  1082  7581 V HTTP    : HTTPTransfer::transferClean Delete Header Ostream
09-30 01:57:38.169  1082  7581 V HTTP    : HTTPTransfer::transferClean Delete Data Ostream
09-30 01:57:38.169  1082  7581 V HTTP    : HTTPTransfer::transferClean HeaderList Free
09-30 01:57:38.169  1082  7581 V HTTP    : HTTPTransfer::transferClean --
09-30 01:57:38.169  1082  7581 V HTTP    : HTTPManagerImpl::isSending ++
09-30 01:57:38.169  1082  7581 V HTTP    : HTTPManagerImpl::isSending pAppType same SKIP!
09-30 01:57:38.169  1082  7581 V HTTP    : HTTPManagerImpl::isSending --
09-30 01:57:38.169  1082  7581 V HTTP    : HTTPTransfer::~HTTPTransfer isSending is false change to IDLE_STATUS
09-30 01:57:38.169  1277  1373 V NWCommunicatorService: [onHttpReceive], status : 0
09-30 01:57:38.169  1277  1367 D NWCommunicatorService: [sendRSECANFrame]
09-30 01:57:38.169  1277  1367 W NWCommunicatorService: [sendRSECANFrame] m_CANPF is Zero
09-30 01:57:38.169  1082  7581 V HTTP    : HTTPTransfer::~HTTPTransfer status is : 3
09-30 01:57:38.169  1082  7581 V HTTP    : HTTPTransfer::~HTTPTransfer --
09-30 01:57:38.169  1040  1211 D CollectInfoManagerService: !!!!! check collect debug id = 0x00000052, name = ElectronicPlatform, value 0
09-30 01:57:38.169  1277  1367 E NWCommunicatorService: [sendRSECANFrame] name:ElectronicPlatform, m_CANPF:0
09-30 01:57:38.179   991  1209 V FOTAManagerService: FOTAManagerService::transmissionMessage - finish
09-30 01:57:38.509  1701  2030 D [VIFMGR_CANSIG]: validvaluesize = 28
09-30 01:57:38.509   661  1917 D [VIFMGR_HALCONF]: Send Vif Data size =28 port name=SPI from=1701
09-30 01:57:38.519  1701  2030 D [VIFMGR_CANSIG]: validvaluesize = 28
09-30 01:57:38.519   661   899 D [VIFMGR_HALCONF]: Send Vif Data size =28 port name=SPI from=1701
09-30 01:57:38.529  1701  2030 D [VIFMGR_CANSIG]: validvaluesize = 28
09-30 01:57:38.529   661  1920 D [VIFMGR_HALCONF]: Send Vif Data size =28 port name=SPI from=1701
09-30 01:57:38.659  1697  1791 V DHC:DhcHandler:: MainHanlder handleMessage: 24 state: 1
09-30 01:57:38.659  1697  1791 V DHC:DhcHandler:: startDhcBySMSQueue
09-30 01:57:38.659  1697  1791 V DHC:DhcHandler:: --startDhcBySMSQueue--shouldertab queue is empty
09-30 01:57:38.659  1697  1791 V DHC:DhcHandler:: handleMessage: 24 DONE
09-30 01:57:38.909   700  2031 V SystemManagerTime: get time type(3)
09-30 01:57:38.909   700   900 D SystemTimeUtils: GMT Time 1:57:38 2019-9-30, (1)weeks, (272)days
09-30 01:57:38.909   700   900 D SystemTimeUtils: (3)time_type, (540)tzoffset, (0)summertime
09-30 01:57:38.909  1012  1142 D [VIFMGR_CANSIG]: validvaluesize = 28
09-30 01:57:38.909   661  1925 D [VIFMGR_HALCONF]: Send Vif Data size =28 port name=SPI from=1012
09-30 01:57:39.059  1026  1258 D RmtScheduleHdl: Receive message: MSG_SEND_SCHED_URL
09-30 01:57:39.059  1026  1258 V RemoteManager: RemoteManagerService::isContractProcess (true)
09-30 01:57:39.059  1026  1258 V RmtScheduleHdl: Contract Is Processing.. retry after 1sec
09-30 01:57:39.539  1701  2030 D [VIFMGR_CANSIG]: validvaluesize = 28
09-30 01:57:39.539   661   661 D [VIFMGR_HALCONF]: Send Vif Data size =28 port name=SPI from=1701
09-30 01:57:39.549  1701  2030 D [VIFMGR_CANSIG]: validvaluesize = 28
09-30 01:57:39.549   661   891 D [VIFMGR_HALCONF]: Send Vif Data size =28 port name=SPI from=1701
09-30 01:57:39.559  1701  2030 D [VIFMGR_CANSIG]: validvaluesize = 28
09-30 01:57:39.559   661  1917 D [VIFMGR_HALCONF]: Send Vif Data size =28 port name=SPI from=1701
09-30 01:57:39.759  1277  1367 D [VIFMGR_CANSIG]: validvaluesize = 28
09-30 01:57:39.759   661   899 D [VIFMGR_HALCONF]: Send Vif Data size =28 port name=SPI from=1277
09-30 01:57:39.909   700   700 V SystemManagerTime: get time type(3)
09-30 01:57:39.909   700   905 D SystemTimeUtils: GMT Time 1:57:39 2019-9-30, (1)weeks, (272)days
09-30 01:57:39.909   700   905 D SystemTimeUtils: (3)time_type, (540)tzoffset, (0)summertime
09-30 01:57:39.919  1012  1142 D [VIFMGR_CANSIG]: validvaluesize = 28
09-30 01:57:39.919   661  1920 D [VIFMGR_HALCONF]: Send Vif Data size =28 port name=SPI from=1012
09-30 01:57:40.059  1026  1258 D RmtScheduleHdl: Receive message: MSG_SEND_SCHED_URL
09-30 01:57:40.059  1026  1258 V RemoteManager: RemoteManagerService::isContractProcess (true)
09-30 01:57:40.059  1026  1258 V RmtScheduleHdl: Contract Is Processing.. retry after 1sec
09-30 01:57:40.569  1701  2030 D [VIFMGR_CANSIG]: validvaluesize = 28
09-30 01:57:40.569   661  1925 D [VIFMGR_HALCONF]: Send Vif Data size =28 port name=SPI from=1701
09-30 01:57:40.579  1701  2030 D [VIFMGR_CANSIG]: validvaluesize = 28
09-30 01:57:40.579   661   661 D [VIFMGR_HALCONF]: Send Vif Data size =28 port name=SPI from=1701
09-30 01:57:40.589  1701  2030 D [VIFMGR_CANSIG]: validvaluesize = 28
09-30 01:57:40.589   661   891 D [VIFMGR_HALCONF]: Send Vif Data size =28 port name=SPI from=1701
09-30 01:57:40.909   700  2031 V SystemManagerTime: get time type(3)
09-30 01:57:40.909   700   900 D SystemTimeUtils: GMT Time 1:57:40 2019-9-30, (1)weeks, (272)days
09-30 01:57:40.909   700   900 D SystemTimeUtils: (3)time_type, (540)tzoffset, (0)summertime
09-30 01:57:40.909   640  1025 D LocationCb: Changed [ HDOP : 00.8 ]
09-30 01:57:40.909  1012  1142 D [VIFMGR_CANSIG]: validvaluesize = 28
09-30 01:57:40.909   661  1917 D [VIFMGR_HALCONF]: Send Vif Data size =28 port name=SPI from=1012
09-30 01:57:41.059  1026  1258 D RmtScheduleHdl: Receive message: MSG_SEND_SCHED_URL
09-30 01:57:41.059  1026  1258 V RemoteManager: RemoteManagerService::isContractProcess (true)
09-30 01:57:41.059  1026  1258 V RmtScheduleHdl: Contract Is Processing.. retry after 1sec
09-30 01:57:41.599  1701  2030 D [VIFMGR_CANSIG]: validvaluesize = 28
09-30 01:57:41.599   661   899 D [VIFMGR_HALCONF]: Send Vif Data size =28 port name=SPI from=1701
09-30 01:57:41.609  1701  2030 D [VIFMGR_CANSIG]: validvaluesize = 28
09-30 01:57:41.609   661  1920 D [VIFMGR_HALCONF]: Send Vif Data size =28 port name=SPI from=1701
09-30 01:57:41.619  1701  2030 D [VIFMGR_CANSIG]: validvaluesize = 28
09-30 01:57:41.619   661  1925 D [VIFMGR_HALCONF]: Send Vif Data size =28 port name=SPI from=1701
09-30 01:57:41.909   700   700 V SystemManagerTime: get time type(3)
09-30 01:57:41.909   700   905 D SystemTimeUtils: GMT Time 1:57:41 2019-9-30, (1)weeks, (272)days
09-30 01:57:41.909   700   905 D SystemTimeUtils: (3)time_type, (540)tzoffset, (0)summertime
09-30 01:57:41.909   640   640 D LocationCb: Changed [ HDOP : 00.9 ]
09-30 01:57:41.909  1012  1142 D [VIFMGR_CANSIG]: validvaluesize = 28
09-30 01:57:41.909   661   661 D [VIFMGR_HALCONF]: Send Vif Data size =28 port name=SPI from=1012
09-30 01:57:42.059  1026  1258 D RmtScheduleHdl: Receive message: MSG_SEND_SCHED_URL
09-30 01:57:42.059  1026  1258 V RemoteManager: RemoteManagerService::isContractProcess (true)
09-30 01:57:42.059  1026  1258 V RmtScheduleHdl: Contract Is Processing.. retry after 1sec
09-30 01:57:42.629  1701  2030 D [VIFMGR_CANSIG]: validvaluesize = 28
09-30 01:57:42.629   661   891 D [VIFMGR_HALCONF]: Send Vif Data size =28 port name=SPI from=1701
09-30 01:57:42.639  1701  2030 D [VIFMGR_CANSIG]: validvaluesize = 28
09-30 01:57:42.639   661  1917 D [VIFMGR_HALCONF]: Send Vif Data size =28 port name=SPI from=1701
09-30 01:57:42.649  1701  2030 D [VIFMGR_CANSIG]: validvaluesize = 28
09-30 01:57:42.649   661   899 D [VIFMGR_HALCONF]: Send Vif Data size =28 port name=SPI from=1701
09-30 01:57:42.909   700  2031 V SystemManagerTime: get time type(3)
09-30 01:57:42.909   700   900 D SystemTimeUtils: GMT Time 1:57:42 2019-9-30, (1)weeks, (272)days
09-30 01:57:42.909   700   900 D SystemTimeUtils: (3)time_type, (540)tzoffset, (0)summertime
09-30 01:57:42.909  1012  1142 D [VIFMGR_CANSIG]: validvaluesize = 28
09-30 01:57:42.909   661  1920 D [VIFMGR_HALCONF]: Send Vif Data size =28 port name=SPI from=1012
09-30 01:57:43.059  1026  1258 D RmtScheduleHdl: Receive message: MSG_SEND_SCHED_URL
09-30 01:57:43.059  1026  1258 V RemoteManager: RemoteManagerService::isContractProcess (true)
09-30 01:57:43.059  1026  1258 V RmtScheduleHdl: Contract Is Processing.. retry after 1sec
09-30 01:57:43.599  1001  1089 I ArbiterManager: Handle Message: 1005
09-30 01:57:43.659  1701  2030 D [VIFMGR_CANSIG]: validvaluesize = 28
09-30 01:57:43.659   661  1925 D [VIFMGR_HALCONF]: Send Vif Data size =28 port name=SPI from=1701
09-30 01:57:43.669  1701  2030 D [VIFMGR_CANSIG]: validvaluesize = 28
09-30 01:57:43.669   661   661 D [VIFMGR_HALCONF]: Send Vif Data size =28 port name=SPI from=1701
09-30 01:57:43.679  1701  2030 D [VIFMGR_CANSIG]: validvaluesize = 28
09-30 01:57:43.679   661   891 D [VIFMGR_HALCONF]: Send Vif Data size =28 port name=SPI from=1701
09-30 01:57:43.909   700   700 V SystemManagerTime: get time type(3)
09-30 01:57:43.909   700   905 D SystemTimeUtils: GMT Time 1:57:43 2019-9-30, (1)weeks, (272)days
09-30 01:57:43.909   700   905 D SystemTimeUtils: (3)time_type, (540)tzoffset, (0)summertime
09-30 01:57:43.909  1012  1142 D [VIFMGR_CANSIG]: validvaluesize = 28
09-30 01:57:43.909   661  1917 D [VIFMGR_HALCONF]: Send Vif Data size =28 port name=SPI from=1012
09-30 01:57:44.059  1026  1258 D RmtScheduleHdl: Receive message: MSG_SEND_SCHED_URL
09-30 01:57:44.059  1026  1258 V RemoteManager: RemoteManagerService::isContractProcess (true)
09-30 01:57:44.059  1026  1258 V RmtScheduleHdl: Contract Is Processing.. retry after 1sec
09-30 01:57:44.689  1701  2030 D [VIFMGR_CANSIG]: validvaluesize = 28
09-30 01:57:44.689   661   899 D [VIFMGR_HALCONF]: Send Vif Data size =28 port name=SPI from=1701
09-30 01:57:44.699  1701  2030 D [VIFMGR_CANSIG]: validvaluesize = 28
09-30 01:57:44.699   661  1920 D [VIFMGR_HALCONF]: Send Vif Data size =28 port name=SPI from=1701
09-30 01:57:44.709  1701  2030 D [VIFMGR_CANSIG]: validvaluesize = 28
09-30 01:57:44.709   661  1925 D [VIFMGR_HALCONF]: Send Vif Data size =28 port name=SPI from=1701
09-30 01:57:44.769  1277  1367 D [VIFMGR_CANSIG]: validvaluesize = 28
09-30 01:57:44.769   661   661 D [VIFMGR_HALCONF]: Send Vif Data size =28 port name=SPI from=1277
09-30 01:57:44.909   700  2031 V SystemManagerTime: get time type(3)
09-30 01:57:44.909   700   900 D SystemTimeUtils: GMT Time 1:57:44 2019-9-30, (1)weeks, (272)days
09-30 01:57:44.909   700   900 D SystemTimeUtils: (3)time_type, (540)tzoffset, (0)summertime
09-30 01:57:45.059  1026  1258 D RmtScheduleHdl: Receive message: MSG_SEND_SCHED_URL
09-30 01:57:45.059  1026  1258 V RemoteManager: RemoteManagerService::isContractProcess (true)
09-30 01:57:45.059  1026  1258 V RmtScheduleHdl: Contract Is Processing.. retry after 1sec
09-30 01:57:45.069  1100  1218 D DLoadBinManagerService: handleMessage, 1000
09-30 01:57:45.719  1701  2030 D [VIFMGR_CANSIG]: validvaluesize = 28
09-30 01:57:45.719   661   891 D [VIFMGR_HALCONF]: Send Vif Data size =28 port name=SPI from=1701
09-30 01:57:45.729  1701  2030 D [VIFMGR_CANSIG]: validvaluesize = 28
09-30 01:57:45.729   661  1917 D [VIFMGR_HALCONF]: Send Vif Data size =28 port name=SPI from=1701
09-30 01:57:45.739  1701  2030 D [VIFMGR_CANSIG]: validvaluesize = 28
09-30 01:57:45.739   661   899 D [VIFMGR_HALCONF]: Send Vif Data size =28 port name=SPI from=1701
09-30 01:57:45.909   700   700 V SystemManagerTime: get time type(3)
09-30 01:57:45.909   700   905 D SystemTimeUtils: GMT Time 1:57:45 2019-9-30, (1)weeks, (272)days
09-30 01:57:45.909   700   905 D SystemTimeUtils: (3)time_type, (540)tzoffset, (0)summertime
09-30 01:57:46.059  1026  1258 D RmtScheduleHdl: Receive message: MSG_SEND_SCHED_URL
09-30 01:57:46.059  1026  1258 V RemoteManager: RemoteManagerService::isContractProcess (true)
09-30 01:57:46.059  1026  1258 V RmtScheduleHdl: Contract Is Processing.. retry after 1sec
09-30 01:57:46.749  1701  2030 D [VIFMGR_CANSIG]: validvaluesize = 28
09-30 01:57:46.749   661  1920 D [VIFMGR_HALCONF]: Send Vif Data size =28 port name=SPI from=1701
09-30 01:57:46.759  1701  2030 D [VIFMGR_CANSIG]: validvaluesize = 28
09-30 01:57:46.759   661  1925 D [VIFMGR_HALCONF]: Send Vif Data size =28 port name=SPI from=1701
09-30 01:57:46.769  1701  2030 D [VIFMGR_CANSIG]: validvaluesize = 28
09-30 01:57:46.769   661   661 D [VIFMGR_HALCONF]: Send Vif Data size =28 port name=SPI from=1701
09-30 01:57:46.909   700  2031 V SystemManagerTime: get time type(3)
09-30 01:57:46.909   700   900 D SystemTimeUtils: GMT Time 1:57:46 2019-9-30, (1)weeks, (272)days
09-30 01:57:46.909   700   900 D SystemTimeUtils: (3)time_type, (540)tzoffset, (0)summertime
09-30 01:57:46.909   640  1025 V LocationManagerService: acquireLocationInfo (113520) times : ReceiverSize(5) Lat(37.554371) Long(126.644942) Time(1569808666000)
09-30 01:57:47.059  1026  1258 D RmtScheduleHdl: Receive message: MSG_SEND_SCHED_URL
09-30 01:57:47.059  1026  1258 V RemoteManager: RemoteManagerService::isContractProcess (true)
09-30 01:57:47.059  1026  1258 V RmtScheduleHdl: Contract Is Processing.. retry after 1sec
09-30 01:57:47.779  1701  2030 D [VIFMGR_CANSIG]: validvaluesize = 28
09-30 01:57:47.779   661   891 D [VIFMGR_HALCONF]: Send Vif Data size =28 port name=SPI from=1701
09-30 01:57:47.789  1701  2030 D [VIFMGR_CANSIG]: validvaluesize = 28
09-30 01:57:47.789   661  1917 D [VIFMGR_HALCONF]: Send Vif Data size =28 port name=SPI from=1701
09-30 01:57:47.799  1701  2030 D [VIFMGR_CANSIG]: validvaluesize = 28
09-30 01:57:47.799   661   899 D [VIFMGR_HALCONF]: Send Vif Data size =28 port name=SPI from=1701
09-30 01:57:47.909   700   700 V SystemManagerTime: get time type(3)
09-30 01:57:47.909   700   905 D SystemTimeUtils: GMT Time 1:57:47 2019-9-30, (1)weeks, (272)days
09-30 01:57:47.909   700   905 D SystemTimeUtils: (3)time_type, (540)tzoffset, (0)summertime
09-30 01:57:47.909  1012  1142 D [VIFMGR_CANSIG]: validvaluesize = 28
09-30 01:57:47.909   661  1920 D [VIFMGR_HALCONF]: Send Vif Data size =28 port name=SPI from=1012
09-30 01:57:48.069  1026  1258 D RmtScheduleHdl: Receive message: MSG_SEND_SCHED_URL
09-30 01:57:48.069  1026  1258 V RemoteManager: RemoteManagerService::isContractProcess (true)
09-30 01:57:48.069  1026  1258 V RmtScheduleHdl: Contract Is Processing.. retry after 1sec
09-30 01:57:48.809  1701  2030 D [VIFMGR_CANSIG]: validvaluesize = 28
09-30 01:57:48.809   661  1925 D [VIFMGR_HALCONF]: Send Vif Data size =28 port name=SPI from=1701
09-30 01:57:48.819  1701  2030 D [VIFMGR_CANSIG]: validvaluesize = 28
09-30 01:57:48.819   661   661 D [VIFMGR_HALCONF]: Send Vif Data size =28 port name=SPI from=1701
09-30 01:57:48.829  1701  2030 D [VIFMGR_CANSIG]: validvaluesize = 28
09-30 01:57:48.829   661   891 D [VIFMGR_HALCONF]: Send Vif Data size =28 port name=SPI from=1701
09-30 01:57:48.909   700  2031 V SystemManagerTime: get time type(3)
09-30 01:57:48.909   700   905 D SystemTimeUtils: GMT Time 1:57:48 2019-9-30, (1)weeks, (272)days
09-30 01:57:48.909   700   905 D SystemTimeUtils: (3)time_type, (540)tzoffset, (0)summertime
09-30 01:57:48.909  1012  1142 D [VIFMGR_CANSIG]: validvaluesize = 28
09-30 01:57:48.909   661  1917 D [VIFMGR_HALCONF]: Send Vif Data size =28 port name=SPI from=1012
09-30 01:57:49.069  1026  1258 D RmtScheduleHdl: Receive message: MSG_SEND_SCHED_URL
09-30 01:57:49.069  1026  1258 V RemoteManager: RemoteManagerService::isContractProcess (true)
09-30 01:57:49.069  1026  1258 V RmtScheduleHdl: Contract Is Processing.. retry after 1sec
09-30 01:57:49.769  1277  1367 D [VIFMGR_CANSIG]: validvaluesize = 28
09-30 01:57:49.769   661   899 D [VIFMGR_HALCONF]: Send Vif Data size =28 port name=SPI from=1277
09-30 01:57:49.839  1701  2030 D [VIFMGR_CANSIG]: validvaluesize = 28
09-30 01:57:49.839   661  1920 D [VIFMGR_HALCONF]: Send Vif Data size =28 port name=SPI from=1701
09-30 01:57:49.849  1701  2030 D [VIFMGR_CANSIG]: validvaluesize = 28
09-30 01:57:49.849   661  1925 D [VIFMGR_HALCONF]: Send Vif Data size =28 port name=SPI from=1701
09-30 01:57:49.859  1701  2030 D [VIFMGR_CANSIG]: validvaluesize = 28
09-30 01:57:49.859   661   661 D [VIFMGR_HALCONF]: Send Vif Data size =28 port name=SPI from=1701
09-30 01:57:49.909   700   700 V SystemManagerTime: get time type(3)
09-30 01:57:49.909   700   900 D SystemTimeUtils: GMT Time 1:57:49 2019-9-30, (1)weeks, (272)days
09-30 01:57:49.909   700   900 D SystemTimeUtils: (3)time_type, (540)tzoffset, (0)summertime
09-30 01:57:49.909  1012  1142 D [VIFMGR_CANSIG]: validvaluesize = 28
09-30 01:57:49.909   661   891 D [VIFMGR_HALCONF]: Send Vif Data size =28 port name=SPI from=1012
09-30 01:57:50.069  1026  1258 D RmtScheduleHdl: Receive message: MSG_SEND_SCHED_URL
09-30 01:57:50.069  1026  1258 V RemoteManager: RemoteManagerService::isContractProcess (true)
09-30 01:57:50.069  1026  1258 V RmtScheduleHdl: Contract Is Processing.. retry after 1sec
09-30 01:57:50.739   640  7675 V LocationManagerService: reportLocSrvStatus with interval(30) sec : Started(1) Fixed(1) Latitude(37.55437094000000) Logitude(126.64494209999999) TimeStamp(1569808669000)
09-30 01:57:50.869  1701  2030 D [VIFMGR_CANSIG]: validvaluesize = 28
09-30 01:57:50.869   661  1917 D [VIFMGR_HALCONF]: Send Vif Data size =28 port name=SPI from=1701
09-30 01:57:50.889  1701  2030 D [VIFMGR_CANSIG]: validvaluesize = 28
09-30 01:57:50.889   661   899 D [VIFMGR_HALCONF]: Send Vif Data size =28 port name=SPI from=1701
09-30 01:57:50.899  1701  2030 D [VIFMGR_CANSIG]: validvaluesize = 28
09-30 01:57:50.899   661  1920 D [VIFMGR_HALCONF]: Send Vif Data size =28 port name=SPI from=1701
09-30 01:57:50.919   700  2031 V SystemManagerTime: get time type(3)
09-30 01:57:50.919   700   900 D SystemTimeUtils: GMT Time 1:57:50 2019-9-30, (1)weeks, (272)days
09-30 01:57:50.919   700   900 D SystemTimeUtils: (3)time_type, (540)tzoffset, (0)summertime
09-30 01:57:50.919  1012  1142 D [VIFMGR_CANSIG]: validvaluesize = 28
09-30 01:57:50.919   661  1925 D [VIFMGR_HALCONF]: Send Vif Data size =28 port name=SPI from=1012
09-30 01:57:51.069  1026  1258 D RmtScheduleHdl: Receive message: MSG_SEND_SCHED_URL
09-30 01:57:51.069  1026  1258 V RemoteManager: RemoteManagerService::isContractProcess (true)
09-30 01:57:51.069  1026  1258 V RmtScheduleHdl: Contract Is Processing.. retry after 1sec
09-30 01:57:51.659   640   822 V LocationManagerService: setRecentLocationN1 [ duration : 14 ] 
09-30 01:57:51.899  1701  2030 D [VIFMGR_CANSIG]: validvaluesize = 28
09-30 01:57:51.899   661   661 D [VIFMGR_HALCONF]: Send Vif Data size =28 port name=SPI from=1701
09-30 01:57:51.909  1701  2030 D [VIFMGR_CANSIG]: validvaluesize = 28
09-30 01:57:51.909   661   891 D [VIFMGR_HALCONF]: Send Vif Data size =28 port name=SPI from=1701
09-30 01:57:51.919   700   700 V SystemManagerTime: get time type(3)
09-30 01:57:51.919   700   900 D SystemTimeUtils: GMT Time 1:57:51 2019-9-30, (1)weeks, (272)days
09-30 01:57:51.919   700   900 D SystemTimeUtils: (3)time_type, (540)tzoffset, (0)summertime
09-30 01:57:51.919   640  1038 D LocationCb: Changed [ HDOP : 01.0 ]
09-30 01:57:51.919  1012  1142 D [VIFMGR_CANSIG]: validvaluesize = 28
09-30 01:57:51.919   661  1917 D [VIFMGR_HALCONF]: Send Vif Data size =28 port name=SPI from=1012
09-30 01:57:51.919  1701  2030 D [VIFMGR_CANSIG]: validvaluesize = 28
09-30 01:57:51.919   661   899 D [VIFMGR_HALCONF]: Send Vif Data size =28 port name=SPI from=1701
09-30 01:57:52.069  1026  1258 D RmtScheduleHdl: Receive message: MSG_SEND_SCHED_URL
09-30 01:57:52.069  1026  1258 V RemoteManager: RemoteManagerService::isContractProcess (true)
09-30 01:57:52.069  1026  1258 V RmtScheduleHdl: Contract Is Processing.. retry after 1sec
09-30 01:57:52.909   700   905 V SystemManagerTime: get time type(3)
09-30 01:57:52.909   700   700 D SystemTimeUtils: GMT Time 1:57:52 2019-9-30, (1)weeks, (272)days
09-30 01:57:52.909   700   700 D SystemTimeUtils: (3)time_type, (540)tzoffset, (0)summertime
09-30 01:57:52.909  1012  1142 D [VIFMGR_CANSIG]: validvaluesize = 28
09-30 01:57:52.909   661  1920 D [VIFMGR_HALCONF]: Send Vif Data size =28 port name=SPI from=1012
09-30 01:57:52.929  1701  2030 D [VIFMGR_CANSIG]: validvaluesize = 28
09-30 01:57:52.929   661  1925 D [VIFMGR_HALCONF]: Send Vif Data size =28 port name=SPI from=1701
09-30 01:57:52.939  1701  2030 D [VIFMGR_CANSIG]: validvaluesize = 28
09-30 01:57:52.939   661   661 D [VIFMGR_HALCONF]: Send Vif Data size =28 port name=SPI from=1701
09-30 01:57:52.949  1701  2030 D [VIFMGR_CANSIG]: validvaluesize = 28
09-30 01:57:52.949   661   891 D [VIFMGR_HALCONF]: Send Vif Data size =28 port name=SPI from=1701
09-30 01:57:53.069  1026  1258 D RmtScheduleHdl: Receive message: MSG_SEND_SCHED_URL
09-30 01:57:53.069  1026  1258 V RemoteManager: RemoteManagerService::isContractProcess (true)
09-30 01:57:53.069  1026  1258 V RmtScheduleHdl: Contract Is Processing.. retry after 1sec
09-30 01:57:53.599  1001  1089 I ArbiterManager: Handle Message: 1005
09-30 01:57:53.899   700  2031 V SystemManagerTime: get time type(3)
09-30 01:57:53.899   700   700 D SystemTimeUtils: GMT Time 1:57:53 2019-9-30, (1)weeks, (272)days
09-30 01:57:53.899   700   700 D SystemTimeUtils: (3)time_type, (540)tzoffset, (0)summertime
09-30 01:57:53.909  1012  1142 D [VIFMGR_CANSIG]: validvaluesize = 28
09-30 01:57:53.909   661  1917 D [VIFMGR_HALCONF]: Send Vif Data size =28 port name=SPI from=1012
09-30 01:57:53.959  1701  2030 D [VIFMGR_CANSIG]: validvaluesize = 28
09-30 01:57:53.959   661   899 D [VIFMGR_HALCONF]: Send Vif Data size =28 port name=SPI from=1701
09-30 01:57:53.969  1701  2030 D [VIFMGR_CANSIG]: validvaluesize = 28
09-30 01:57:53.969   661  1920 D [VIFMGR_HALCONF]: Send Vif Data size =28 port name=SPI from=1701
09-30 01:57:53.979  1701  2030 D [VIFMGR_CANSIG]: validvaluesize = 28
09-30 01:57:53.979   661  1925 D [VIFMGR_HALCONF]: Send Vif Data size =28 port name=SPI from=1701
09-30 01:57:54.069  1026  1258 D RmtScheduleHdl: Receive message: MSG_SEND_SCHED_URL
09-30 01:57:54.069  1026  1258 V RemoteManager: RemoteManagerService::isContractProcess (true)
09-30 01:57:54.069  1026  1258 V RmtScheduleHdl: Contract Is Processing.. retry after 1sec
09-30 01:57:54.769  1277  1367 D [VIFMGR_CANSIG]: validvaluesize = 28
09-30 01:57:54.769   661   661 D [VIFMGR_HALCONF]: Send Vif Data size =28 port name=SPI from=1277
09-30 01:57:54.909   700   905 V SystemManagerTime: get time type(3)
09-30 01:57:54.909   700   700 D SystemTimeUtils: GMT Time 1:57:54 2019-9-30, (1)weeks, (272)days
09-30 01:57:54.909   700   700 D SystemTimeUtils: (3)time_type, (540)tzoffset, (0)summertime
09-30 01:57:54.909   640  1038 D LocationCb: Changed [ HDOP : 00.8 ]
09-30 01:57:54.909  1012  1142 D [VIFMGR_CANSIG]: validvaluesize = 28
09-30 01:57:54.909   661   891 D [VIFMGR_HALCONF]: Send Vif Data size =28 port name=SPI from=1012
09-30 01:57:54.989  1701  2030 D [VIFMGR_CANSIG]: validvaluesize = 28
09-30 01:57:54.989   661  1917 D [VIFMGR_HALCONF]: Send Vif Data size =28 port name=SPI from=1701
09-30 01:57:54.999  1701  2030 D [VIFMGR_CANSIG]: validvaluesize = 28
09-30 01:57:54.999   661   899 D [VIFMGR_HALCONF]: Send Vif Data size =28 port name=SPI from=1701
09-30 01:57:55.009  1701  2030 D [VIFMGR_CANSIG]: validvaluesize = 28
09-30 01:57:55.009   661  1920 D [VIFMGR_HALCONF]: Send Vif Data size =28 port name=SPI from=1701
09-30 01:57:55.069  1026  1258 D RmtScheduleHdl: Receive message: MSG_SEND_SCHED_URL
09-30 01:57:55.069  1026  1258 V RemoteManager: RemoteManagerService::isContractProcess (true)
09-30 01:57:55.069  1026  1258 V RmtScheduleHdl: Contract Is Processing.. retry after 1sec
09-30 01:57:55.069  1100  1218 D DLoadBinManagerService: handleMessage, 1000
09-30 01:57:55.909   700  2031 V SystemManagerTime: get time type(3)
09-30 01:57:55.909   700   900 D SystemTimeUtils: GMT Time 1:57:55 2019-9-30, (1)weeks, (272)days
09-30 01:57:55.909   700   900 D SystemTimeUtils: (3)time_type, (540)tzoffset, (0)summertime
09-30 01:57:55.909  1012  1142 D [VIFMGR_CANSIG]: validvaluesize = 28
09-30 01:57:55.909   661  1925 D [VIFMGR_HALCONF]: Send Vif Data size =28 port name=SPI from=1012
09-30 01:57:56.019  1701  2030 D [VIFMGR_CANSIG]: validvaluesize = 28
09-30 01:57:56.019   661   661 D [VIFMGR_HALCONF]: Send Vif Data size =28 port name=SPI from=1701
09-30 01:57:56.029  1701  2030 D [VIFMGR_CANSIG]: validvaluesize = 28
09-30 01:57:56.029   661   891 D [VIFMGR_HALCONF]: Send Vif Data size =28 port name=SPI from=1701
09-30 01:57:56.039  1701  2030 D [VIFMGR_CANSIG]: validvaluesize = 28
09-30 01:57:56.039   661  1917 D [VIFMGR_HALCONF]: Send Vif Data size =28 port name=SPI from=1701
09-30 01:57:56.069  1026  1258 D RmtScheduleHdl: Receive message: MSG_SEND_SCHED_URL
09-30 01:57:56.069  1026  1258 V RemoteManager: RemoteManagerService::isContractProcess (true)
09-30 01:57:56.069  1026  1258 V RmtScheduleHdl: Contract Is Processing.. retry after 1sec
09-30 01:57:56.909   700   905 V SystemManagerTime: get time type(3)
09-30 01:57:56.909   700   900 D SystemTimeUtils: GMT Time 1:57:56 2019-9-30, (1)weeks, (272)days
09-30 01:57:56.909   700   900 D SystemTimeUtils: (3)time_type, (540)tzoffset, (0)summertime
09-30 01:57:56.909   640   640 D LocationCb: Changed [ HDOP : 00.9 ]
09-30 01:57:56.909   640   640 V LocationManagerService: acquireLocationInfo (113530) times : ReceiverSize(5) Lat(37.554370) Long(126.644943) Time(1569808676000)
09-30 01:57:56.909  1012  1142 D [VIFMGR_CANSIG]: validvaluesize = 28
09-30 01:57:56.909   661   899 D [VIFMGR_HALCONF]: Send Vif Data size =28 port name=SPI from=1012
09-30 01:57:57.049  1701  2030 D [VIFMGR_CANSIG]: validvaluesize = 28
09-30 01:57:57.049   661  1920 D [VIFMGR_HALCONF]: Send Vif Data size =28 port name=SPI from=1701
09-30 01:57:57.059  1701  2030 D [VIFMGR_CANSIG]: validvaluesize = 28
09-30 01:57:57.059   661  1925 D [VIFMGR_HALCONF]: Send Vif Data size =28 port name=SPI from=1701
09-30 01:57:57.069  1026  1258 D RmtScheduleHdl: Receive message: MSG_SEND_SCHED_URL
09-30 01:57:57.069  1026  1258 V RemoteManager: RemoteManagerService::isContractProcess (true)
09-30 01:57:57.069  1026  1258 V RmtScheduleHdl: Contract Is Processing.. retry after 1sec
09-30 01:57:57.069  1701  2030 D [VIFMGR_CANSIG]: validvaluesize = 28
09-30 01:57:57.069   661   661 D [VIFMGR_HALCONF]: Send Vif Data size =28 port name=SPI from=1701
09-30 01:57:57.909   700  2031 V SystemManagerTime: get time type(3)
09-30 01:57:57.909   700   700 D SystemTimeUtils: GMT Time 1:57:57 2019-9-30, (1)weeks, (272)days
09-30 01:57:57.909   700   700 D SystemTimeUtils: (3)time_type, (540)tzoffset, (0)summertime
09-30 01:57:57.909  1012  1142 D [VIFMGR_CANSIG]: validvaluesize = 28
09-30 01:57:57.909   661   891 D [VIFMGR_HALCONF]: Send Vif Data size =28 port name=SPI from=1012
09-30 01:57:58.069  1026  1258 D RmtScheduleHdl: Receive message: MSG_SEND_SCHED_URL
09-30 01:57:58.069  1026  1258 V RemoteManager: RemoteManagerService::isContractProcess (true)
09-30 01:57:58.069  1026  1258 V RmtScheduleHdl: Contract Is Processing.. retry after 1sec
09-30 01:57:58.079  1701  2030 D [VIFMGR_CANSIG]: validvaluesize = 28
09-30 01:57:58.079   661  1917 D [VIFMGR_HALCONF]: Send Vif Data size =28 port name=SPI from=1701
09-30 01:57:58.089  1701  2030 D [VIFMGR_CANSIG]: validvaluesize = 28
09-30 01:57:58.089   661   899 D [VIFMGR_HALCONF]: Send Vif Data size =28 port name=SPI from=1701
09-30 01:57:58.099  1701  2030 D [VIFMGR_CANSIG]: validvaluesize = 28
09-30 01:57:58.099   661  1920 D [VIFMGR_HALCONF]: Send Vif Data size =28 port name=SPI from=1701
09-30 01:57:58.909   700   905 V SystemManagerTime: get time type(3)
09-30 01:57:58.909   700   700 D SystemTimeUtils: GMT Time 1:57:58 2019-9-30, (1)weeks, (272)days
09-30 01:57:58.909   700   700 D SystemTimeUtils: (3)time_type, (540)tzoffset, (0)summertime
09-30 01:57:58.909  1012  1142 D [VIFMGR_CANSIG]: validvaluesize = 28
09-30 01:57:58.909   661  1925 D [VIFMGR_HALCONF]: Send Vif Data size =28 port name=SPI from=1012
09-30 01:57:59.069  1026  1258 D RmtScheduleHdl: Receive message: MSG_SEND_SCHED_URL
09-30 01:57:59.069  1026  1258 V RemoteManager: RemoteManagerService::isContractProcess (true)
09-30 01:57:59.069  1026  1258 V RmtScheduleHdl: Contract Is Processing.. retry after 1sec
09-30 01:57:59.109  1701  2030 D [VIFMGR_CANSIG]: validvaluesize = 28
09-30 01:57:59.109   661   661 D [VIFMGR_HALCONF]: Send Vif Data size =28 port name=SPI from=1701
09-30 01:57:59.119  1701  2030 D [VIFMGR_CANSIG]: validvaluesize = 28
09-30 01:57:59.119   661   891 D [VIFMGR_HALCONF]: Send Vif Data size =28 port name=SPI from=1701
09-30 01:57:59.129  1701  2030 D [VIFMGR_CANSIG]: validvaluesize = 28
09-30 01:57:59.129   661  1917 D [VIFMGR_HALCONF]: Send Vif Data size =28 port name=SPI from=1701
09-30 01:57:59.769  1277  1367 D [VIFMGR_CANSIG]: validvaluesize = 28
09-30 01:57:59.769   661   899 D [VIFMGR_HALCONF]: Send Vif Data size =28 port name=SPI from=1277
09-30 01:57:59.909   700  2031 V SystemManagerTime: get time type(3)
09-30 01:57:59.909   700   900 D SystemTimeUtils: GMT Time 1:57:59 2019-9-30, (1)weeks, (272)days
09-30 01:57:59.909   700   900 D SystemTimeUtils: (3)time_type, (540)tzoffset, (0)summertime
09-30 01:57:59.909  1012  1142 D [VIFMGR_CANSIG]: validvaluesize = 28
09-30 01:57:59.909   661  1920 D [VIFMGR_HALCONF]: Send Vif Data size =28 port name=SPI from=1012
09-30 01:58:00.069  1026  1258 D RmtScheduleHdl: Receive message: MSG_SEND_SCHED_URL
09-30 01:58:00.069  1026  1258 V RemoteManager: RemoteManagerService::isContractProcess (true)
09-30 01:58:00.069  1026  1258 V RmtScheduleHdl: Contract Is Processing.. retry after 1sec
09-30 01:58:00.139  1701  2030 D [VIFMGR_CANSIG]: validvaluesize = 28
09-30 01:58:00.139   661  1925 D [VIFMGR_HALCONF]: Send Vif Data size =28 port name=SPI from=1701
09-30 01:58:00.149  1701  2030 D [VIFMGR_CANSIG]: validvaluesize = 28
09-30 01:58:00.149   661   661 D [VIFMGR_HALCONF]: Send Vif Data size =28 port name=SPI from=1701
09-30 01:58:00.159  1701  2030 D [VIFMGR_CANSIG]: validvaluesize = 28
09-30 01:58:00.159   661   891 D [VIFMGR_HALCONF]: Send Vif Data size =28 port name=SPI from=1701
09-30 01:58:00.899   700   905 V SystemManagerTime: get time type(3)
09-30 01:58:00.909   700   900 D SystemTimeUtils: GMT Time 1:58:0 2019-9-30, (1)weeks, (272)days
09-30 01:58:00.909   700   900 D SystemTimeUtils: (3)time_type, (540)tzoffset, (0)summertime
09-30 01:58:00.909   640  1038 D LocationCb: Changed [ HDOP : 01.0 ]
09-30 01:58:00.909  1012  1142 D [VIFMGR_CANSIG]: validvaluesize = 28
09-30 01:58:00.909   661  1917 D [VIFMGR_HALCONF]: Send Vif Data size =28 port name=SPI from=1012
09-30 01:58:01.069  1026  1258 D RmtScheduleHdl: Receive message: MSG_SEND_SCHED_URL
09-30 01:58:01.069  1026  1258 V RemoteManager: RemoteManagerService::isContractProcess (true)
09-30 01:58:01.069  1026  1258 V RmtScheduleHdl: Contract Is Processing.. retry after 1sec
09-30 01:58:01.179  1701  2030 D [VIFMGR_CANSIG]: validvaluesize = 28
09-30 01:58:01.179   661   899 D [VIFMGR_HALCONF]: Send Vif Data size =28 port name=SPI from=1701
09-30 01:58:01.189  1701  2030 D [VIFMGR_CANSIG]: validvaluesize = 28
09-30 01:58:01.189   661  1920 D [VIFMGR_HALCONF]: Send Vif Data size =28 port name=SPI from=1701
09-30 01:58:01.189  1701  2030 D [VIFMGR_CANSIG]: validvaluesize = 28
09-30 01:58:01.189   661  1925 D [VIFMGR_HALCONF]: Send Vif Data size =28 port name=SPI from=1701
09-30 01:58:01.909   700  2031 V SystemManagerTime: get time type(3)
09-30 01:58:01.909   700   700 D SystemTimeUtils: GMT Time 1:58:1 2019-9-30, (1)weeks, (272)days
09-30 01:58:01.909   700   700 D SystemTimeUtils: (3)time_type, (540)tzoffset, (0)summertime
09-30 01:58:01.909  1012  1142 D [VIFMGR_CANSIG]: validvaluesize = 28
09-30 01:58:01.909   661   661 D [VIFMGR_HALCONF]: Send Vif Data size =28 port name=SPI from=1012
09-30 01:58:02.069  1026  1258 D RmtScheduleHdl: Receive message: MSG_SEND_SCHED_URL
09-30 01:58:02.069  1026  1258 V RemoteManager: RemoteManagerService::isContractProcess (true)
09-30 01:58:02.069  1026  1258 V RmtScheduleHdl: Contract Is Processing.. retry after 1sec
09-30 01:58:02.199  1701  2030 D [VIFMGR_CANSIG]: validvaluesize = 28
09-30 01:58:02.199   661   891 D [VIFMGR_HALCONF]: Send Vif Data size =28 port name=SPI from=1701
09-30 01:58:02.209  1701  2030 D [VIFMGR_CANSIG]: validvaluesize = 28
09-30 01:58:02.209   661  1917 D [VIFMGR_HALCONF]: Send Vif Data size =28 port name=SPI from=1701
09-30 01:58:02.219  1701  2030 D [VIFMGR_CANSIG]: validvaluesize = 28
09-30 01:58:02.219   661   899 D [VIFMGR_HALCONF]: Send Vif Data size =28 port name=SPI from=1701
09-30 01:58:02.909   700   905 V SystemManagerTime: get time type(3)
09-30 01:58:02.909   700   700 D SystemTimeUtils: GMT Time 1:58:2 2019-9-30, (1)weeks, (272)days
09-30 01:58:02.909   700   700 D SystemTimeUtils: (3)time_type, (540)tzoffset, (0)summertime
09-30 01:58:02.909  1012  1142 D [VIFMGR_CANSIG]: validvaluesize = 28
09-30 01:58:02.909   661  1920 D [VIFMGR_HALCONF]: Send Vif Data size =28 port name=SPI from=1012
09-30 01:58:03.069  1026  1258 D RmtScheduleHdl: Receive message: MSG_SEND_SCHED_URL
09-30 01:58:03.069  1026  1258 V RemoteManager: RemoteManagerService::isContractProcess (true)
09-30 01:58:03.069  1026  1258 V RmtScheduleHdl: Contract Is Processing.. retry after 1sec
09-30 01:58:03.229  1701  2030 D [VIFMGR_CANSIG]: validvaluesize = 28
09-30 01:58:03.229   661  1925 D [VIFMGR_HALCONF]: Send Vif Data size =28 port name=SPI from=1701
09-30 01:58:03.239  1701  2030 D [VIFMGR_CANSIG]: validvaluesize = 28
09-30 01:58:03.239   661   661 D [VIFMGR_HALCONF]: Send Vif Data size =28 port name=SPI from=1701
09-30 01:58:03.249  1701  2030 D [VIFMGR_CANSIG]: validvaluesize = 28
09-30 01:58:03.249   661   891 D [VIFMGR_HALCONF]: Send Vif Data size =28 port name=SPI from=1701
09-30 01:58:03.599  1001  1089 I ArbiterManager: Handle Message: 1005
09-30 01:58:03.899   700  2031 V SystemManagerTime: get time type(3)
09-30 01:58:03.909   700   700 D SystemTimeUtils: GMT Time 1:58:3 2019-9-30, (1)weeks, (272)days
09-30 01:58:03.909   700   700 D SystemTimeUtils: (3)time_type, (540)tzoffset, (0)summertime
09-30 01:58:03.909  1012  1142 D [VIFMGR_CANSIG]: validvaluesize = 28
09-30 01:58:03.909   661  1917 D [VIFMGR_HALCONF]: Send Vif Data size =28 port name=SPI from=1012
09-30 01:58:04.069  1026  1258 D RmtScheduleHdl: Receive message: MSG_SEND_SCHED_URL
09-30 01:58:04.069  1026  1258 V RemoteManager: RemoteManagerService::isContractProcess (true)
09-30 01:58:04.069  1026  1258 V RmtScheduleHdl: Contract Is Processing.. retry after 1sec
09-30 01:58:04.259  1701  2030 D [VIFMGR_CANSIG]: validvaluesize = 28
09-30 01:58:04.259   661   899 D [VIFMGR_HALCONF]: Send Vif Data size =28 port name=SPI from=1701
09-30 01:58:04.269  1701  2030 D [VIFMGR_CANSIG]: validvaluesize = 28
09-30 01:58:04.269   661  1920 D [VIFMGR_HALCONF]: Send Vif Data size =28 port name=SPI from=1701
09-30 01:58:04.279  1701  2030 D [VIFMGR_CANSIG]: validvaluesize = 28
09-30 01:58:04.279   661  1925 D [VIFMGR_HALCONF]: Send Vif Data size =28 port name=SPI from=1701
09-30 01:58:04.769  1277  1367 D [VIFMGR_CANSIG]: validvaluesize = 28
09-30 01:58:04.769   661   661 D [VIFMGR_HALCONF]: Send Vif Data size =28 port name=SPI from=1277
09-30 01:58:04.909   700   905 V SystemManagerTime: get time type(3)
09-30 01:58:04.909   700   900 D SystemTimeUtils: GMT Time 1:58:4 2019-9-30, (1)weeks, (272)days
09-30 01:58:04.909   700   900 D SystemTimeUtils: (3)time_type, (540)tzoffset, (0)summertime
09-30 01:58:04.909  1012  1142 D [VIFMGR_CANSIG]: validvaluesize = 28
09-30 01:58:04.909   661   891 D [VIFMGR_HALCONF]: Send Vif Data size =28 port name=SPI from=1012
09-30 01:58:05.069  1100  1218 D DLoadBinManagerService: handleMessage, 1000
09-30 01:58:05.069  1026  1258 D RmtScheduleHdl: Receive message: MSG_SEND_SCHED_URL
09-30 01:58:05.069  1026  1258 V RemoteManager: RemoteManagerService::isContractProcess (true)
09-30 01:58:05.069  1026  1258 V RmtScheduleHdl: Contract Is Processing.. retry after 1sec
