09-30 01:58:41.349  1701  2030 D [VIFMGR_CANSIG]: validvaluesize = 28
09-30 01:58:41.349   661  1917 D [VIFMGR_HALCONF]: Send Vif Data size =28 port name=SPI from=1701
09-30 01:58:41.909   700   700 V SystemManagerTime: get time type(3)
09-30 01:58:41.909   700   905 D SystemTimeUtils: GMT Time 1:58:41 2019-9-30, (1)weeks, (272)days
09-30 01:58:41.909   700   905 D SystemTimeUtils: (3)time_type, (540)tzoffset, (0)summertime
09-30 01:58:42.089  1026  1258 D RmtScheduleHdl: Receive message: MSG_SEND_SCHED_URL
09-30 01:58:42.089  1026  1258 V RemoteManager: RemoteManagerService::isContractProcess (true)
09-30 01:58:42.089  1026  1258 V RmtScheduleHdl: Contract Is Processing.. retry after 1sec
09-30 01:58:42.359  1701  2030 D [VIFMGR_CANSIG]: validvaluesize = 28
09-30 01:58:42.359   661   899 D [VIFMGR_HALCONF]: Send Vif Data size =28 port name=SPI from=1701
09-30 01:58:42.369  1701  2030 D [VIFMGR_CANSIG]: validvaluesize = 28
09-30 01:58:42.369   661  1920 D [VIFMGR_HALCONF]: Send Vif Data size =28 port name=SPI from=1701
09-30 01:58:42.369  1701  2030 D [VIFMGR_CANSIG]: validvaluesize = 28
09-30 01:58:42.369   661  1925 D [VIFMGR_HALCONF]: Send Vif Data size =28 port name=SPI from=1701
09-30 01:58:42.909   700  2031 V SystemManagerTime: get time type(3)
09-30 01:58:42.909   700   905 D SystemTimeUtils: GMT Time 1:58:42 2019-9-30, (1)weeks, (272)days
09-30 01:58:42.909   700   905 D SystemTimeUtils: (3)time_type, (540)tzoffset, (0)summertime
09-30 01:58:43.089  1026  1258 D RmtScheduleHdl: Receive message: MSG_SEND_SCHED_URL
09-30 01:58:43.089  1026  1258 V RemoteManager: RemoteManagerService::isContractProcess (true)
09-30 01:58:43.089  1026  1258 V RmtScheduleHdl: Contract Is Processing.. retry after 1sec
09-30 01:58:43.379  1701  2030 D [VIFMGR_CANSIG]: validvaluesize = 28
09-30 01:58:43.379   661   661 D [VIFMGR_HALCONF]: Send Vif Data size =28 port name=SPI from=1701
09-30 01:58:43.389  1701  2030 D [VIFMGR_CANSIG]: validvaluesize = 28
09-30 01:58:43.389   661   891 D [VIFMGR_HALCONF]: Send Vif Data size =28 port name=SPI from=1701
09-30 01:58:43.399  1701  2030 D [VIFMGR_CANSIG]: validvaluesize = 28
09-30 01:58:43.399   661  1917 D [VIFMGR_HALCONF]: Send Vif Data size =28 port name=SPI from=1701
09-30 01:58:43.599  1001  1089 I ArbiterManager: Handle Message: 1005
09-30 01:58:43.909   700   700 V SystemManagerTime: get time type(3)
09-30 01:58:43.909   700   900 D SystemTimeUtils: GMT Time 1:58:43 2019-9-30, (1)weeks, (272)days
09-30 01:58:43.909   700   900 D SystemTimeUtils: (3)time_type, (540)tzoffset, (0)summertime
09-30 01:58:44.089  1026  1258 D RmtScheduleHdl: Receive message: MSG_SEND_SCHED_URL
09-30 01:58:44.089  1026  1258 V RemoteManager: RemoteManagerService::isContractProcess (true)
09-30 01:58:44.089  1026  1258 V RmtScheduleHdl: Contract Is Processing.. retry after 1sec
09-30 01:58:44.409  1701  2030 D [VIFMGR_CANSIG]: validvaluesize = 28
09-30 01:58:44.409   661   899 D [VIFMGR_HALCONF]: Send Vif Data size =28 port name=SPI from=1701
09-30 01:58:44.419  1701  2030 D [VIFMGR_CANSIG]: validvaluesize = 28
09-30 01:58:44.419   661  1920 D [VIFMGR_HALCONF]: Send Vif Data size =28 port name=SPI from=1701
09-30 01:58:44.429  1701  2030 D [VIFMGR_CANSIG]: validvaluesize = 28
09-30 01:58:44.429   661  1925 D [VIFMGR_HALCONF]: Send Vif Data size =28 port name=SPI from=1701
09-30 01:58:44.789  1277  1367 D [VIFMGR_CANSIG]: validvaluesize = 28
09-30 01:58:44.789   661   661 D [VIFMGR_HALCONF]: Send Vif Data size =28 port name=SPI from=1277
09-30 01:58:44.909   700  2031 V SystemManagerTime: get time type(3)
09-30 01:58:44.909   700   905 D SystemTimeUtils: GMT Time 1:58:44 2019-9-30, (1)weeks, (272)days
09-30 01:58:44.909   700   905 D SystemTimeUtils: (3)time_type, (540)tzoffset, (0)summertime
09-30 01:58:44.909   640   640 D LocationCb: Changed [ HDOP : 00.8 ]
09-30 01:58:45.069  1100  1218 D DLoadBinManagerService: handleMessage, 1000
09-30 01:58:45.089  1026  1258 D RmtScheduleHdl: Receive message: MSG_SEND_SCHED_URL
09-30 01:58:45.089  1026  1258 V RemoteManager: RemoteManagerService::isContractProcess (true)
09-30 01:58:45.089  1026  1258 V RmtScheduleHdl: Contract Is Processing.. retry after 1sec
09-30 01:58:45.439  1701  2030 D [VIFMGR_CANSIG]: validvaluesize = 28
09-30 01:58:45.439   661   891 D [VIFMGR_HALCONF]: Send Vif Data size =28 port name=SPI from=1701
09-30 01:58:45.449  1701  2030 D [VIFMGR_CANSIG]: validvaluesize = 28
09-30 01:58:45.449   661  1917 D [VIFMGR_HALCONF]: Send Vif Data size =28 port name=SPI from=1701
09-30 01:58:45.459  1701  2030 D [VIFMGR_CANSIG]: validvaluesize = 28
09-30 01:58:45.459   661   899 D [VIFMGR_HALCONF]: Send Vif Data size =28 port name=SPI from=1701
09-30 01:58:45.909   700   700 V SystemManagerTime: get time type(3)
09-30 01:58:45.909   700   900 D SystemTimeUtils: GMT Time 1:58:45 2019-9-30, (1)weeks, (272)days
09-30 01:58:45.909   700   900 D SystemTimeUtils: (3)time_type, (540)tzoffset, (0)summertime
09-30 01:58:46.089  1026  1258 D RmtScheduleHdl: Receive message: MSG_SEND_SCHED_URL
09-30 01:58:46.089  1026  1258 V RemoteManager: RemoteManagerService::isContractProcess (true)
09-30 01:58:46.089  1026  1258 V RmtScheduleHdl: Contract Is Processing.. retry after 1sec
09-30 01:58:46.469  1701  2030 D [VIFMGR_CANSIG]: validvaluesize = 28
09-30 01:58:46.469   661  1920 D [VIFMGR_HALCONF]: Send Vif Data size =28 port name=SPI from=1701
09-30 01:58:46.479  1701  2030 D [VIFMGR_CANSIG]: validvaluesize = 28
09-30 01:58:46.479   661  1925 D [VIFMGR_HALCONF]: Send Vif Data size =28 port name=SPI from=1701
09-30 01:58:46.489  1701  2030 D [VIFMGR_CANSIG]: validvaluesize = 28
09-30 01:58:46.489   661   661 D [VIFMGR_HALCONF]: Send Vif Data size =28 port name=SPI from=1701
09-30 01:58:46.909   700  2031 V SystemManagerTime: get time type(3)
09-30 01:58:46.909   700   905 D SystemTimeUtils: GMT Time 1:58:46 2019-9-30, (1)weeks, (272)days
09-30 01:58:46.909   700   905 D SystemTimeUtils: (3)time_type, (540)tzoffset, (0)summertime
09-30 01:58:46.909   640  1025 V LocationManagerService: acquireLocationInfo (113580) times : ReceiverSize(5) Lat(37.554369) Long(126.644949) Time(1569808726000)
09-30 01:58:47.089  1026  1258 D RmtScheduleHdl: Receive message: MSG_SEND_SCHED_URL
09-30 01:58:47.089  1026  1258 V RemoteManager: RemoteManagerService::isContractProcess (true)
09-30 01:58:47.089  1026  1258 V RmtScheduleHdl: Contract Is Processing.. retry after 1sec
09-30 01:58:47.499  1701  2030 D [VIFMGR_CANSIG]: validvaluesize = 28
09-30 01:58:47.499   661   891 D [VIFMGR_HALCONF]: Send Vif Data size =28 port name=SPI from=1701
09-30 01:58:47.509  1701  2030 D [VIFMGR_CANSIG]: validvaluesize = 28
09-30 01:58:47.509   661  1917 D [VIFMGR_HALCONF]: Send Vif Data size =28 port name=SPI from=1701
09-30 01:58:47.519  1701  2030 D [VIFMGR_CANSIG]: validvaluesize = 28
09-30 01:58:47.519   661   899 D [VIFMGR_HALCONF]: Send Vif Data size =28 port name=SPI from=1701
09-30 01:58:47.909   700   700 V SystemManagerTime: get time type(3)
09-30 01:58:47.909   700   900 D SystemTimeUtils: GMT Time 1:58:47 2019-9-30, (1)weeks, (272)days
09-30 01:58:47.909   700   900 D SystemTimeUtils: (3)time_type, (540)tzoffset, (0)summertime
09-30 01:58:48.089  1026  1258 D RmtScheduleHdl: Receive message: MSG_SEND_SCHED_URL
09-30 01:58:48.089  1026  1258 V RemoteManager: RemoteManagerService::isContractProcess (true)
09-30 01:58:48.089  1026  1258 V RmtScheduleHdl: Contract Is Processing.. retry after 1sec
09-30 01:58:48.529  1701  2030 D [VIFMGR_CANSIG]: validvaluesize = 28
09-30 01:58:48.529   661  1920 D [VIFMGR_HALCONF]: Send Vif Data size =28 port name=SPI from=1701
09-30 01:58:48.539  1701  2030 D [VIFMGR_CANSIG]: validvaluesize = 28
09-30 01:58:48.539   661  1925 D [VIFMGR_HALCONF]: Send Vif Data size =28 port name=SPI from=1701
09-30 01:58:48.549  1701  2030 D [VIFMGR_CANSIG]: validvaluesize = 28
09-30 01:58:48.549   661   661 D [VIFMGR_HALCONF]: Send Vif Data size =28 port name=SPI from=1701
09-30 01:58:48.909   700  2031 V SystemManagerTime: get time type(3)
09-30 01:58:48.909   700   905 D SystemTimeUtils: GMT Time 1:58:48 2019-9-30, (1)weeks, (272)days
09-30 01:58:48.909   700   905 D SystemTimeUtils: (3)time_type, (540)tzoffset, (0)summertime
09-30 01:58:49.089  1026  1258 D RmtScheduleHdl: Receive message: MSG_SEND_SCHED_URL
09-30 01:58:49.089  1026  1258 V RemoteManager: RemoteManagerService::isContractProcess (true)
09-30 01:58:49.089  1026  1258 V RmtScheduleHdl: Contract Is Processing.. retry after 1sec
09-30 01:58:49.559  1701  2030 D [VIFMGR_CANSIG]: validvaluesize = 28
09-30 01:58:49.559   661   891 D [VIFMGR_HALCONF]: Send Vif Data size =28 port name=SPI from=1701
09-30 01:58:49.569  1701  2030 D [VIFMGR_CANSIG]: validvaluesize = 28
09-30 01:58:49.569   661  1917 D [VIFMGR_HALCONF]: Send Vif Data size =28 port name=SPI from=1701
09-30 01:58:49.569  1701  2030 D [VIFMGR_CANSIG]: validvaluesize = 28
09-30 01:58:49.569   661   899 D [VIFMGR_HALCONF]: Send Vif Data size =28 port name=SPI from=1701
09-30 01:58:49.789  1277  1367 D [VIFMGR_CANSIG]: validvaluesize = 28
09-30 01:58:49.789   661  1920 D [VIFMGR_HALCONF]: Send Vif Data size =28 port name=SPI from=1277
09-30 01:58:49.909   700   700 V SystemManagerTime: get time type(3)
09-30 01:58:49.909   700   900 D SystemTimeUtils: GMT Time 1:58:49 2019-9-30, (1)weeks, (272)days
09-30 01:58:49.909   700   900 D SystemTimeUtils: (3)time_type, (540)tzoffset, (0)summertime
09-30 01:58:50.089  1026  1258 D RmtScheduleHdl: Receive message: MSG_SEND_SCHED_URL
09-30 01:58:50.089  1026  1258 V RemoteManager: RemoteManagerService::isContractProcess (true)
09-30 01:58:50.089  1026  1258 V RmtScheduleHdl: Contract Is Processing.. retry after 1sec
09-30 01:58:50.579  1701  2030 D [VIFMGR_CANSIG]: validvaluesize = 28
09-30 01:58:50.579   661  1925 D [VIFMGR_HALCONF]: Send Vif Data size =28 port name=SPI from=1701
09-30 01:58:50.589  1701  2030 D [VIFMGR_CANSIG]: validvaluesize = 28
09-30 01:58:50.589   661   661 D [VIFMGR_HALCONF]: Send Vif Data size =28 port name=SPI from=1701
09-30 01:58:50.599  1701  2030 D [VIFMGR_CANSIG]: validvaluesize = 28
09-30 01:58:50.599   661   891 D [VIFMGR_HALCONF]: Send Vif Data size =28 port name=SPI from=1701
09-30 01:58:50.739   640  8137 V LocationManagerService: reportLocSrvStatus with interval(30) sec : Started(1) Fixed(1) Latitude(37.55436864000000) Logitude(126.64494925000000) TimeStamp(1569808729000)
09-30 01:58:50.909   700  2031 V SystemManagerTime: get time type(3)
09-30 01:58:50.909   700   905 D SystemTimeUtils: GMT Time 1:58:50 2019-9-30, (1)weeks, (272)days
09-30 01:58:50.909   700   905 D SystemTimeUtils: (3)time_type, (540)tzoffset, (0)summertime
09-30 01:58:51.089  1026  1258 D RmtScheduleHdl: Receive message: MSG_SEND_SCHED_URL
09-30 01:58:51.089  1026  1258 V RemoteManager: RemoteManagerService::isContractProcess (true)
09-30 01:58:51.089  1026  1258 V RmtScheduleHdl: Contract Is Processing.. retry after 1sec
09-30 01:58:51.609  1701  2030 D [VIFMGR_CANSIG]: validvaluesize = 28
09-30 01:58:51.609   661  1917 D [VIFMGR_HALCONF]: Send Vif Data size =28 port name=SPI from=1701
09-30 01:58:51.619  1701  2030 D [VIFMGR_CANSIG]: validvaluesize = 28
09-30 01:58:51.619   661   899 D [VIFMGR_HALCONF]: Send Vif Data size =28 port name=SPI from=1701
09-30 01:58:51.629  1701  2030 D [VIFMGR_CANSIG]: validvaluesize = 28
09-30 01:58:51.629   661  1920 D [VIFMGR_HALCONF]: Send Vif Data size =28 port name=SPI from=1701
09-30 01:58:51.659   640   822 V LocationManagerService: setRecentLocationN1 [ duration : 13 ] 
09-30 01:58:51.909   700   700 V SystemManagerTime: get time type(3)
09-30 01:58:51.909   700   900 D SystemTimeUtils: GMT Time 1:58:51 2019-9-30, (1)weeks, (272)days
09-30 01:58:51.909   700   900 D SystemTimeUtils: (3)time_type, (540)tzoffset, (0)summertime
09-30 01:58:52.089  1026  1258 D RmtScheduleHdl: Receive message: MSG_SEND_SCHED_URL
09-30 01:58:52.089  1026  1258 V RemoteManager: RemoteManagerService::isContractProcess (true)
09-30 01:58:52.089  1026  1258 V RmtScheduleHdl: Contract Is Processing.. retry after 1sec
09-30 01:58:52.639  1701  2030 D [VIFMGR_CANSIG]: validvaluesize = 28
09-30 01:58:52.639   661  1925 D [VIFMGR_HALCONF]: Send Vif Data size =28 port name=SPI from=1701
09-30 01:58:52.649  1701  2030 D [VIFMGR_CANSIG]: validvaluesize = 28
09-30 01:58:52.649   661   661 D [VIFMGR_HALCONF]: Send Vif Data size =28 port name=SPI from=1701
09-30 01:58:52.659  1701  2030 D [VIFMGR_CANSIG]: validvaluesize = 28
09-30 01:58:52.659   661   891 D [VIFMGR_HALCONF]: Send Vif Data size =28 port name=SPI from=1701
09-30 01:58:52.909   700  2031 V SystemManagerTime: get time type(3)
09-30 01:58:52.909   700   905 D SystemTimeUtils: GMT Time 1:58:52 2019-9-30, (1)weeks, (272)days
09-30 01:58:52.909   700   905 D SystemTimeUtils: (3)time_type, (540)tzoffset, (0)summertime
09-30 01:58:53.089  1026  1258 D RmtScheduleHdl: Receive message: MSG_SEND_SCHED_URL
09-30 01:58:53.089  1026  1258 V RemoteManager: RemoteManagerService::isContractProcess (true)
09-30 01:58:53.089  1026  1258 V RmtScheduleHdl: Contract Is Processing.. retry after 1sec
09-30 01:58:53.599  1001  1089 I ArbiterManager: Handle Message: 1005
09-30 01:58:53.669  1701  2030 D [VIFMGR_CANSIG]: validvaluesize = 28
09-30 01:58:53.669   661  1917 D [VIFMGR_HALCONF]: Send Vif Data size =28 port name=SPI from=1701
09-30 01:58:53.679  1701  2030 D [VIFMGR_CANSIG]: validvaluesize = 28
09-30 01:58:53.679   661   899 D [VIFMGR_HALCONF]: Send Vif Data size =28 port name=SPI from=1701
09-30 01:58:53.689  1701  2030 D [VIFMGR_CANSIG]: validvaluesize = 28
09-30 01:58:53.689   661  1920 D [VIFMGR_HALCONF]: Send Vif Data size =28 port name=SPI from=1701
09-30 01:58:53.909   700   700 V SystemManagerTime: get time type(3)
09-30 01:58:53.909   700   900 D SystemTimeUtils: GMT Time 1:58:53 2019-9-30, (1)weeks, (272)days
09-30 01:58:53.909   700   900 D SystemTimeUtils: (3)time_type, (540)tzoffset, (0)summertime
09-30 01:58:54.089  1026  1258 D RmtScheduleHdl: Receive message: MSG_SEND_SCHED_URL
09-30 01:58:54.089  1026  1258 V RemoteManager: RemoteManagerService::isContractProcess (true)
09-30 01:58:54.089  1026  1258 V RmtScheduleHdl: Contract Is Processing.. retry after 1sec
09-30 01:58:54.699  1701  2030 D [VIFMGR_CANSIG]: validvaluesize = 28
09-30 01:58:54.699   661  1925 D [VIFMGR_HALCONF]: Send Vif Data size =28 port name=SPI from=1701
09-30 01:58:54.709  1701  2030 D [VIFMGR_CANSIG]: validvaluesize = 28
09-30 01:58:54.709   661   661 D [VIFMGR_HALCONF]: Send Vif Data size =28 port name=SPI from=1701
09-30 01:58:54.719  1701  2030 D [VIFMGR_CANSIG]: validvaluesize = 28
09-30 01:58:54.719   661   891 D [VIFMGR_HALCONF]: Send Vif Data size =28 port name=SPI from=1701
09-30 01:58:54.789  1277  1367 D [VIFMGR_CANSIG]: validvaluesize = 28
09-30 01:58:54.789   661  1917 D [VIFMGR_HALCONF]: Send Vif Data size =28 port name=SPI from=1277
09-30 01:58:54.909   700  2031 V SystemManagerTime: get time type(3)
09-30 01:58:54.909   700   905 D SystemTimeUtils: GMT Time 1:58:54 2019-9-30, (1)weeks, (272)days
09-30 01:58:54.909   700   905 D SystemTimeUtils: (3)time_type, (540)tzoffset, (0)summertime
09-30 01:58:55.069  1100  1218 D DLoadBinManagerService: handleMessage, 1000
09-30 01:58:55.089  1026  1258 D RmtScheduleHdl: Receive message: MSG_SEND_SCHED_URL
09-30 01:58:55.089  1026  1258 V RemoteManager: RemoteManagerService::isContractProcess (true)
09-30 01:58:55.089  1026  1258 V RmtScheduleHdl: Contract Is Processing.. retry after 1sec
09-30 01:58:55.729  1701  2030 D [VIFMGR_CANSIG]: validvaluesize = 28
09-30 01:58:55.729   661   899 D [VIFMGR_HALCONF]: Send Vif Data size =28 port name=SPI from=1701
09-30 01:58:55.739  1701  2030 D [VIFMGR_CANSIG]: validvaluesize = 28
09-30 01:58:55.739   661  1920 D [VIFMGR_HALCONF]: Send Vif Data size =28 port name=SPI from=1701
09-30 01:58:55.749  1701  2030 D [VIFMGR_CANSIG]: validvaluesize = 28
09-30 01:58:55.749   661  1925 D [VIFMGR_HALCONF]: Send Vif Data size =28 port name=SPI from=1701
09-30 01:58:55.909   700   700 V SystemManagerTime: get time type(3)
09-30 01:58:55.909   700   900 D SystemTimeUtils: GMT Time 1:58:55 2019-9-30, (1)weeks, (272)days
09-30 01:58:55.909   700   900 D SystemTimeUtils: (3)time_type, (540)tzoffset, (0)summertime
09-30 01:58:56.089  1026  1258 D RmtScheduleHdl: Receive message: MSG_SEND_SCHED_URL
09-30 01:58:56.089  1026  1258 V RemoteManager: RemoteManagerService::isContractProcess (true)
09-30 01:58:56.089  1026  1258 V RmtScheduleHdl: Contract Is Processing.. retry after 1sec
09-30 01:58:56.759  1701  2030 D [VIFMGR_CANSIG]: validvaluesize = 28
09-30 01:58:56.759   661   661 D [VIFMGR_HALCONF]: Send Vif Data size =28 port name=SPI from=1701
09-30 01:58:56.769  1701  2030 D [VIFMGR_CANSIG]: validvaluesize = 28
09-30 01:58:56.769   661   891 D [VIFMGR_HALCONF]: Send Vif Data size =28 port name=SPI from=1701
09-30 01:58:56.779  1701  2030 D [VIFMGR_CANSIG]: validvaluesize = 28
09-30 01:58:56.779   661  1917 D [VIFMGR_HALCONF]: Send Vif Data size =28 port name=SPI from=1701
09-30 01:58:56.909   700  2031 V SystemManagerTime: get time type(3)
09-30 01:58:56.909   700   900 D SystemTimeUtils: GMT Time 1:58:56 2019-9-30, (1)weeks, (272)days
09-30 01:58:56.909   700   900 D SystemTimeUtils: (3)time_type, (540)tzoffset, (0)summertime
09-30 01:58:56.909   640   640 V LocationManagerService: acquireLocationInfo (113590) times : ReceiverSize(5) Lat(37.554368) Long(126.644950) Time(1569808736000)
09-30 01:58:57.089  1026  1258 D RmtScheduleHdl: Receive message: MSG_SEND_SCHED_URL
09-30 01:58:57.089  1026  1258 V RemoteManager: RemoteManagerService::isContractProcess (true)
09-30 01:58:57.089  1026  1258 V RmtScheduleHdl: Contract Is Processing.. retry after 1sec
09-30 01:58:57.789  1701  2030 D [VIFMGR_CANSIG]: validvaluesize = 28
09-30 01:58:57.789   661   899 D [VIFMGR_HALCONF]: Send Vif Data size =28 port name=SPI from=1701
09-30 01:58:57.799  1701  2030 D [VIFMGR_CANSIG]: validvaluesize = 28
09-30 01:58:57.799   661  1920 D [VIFMGR_HALCONF]: Send Vif Data size =28 port name=SPI from=1701
09-30 01:58:57.809  1701  2030 D [VIFMGR_CANSIG]: validvaluesize = 28
09-30 01:58:57.809   661  1925 D [VIFMGR_HALCONF]: Send Vif Data size =28 port name=SPI from=1701
09-30 01:58:57.909   700   700 V SystemManagerTime: get time type(3)
09-30 01:58:57.909   700   905 D SystemTimeUtils: GMT Time 1:58:57 2019-9-30, (1)weeks, (272)days
09-30 01:58:57.909   700   905 D SystemTimeUtils: (3)time_type, (540)tzoffset, (0)summertime
09-30 01:58:58.099  1026  1258 D RmtScheduleHdl: Receive message: MSG_SEND_SCHED_URL
09-30 01:58:58.099  1026  1258 V RemoteManager: RemoteManagerService::isContractProcess (true)
09-30 01:58:58.099  1026  1258 V RmtScheduleHdl: Contract Is Processing.. retry after 1sec
09-30 01:58:58.819  1701  2030 D [VIFMGR_CANSIG]: validvaluesize = 28
09-30 01:58:58.819   661   661 D [VIFMGR_HALCONF]: Send Vif Data size =28 port name=SPI from=1701
09-30 01:58:58.829  1701  2030 D [VIFMGR_CANSIG]: validvaluesize = 28
09-30 01:58:58.829   661   891 D [VIFMGR_HALCONF]: Send Vif Data size =28 port name=SPI from=1701
09-30 01:58:58.839  1701  2030 D [VIFMGR_CANSIG]: validvaluesize = 28
09-30 01:58:58.839   661  1917 D [VIFMGR_HALCONF]: Send Vif Data size =28 port name=SPI from=1701
09-30 01:58:58.909   700  2031 V SystemManagerTime: get time type(3)
09-30 01:58:58.909   700   900 D SystemTimeUtils: GMT Time 1:58:58 2019-9-30, (1)weeks, (272)days
09-30 01:58:58.909   700   900 D SystemTimeUtils: (3)time_type, (540)tzoffset, (0)summertime
09-30 01:58:59.099  1026  1258 D RmtScheduleHdl: Receive message: MSG_SEND_SCHED_URL
09-30 01:58:59.099  1026  1258 V RemoteManager: RemoteManagerService::isContractProcess (true)
09-30 01:58:59.099  1026  1258 V RmtScheduleHdl: Contract Is Processing.. retry after 1sec
09-30 01:58:59.789  1277  1367 D [VIFMGR_CANSIG]: validvaluesize = 28
09-30 01:58:59.799   661   899 D [VIFMGR_HALCONF]: Send Vif Data size =28 port name=SPI from=1277
09-30 01:58:59.849  1701  2030 D [VIFMGR_CANSIG]: validvaluesize = 28
09-30 01:58:59.849   661  1920 D [VIFMGR_HALCONF]: Send Vif Data size =28 port name=SPI from=1701
09-30 01:58:59.859  1701  2030 D [VIFMGR_CANSIG]: validvaluesize = 28
09-30 01:58:59.859   661  1925 D [VIFMGR_HALCONF]: Send Vif Data size =28 port name=SPI from=1701
09-30 01:58:59.869  1701  2030 D [VIFMGR_CANSIG]: validvaluesize = 28
09-30 01:58:59.869   661   661 D [VIFMGR_HALCONF]: Send Vif Data size =28 port name=SPI from=1701
09-30 01:58:59.909   700   700 V SystemManagerTime: get time type(3)
09-30 01:58:59.909   700   905 D SystemTimeUtils: GMT Time 1:58:59 2019-9-30, (1)weeks, (272)days
09-30 01:58:59.909   700   905 D SystemTimeUtils: (3)time_type, (540)tzoffset, (0)summertime
09-30 01:59:00.099  1026  1258 D RmtScheduleHdl: Receive message: MSG_SEND_SCHED_URL
09-30 01:59:00.099  1026  1258 V RemoteManager: RemoteManagerService::isContractProcess (true)
09-30 01:59:00.099  1026  1258 V RmtScheduleHdl: Contract Is Processing.. retry after 1sec
09-30 01:59:00.889  1701  2030 D [VIFMGR_CANSIG]: validvaluesize = 28
09-30 01:59:00.889   661   891 D [VIFMGR_HALCONF]: Send Vif Data size =28 port name=SPI from=1701
09-30 01:59:00.889  1701  2030 D [VIFMGR_CANSIG]: validvaluesize = 28
09-30 01:59:00.889   661  1917 D [VIFMGR_HALCONF]: Send Vif Data size =28 port name=SPI from=1701
09-30 01:59:00.899  1701  2030 D [VIFMGR_CANSIG]: validvaluesize = 28
09-30 01:59:00.899   661   899 D [VIFMGR_HALCONF]: Send Vif Data size =28 port name=SPI from=1701
09-30 01:59:00.919   700  2031 V SystemManagerTime: get time type(3)
09-30 01:59:00.919   700   905 D SystemTimeUtils: GMT Time 1:59:0 2019-9-30, (1)weeks, (272)days
09-30 01:59:00.919   700   905 D SystemTimeUtils: (3)time_type, (540)tzoffset, (0)summertime
09-30 01:59:01.099  1026  1258 D RmtScheduleHdl: Receive message: MSG_SEND_SCHED_URL
09-30 01:59:01.099  1026  1258 V RemoteManager: RemoteManagerService::isContractProcess (true)
09-30 01:59:01.099  1026  1258 V RmtScheduleHdl: Contract Is Processing.. retry after 1sec
09-30 01:59:01.909   700  2031 V SystemManagerTime: get time type(3)
09-30 01:59:01.909   700   905 D SystemTimeUtils: GMT Time 1:59:1 2019-9-30, (1)weeks, (272)days
09-30 01:59:01.909   700   905 D SystemTimeUtils: (3)time_type, (540)tzoffset, (0)summertime
09-30 01:59:01.909  1701  2030 D [VIFMGR_CANSIG]: validvaluesize = 28
09-30 01:59:01.909   661  1920 D [VIFMGR_HALCONF]: Send Vif Data size =28 port name=SPI from=1701
09-30 01:59:01.919  1012  1142 D [VIFMGR_CANSIG]: validvaluesize = 28
09-30 01:59:01.919   661  1925 D [VIFMGR_HALCONF]: Send Vif Data size =28 port name=SPI from=1012
09-30 01:59:01.929  1701  2030 D [VIFMGR_CANSIG]: validvaluesize = 28
09-30 01:59:01.929   661   661 D [VIFMGR_HALCONF]: Send Vif Data size =28 port name=SPI from=1701
09-30 01:59:01.929  1701  2030 D [VIFMGR_CANSIG]: validvaluesize = 28
09-30 01:59:01.929   661   891 D [VIFMGR_HALCONF]: Send Vif Data size =28 port name=SPI from=1701
09-30 01:59:02.099  1026  1258 D RmtScheduleHdl: Receive message: MSG_SEND_SCHED_URL
09-30 01:59:02.099  1026  1258 V RemoteManager: RemoteManagerService::isContractProcess (true)
09-30 01:59:02.099  1026  1258 V RmtScheduleHdl: Contract Is Processing.. retry after 1sec
09-30 01:59:02.909   700   900 V SystemManagerTime: get time type(3)
09-30 01:59:02.909   700   905 D SystemTimeUtils: GMT Time 1:59:2 2019-9-30, (1)weeks, (272)days
09-30 01:59:02.909   700   905 D SystemTimeUtils: (3)time_type, (540)tzoffset, (0)summertime
09-30 01:59:02.909  1012  1142 D [VIFMGR_CANSIG]: validvaluesize = 28
09-30 01:59:02.909   661  1917 D [VIFMGR_HALCONF]: Send Vif Data size =28 port name=SPI from=1012
09-30 01:59:02.939  1701  2030 D [VIFMGR_CANSIG]: validvaluesize = 28
09-30 01:59:02.939   661   899 D [VIFMGR_HALCONF]: Send Vif Data size =28 port name=SPI from=1701
09-30 01:59:02.949  1701  2030 D [VIFMGR_CANSIG]: validvaluesize = 28
09-30 01:59:02.949   661  1920 D [VIFMGR_HALCONF]: Send Vif Data size =28 port name=SPI from=1701
09-30 01:59:02.959  1701  2030 D [VIFMGR_CANSIG]: validvaluesize = 28
09-30 01:59:02.959   661  1925 D [VIFMGR_HALCONF]: Send Vif Data size =28 port name=SPI from=1701
09-30 01:59:03.099  1026  1258 D RmtScheduleHdl: Receive message: MSG_SEND_SCHED_URL
09-30 01:59:03.099  1026  1258 V RemoteManager: RemoteManagerService::isContractProcess (true)
09-30 01:59:03.099  1026  1258 V RmtScheduleHdl: Contract Is Processing.. retry after 1sec
09-30 01:59:03.599  1001  1089 I ArbiterManager: Handle Message: 1005
09-30 01:59:03.909   700   700 V SystemManagerTime: get time type(3)
09-30 01:59:03.909   700   905 D SystemTimeUtils: GMT Time 1:59:3 2019-9-30, (1)weeks, (272)days
09-30 01:59:03.909   700   905 D SystemTimeUtils: (3)time_type, (540)tzoffset, (0)summertime
09-30 01:59:03.909  1012  1142 D [VIFMGR_CANSIG]: validvaluesize = 28
09-30 01:59:03.909   661   661 D [VIFMGR_HALCONF]: Send Vif Data size =28 port name=SPI from=1012
09-30 01:59:03.969  1701  2030 D [VIFMGR_CANSIG]: validvaluesize = 28
09-30 01:59:03.969   661   891 D [VIFMGR_HALCONF]: Send Vif Data size =28 port name=SPI from=1701
09-30 01:59:03.979  1701  2030 D [VIFMGR_CANSIG]: validvaluesize = 28
09-30 01:59:03.979   661  1917 D [VIFMGR_HALCONF]: Send Vif Data size =28 port name=SPI from=1701
09-30 01:59:03.989  1701  2030 D [VIFMGR_CANSIG]: validvaluesize = 28
09-30 01:59:03.989   661   899 D [VIFMGR_HALCONF]: Send Vif Data size =28 port name=SPI from=1701
09-30 01:59:04.099  1026  1258 D RmtScheduleHdl: Receive message: MSG_SEND_SCHED_URL
09-30 01:59:04.099  1026  1258 V RemoteManager: RemoteManagerService::isContractProcess (true)
09-30 01:59:04.099  1026  1258 V RmtScheduleHdl: Contract Is Processing.. retry after 1sec
09-30 01:59:04.659   640   822 V LocationManagerService: setRecentLocationN1 [ duration : 14 ] 
09-30 01:59:04.799  1277  1367 D [VIFMGR_CANSIG]: validvaluesize = 28
09-30 01:59:04.799   661  1920 D [VIFMGR_HALCONF]: Send Vif Data size =28 port name=SPI from=1277
09-30 01:59:04.909   700   900 V SystemManagerTime: get time type(3)
09-30 01:59:04.909   700  2031 D SystemTimeUtils: GMT Time 1:59:4 2019-9-30, (1)weeks, (272)days
09-30 01:59:04.909   700  2031 D SystemTimeUtils: (3)time_type, (540)tzoffset, (0)summertime
09-30 01:59:04.909  1012  1142 D [VIFMGR_CANSIG]: validvaluesize = 28
09-30 01:59:04.909   661  1925 D [VIFMGR_HALCONF]: Send Vif Data size =28 port name=SPI from=1012
09-30 01:59:04.999  1701  2030 D [VIFMGR_CANSIG]: validvaluesize = 28
09-30 01:59:04.999   661   661 D [VIFMGR_HALCONF]: Send Vif Data size =28 port name=SPI from=1701
09-30 01:59:04.999  1701  2030 D [VIFMGR_CANSIG]: validvaluesize = 28
09-30 01:59:05.009   661   891 D [VIFMGR_HALCONF]: Send Vif Data size =28 port name=SPI from=1701
09-30 01:59:05.009  1701  2030 D [VIFMGR_CANSIG]: validvaluesize = 28
09-30 01:59:05.019   661  1917 D [VIFMGR_HALCONF]: Send Vif Data size =28 port name=SPI from=1701
09-30 01:59:05.069  1100  1218 D DLoadBinManagerService: handleMessage, 1000
09-30 01:59:05.099  1026  1258 D RmtScheduleHdl: Receive message: MSG_SEND_SCHED_URL
09-30 01:59:05.099  1026  1258 V RemoteManager: RemoteManagerService::isContractProcess (true)
09-30 01:59:05.099  1026  1258 V RmtScheduleHdl: Contract Is Processing.. retry after 1sec
09-30 01:59:05.909   700   700 V SystemManagerTime: get time type(3)
09-30 01:59:05.909   700   905 D SystemTimeUtils: GMT Time 1:59:5 2019-9-30, (1)weeks, (272)days
09-30 01:59:05.909   700   905 D SystemTimeUtils: (3)time_type, (540)tzoffset, (0)summertime
09-30 01:59:05.909  1012  1142 D [VIFMGR_CANSIG]: validvaluesize = 28
09-30 01:59:05.909   661   899 D [VIFMGR_HALCONF]: Send Vif Data size =28 port name=SPI from=1012
09-30 01:59:06.019  1701  2030 D [VIFMGR_CANSIG]: validvaluesize = 28
09-30 01:59:06.019   661  1920 D [VIFMGR_HALCONF]: Send Vif Data size =28 port name=SPI from=1701
09-30 01:59:06.029  1701  2030 D [VIFMGR_CANSIG]: validvaluesize = 28
09-30 01:59:06.029   661  1925 D [VIFMGR_HALCONF]: Send Vif Data size =28 port name=SPI from=1701
09-30 01:59:06.039  1701  2030 D [VIFMGR_CANSIG]: validvaluesize = 28
09-30 01:59:06.039   661   661 D [VIFMGR_HALCONF]: Send Vif Data size =28 port name=SPI from=1701
09-30 01:59:06.099  1026  1258 D RmtScheduleHdl: Receive message: MSG_SEND_SCHED_URL
09-30 01:59:06.099  1026  1258 V RemoteManager: RemoteManagerService::isContractProcess (true)
09-30 01:59:06.099  1026  1258 V RmtScheduleHdl: Contract Is Processing.. retry after 1sec
09-30 01:59:06.909   700   900 V SystemManagerTime: get time type(3)
09-30 01:59:06.909   700  2031 D SystemTimeUtils: GMT Time 1:59:6 2019-9-30, (1)weeks, (272)days
09-30 01:59:06.909   700  2031 D SystemTimeUtils: (3)time_type, (540)tzoffset, (0)summertime
09-30 01:59:06.909   640  1025 V LocationManagerService: acquireLocationInfo (113600) times : ReceiverSize(5) Lat(37.554368) Long(126.644951) Time(1569808746000)
09-30 01:59:07.049  1701  2030 D [VIFMGR_CANSIG]: validvaluesize = 28
09-30 01:59:07.049   661   891 D [VIFMGR_HALCONF]: Send Vif Data size =28 port name=SPI from=1701
09-30 01:59:07.059  1701  2030 D [VIFMGR_CANSIG]: validvaluesize = 28
09-30 01:59:07.059   661  1917 D [VIFMGR_HALCONF]: Send Vif Data size =28 port name=SPI from=1701
09-30 01:59:07.069  1701  2030 D [VIFMGR_CANSIG]: validvaluesize = 28
09-30 01:59:07.069   661   899 D [VIFMGR_HALCONF]: Send Vif Data size =28 port name=SPI from=1701
09-30 01:59:07.099  1026  1258 D RmtScheduleHdl: Receive message: MSG_SEND_SCHED_URL
09-30 01:59:07.099  1026  1258 V RemoteManager: RemoteManagerService::isContractProcess (true)
09-30 01:59:07.099  1026  1258 V RmtScheduleHdl: Contract Is Processing.. retry after 1sec
09-30 01:59:07.909   700   700 V SystemManagerTime: get time type(3)
09-30 01:59:07.909   700  2031 D SystemTimeUtils: GMT Time 1:59:7 2019-9-30, (1)weeks, (272)days
09-30 01:59:07.909   700  2031 D SystemTimeUtils: (3)time_type, (540)tzoffset, (0)summertime
09-30 01:59:07.999   680   766 E AlarmHalImpl: mdm_alarmPollInt :416
09-30 01:59:07.999   680   766 I AlarmQueue: <<>><<>>Got Message[0x7f65f248]  0xb41007e8
09-30 01:59:07.999   680   766 D AlarmManagerImpl: AlarmLooper::Alarm is expired
09-30 01:59:07.999   680   766 I AlarmQueue: <<<  poll start : 0x7f65f248
09-30 01:59:07.999   680   766 I AlarmQueue: start alarmPollInt [0x7f65f248]
09-30 01:59:07.999   680   766 I AlarmHalImpl: mdm_alarmPollInt
09-30 01:59:07.999   680   766 I AlarmHalImpl: rtc_fd : 9
09-30 01:59:07.999   680   745 D AlarmManagerImpl: AlarmHandler::handleMessage : what : 1
09-30 01:59:07.999   680   745 D AlarmManagerImpl: alarmExpired
09-30 01:59:07.999   680   745 D AlarmManagerImpl: alarmExpired : call listener
09-30 01:59:07.999  1697  1792 V DHC:DhcApplication:: --onAlarmExpired-- param == 0 
09-30 01:59:07.999  1697  1792 V DHC:DhcApplication:: TESTPOINT DUMP: func:'sendMessageCheckIn' desc:'GetCurrentPowerState' var:'PowerState' data:'1'
09-30 01:59:07.999  1697  1791 V DHC:DhcHandler:: MainHanlder handleMessage: 16 state: 1
09-30 01:59:07.999  1697  1791 V DHC:DhcHandler:: TESTPOINT MARK: func:'CheckIn' desc:'Stop callback timer: mCheckinTimer'
09-30 01:59:07.999  1697  1791 D DHC     : getFlag CUST
09-30 01:59:07.999  1697  1791 D DHC     : CUST is 1
09-30 01:59:07.999  1697  1791 V DHC     : getTelemaFlag
09-30 01:59:07.999  1697  1791 D DHC     : getFlag Telematics
09-30 01:59:07.999  1697  1791 D DHC     : Telematics is 1
09-30 01:59:07.999  1697  1791 D DHC     : getFlag DHC
09-30 01:59:07.999  1697  1791 D DHC     : DHC is 1
09-30 01:59:07.999  1697  1791 V DHC:DhcApplication:: TESTPOINT MARK: func:'checkPrecondition' desc:'Telematics: ON'
09-30 01:59:07.999  1697  1791 V DHC:DhcApplication:: TESTPOINT MARK: func:'checkPrecondition' desc:'DHC flag: ON'
09-30 01:59:07.999  1697  1791 V DHC:DhcApplication:: TESTPOINT DUMP: func:'checkPrecondition' desc:'GetCurrentPowerState' var:'PowerState' data:'1'
09-30 01:59:07.999  1697  1791 V DHC:DhcApplication:: DHC start by interval.
09-30 01:59:07.999  1697  1791 V DHC:DhcApplication:: Change app state to: 3
09-30 01:59:07.999  1697  1791 V DHC:DhcHandler:: TESTPOINT MARK: func:'CheckIn' desc:'App state: DHC_CHECKIN'
09-30 01:59:07.999  1697  1791 V DHC:DhcHandler:: TESTPOINT MARK: func:'canRetry' desc:'Send data fail'
09-30 01:59:07.999  1697  1791 V DHC:DhcHandler:: TESTPOINT MARK: func:'canRetry' desc:'Retry policy'
09-30 01:59:07.999  1697  1791 V DHC:DhcHandler:: TESTPOINT DUMP: func:'canRetry' desc:'Retry Policy' var:'Retry time' data:'0'
09-30 01:59:07.999  1697  1791 V DHC:DhcHandler:: Retry time: 0
09-30 01:59:07.999  1697  1791 V DHC:DhcHandler:: curPriority = 102
09-30 01:59:07.999  1001  1255 V ArbiterManager: Start service request from 0x00800000
09-30 01:59:07.999  1001  1089 I ArbiterManager: Handle Message: 1003
09-30 01:59:07.999  1001  1089 V ArbiterManager: startServiceLocked()
09-30 01:59:07.999  1001  1089 I ArbiterManager: new app-service  DHC is inserted
09-30 01:59:07.999  1001  1089 V ArbiterManager: binderConnected(), conn: 1, select: 1
09-30 01:59:07.999  1001  1089 I ArbiterManager: notifyToReceiver(), CurrntProgressService: 0x00810000
09-30 01:59:07.999  1064  1216 V HMIManagerService: --ArbiterServiceStatusChanged--newStatus = 0x00810000
09-30 01:59:08.009  1031  1184 I TetherManagerService: ArbiterReceiver::onServiceStatusChanged 0x00810000
09-30 01:59:08.009  1697  1791 V DHC:DhcHandler:: handleMessage: 16 DONE
09-30 01:59:08.009  1277  1277 V NWCommunicatorService: [onServiceStatusChanged]
09-30 01:59:08.009  1277  1277 I NWCommunicatorService: newStatus : 0x00810000, getACNSOSstarted() = 0x00000000
09-30 01:59:08.009  1026  1795 V RemoteManager: RemoteManagerService::onServiceStatusChanged() ++
09-30 01:59:08.009  1697  1697 V         : onServiceStatusChanged: 8454144
09-30 01:59:08.009  1697  1697 V DHC:DhcHandler:: Receive onStatusChangeSignal
09-30 01:59:08.009  1697  1791 V DHC:DhcHandler:: MainHanlder handleMessage: 22 state: 3
09-30 01:59:08.009  1697  1791 V DHC:DhcHandler:: arbiter state changed : 0x00800000 
09-30 01:59:08.009  1697  1791 V DHC:DhcHandler:: handleMessage: 22 DONE
09-30 01:59:08.009  1682  1804 V SOS:AppBizMainHdl: --onServiceStatusChanged--newStatus = 0x00810000
09-30 01:59:08.009  1692  1813 V ACN:AppBizMainHdl: --onServiceStatusChanged--newStatus=0x00810000
09-30 01:59:08.009  1692  1801 V ACN:AppBizMainHdl: [handleMessage]: 2003
09-30 01:59:08.009  1681  1749 V SVT:SvtHandler: MainHanlder handleMessage: 112 state: 0
09-30 01:59:08.009   991  1209 V FOTAManagerService: onArbiterServiceStatusChanged - newStatus = 0x810000
09-30 01:59:08.009   991  1209 V FOTAManagerService: onArbiterServiceStatusChanged - FOTA service doesn't have to be stopped.
09-30 01:59:08.009   991  1209 V FOTAManagerService: sendMessageAsClient - buf = CMD_DEV_IDLE_STATUS;1
09-30 01:59:08.009   991  1209 V FOTAManagerService: FOTAManagerService::transmissionMessage - start
09-30 01:59:08.009   991  1209 V FOTAManagerService: transmissionMessage write start
09-30 01:59:08.019   991  1209 V FOTAManagerService: getProcessID - getProcessID(FOTA_RESTDM) :Found. id = 2310
09-30 01:59:08.019   991  1209 V FOTAManagerService: FOTAManagerService::transmissionMessage - finish
09-30 01:59:08.079  1701  2030 D [VIFMGR_CANSIG]: validvaluesize = 28
09-30 01:59:08.079   661  1920 D [VIFMGR_HALCONF]: Send Vif Data size =28 port name=SPI from=1701
09-30 01:59:08.089  1701  2030 D [VIFMGR_CANSIG]: validvaluesize = 28
09-30 01:59:08.089   661  1925 D [VIFMGR_HALCONF]: Send Vif Data size =28 port name=SPI from=1701
09-30 01:59:08.099  1701  2030 D [VIFMGR_CANSIG]: validvaluesize = 28
09-30 01:59:08.099   661   661 D [VIFMGR_HALCONF]: Send Vif Data size =28 port name=SPI from=1701
09-30 01:59:08.099  1026  1258 D RmtScheduleHdl: Receive message: MSG_SEND_SCHED_URL
09-30 01:59:08.099  1026  1258 V RemoteManager: RemoteManagerService::isContractProcess (true)
09-30 01:59:08.099  1026  1258 V RmtScheduleHdl: Contract Is Processing.. retry after 1sec
09-30 01:59:08.299  1001  1089 I ArbiterManager: Handle Message: 1008
09-30 01:59:08.309  1001  1089 I ArbiterManager: new app-sucess  DHC is inserted
09-30 01:59:08.309  1697  1796 V         : onServiceStatusRequested: 101
09-30 01:59:08.309  1697  1796 V DHC:DhcHandler:: Receive onRequestChangeSignal
09-30 01:59:08.309  1697  1791 V DHC:DhcHandler:: MainHanlder handleMessage: 23 state: 3
09-30 01:59:08.309  1697  1791 V DHC:DhcHandler:: Start service
09-30 01:59:08.309  1697  1791 I DHC:DhcApplication:: setPowerLock lock=1, id=8
09-30 01:59:08.309  1017  1213 I PowerModeManagerSerivce: doPowerLock, id:1697 lockId:0x8
09-30 01:59:08.309  1017  1213 I PowerModeManagerSerivce: doPowerLock, id:1697, lockId:0x8, total lock:0x2980000000010008
09-30 01:59:08.309  1017  1151 I PowerModeManagerSerivce: checkServiceList, 0x8
09-30 01:59:08.309  1017  1151 I PowerModeManagerService: invalid fsm index:-1 event:4, state:1
09-30 01:59:08.309  1697  1791 V DHC:DhcHandler:: handleMessage: 23 DONE
09-30 01:59:08.309  1697  1791 V DHC:DhcHandler:: MainHanlder handleMessage: 9 state: 3
09-30 01:59:08.309  1697  1791 V DHC:DhcHandler:: TESTPOINT MARK: func:'canRetry' desc:'Send data fail'
09-30 01:59:08.309  1697  1791 V DHC:DhcHandler:: TESTPOINT MARK: func:'canRetry' desc:'Retry policy'
09-30 01:59:08.309  1697  1791 V DHC:DhcHandler:: TESTPOINT DUMP: func:'canRetry' desc:'Retry Policy' var:'Retry time' data:'0'
09-30 01:59:08.309  1697  1791 V DHC:DhcHandler:: Retry time: 0
09-30 01:59:08.309  1697  1791 V DHC:DhcHandler:: curPriority = 101
09-30 01:59:08.309  1697  1791 V DHC:DhcHandler:: curState 3 
09-30 01:59:08.309  1697  1791 V DHC:DhcHandler:: Send DHC Checkin message: retryCount = 0
09-30 01:59:08.309  1697  1791 V DHC:DhcHandler:: TESTPOINT MARK: func:'triggerTaskBaseOnCurrentState' desc:'Send data to TSP: HTTP'
09-30 01:59:08.309  1697  1791 V DHC:DhcHandler:: TESTPOINT MARK: func:'triggerTaskBaseOnCurrentState' desc:'DHC Check-in [HTTPS POST]'
09-30 01:59:08.309  1697  1791 V DHC:DhcHandler:: TESTPOINT MARK: func:'setDuration' desc:'Start callback timer: mHttpTimeoutTimer'
09-30 01:59:08.309  1697  1791 V DHC:DhcApplication:: Send dhc checkin
09-30 01:59:08.309   700   900 D SystemTimeUtils: GMT Time 1:59:8 2019-9-30, (1)weeks, (272)days
09-30 01:59:08.309   700   900 D SystemTimeUtils: (3)time_type, (540)tzoffset, (0)summertime
09-30 01:59:08.309  1697  1791 V DHC:Config:: currentTime 1569808748 GMT
09-30 01:59:08.309  1697  1791 V DHC:Config:: TM after get: 2019/9/30 - 1:59:8
09-30 01:59:08.319  1036  1036 V EMLManagerService: EMLManagerService::encodeEML ++
09-30 01:59:08.319  1036  1036 V EMLManagerService: EncodeEML -- message : DHC_Check_In
09-30 01:59:08.319   700   905 D SystemTimeUtils: GMT Time 1:59:8 2019-9-30, (1)weeks, (272)days
09-30 01:59:08.319   700   905 D SystemTimeUtils: (3)time_type, (540)tzoffset, (0)summertime
09-30 01:59:08.319  1036  1036 V EMLImplEncode: EMLImplEncode::handleEncodeMessage ++
09-30 01:59:08.319  1036  1036 V EMLImplEncode: EMLImplEncode::setDHC ++
09-30 01:59:08.319  1052  1673 V AppSecurityManagerService: AppSecurityManagerService::getTZData++ - dataID = 2001
09-30 01:59:08.319  1052  1673 V AppSecurityManagerService: AppSecurityManagerService::getTZData++ - name = prephoneNumACNPrimary
09-30 01:59:08.319  1052  1673 I KeystoreClient: KeystoreClient get: data:prephoneNumACNPrimary
09-30 01:59:08.319   438   438 D KeystoreService: onTransact() GET
09-30 01:59:08.319   438   438 V keystore: reading blob user_0/0_data:prephoneNumACNPrimary
09-30 01:59:08.359   438   438 D KeystoreService: GET status = 1
09-30 01:59:08.359  1052  1673 D KeystoreClient: KeystoreClient get rc=0
09-30 01:59:08.359  1052  1673 V AppSecurityManagerService: AppSecurityManagerService::getTZData - data = +821039475863
09-30 01:59:08.359  1052  1052 V AppSecurityManagerService: AppSecurityManagerService::getTZData++ - dataID = 2002
09-30 01:59:08.359  1052  1052 V AppSecurityManagerService: AppSecurityManagerService::getTZData++ - name = prephoneNumACNSecondary
09-30 01:59:08.359  1052  1052 I KeystoreClient: KeystoreClient get: data:prephoneNumACNSecondary
09-30 01:59:08.359   438   438 D KeystoreService: onTransact() GET
09-30 01:59:08.359   438   438 V keystore: reading blob user_0/0_data:prephoneNumACNSecondary
09-30 01:59:08.399   438   438 D KeystoreService: GET status = 1
09-30 01:59:08.399  1052  1052 D KeystoreClient: KeystoreClient get rc=0
09-30 01:59:08.399  1052  1052 V AppSecurityManagerService: AppSecurityManagerService::getTZData - data = +821039475863
09-30 01:59:08.399  1052  1670 V AppSecurityManagerService: AppSecurityManagerService::getTZData++ - dataID = 2003
09-30 01:59:08.399  1052  1670 V AppSecurityManagerService: AppSecurityManagerService::getTZData++ - name = prephoneNumSOSPrimary
09-30 01:59:08.399  1052  1670 I KeystoreClient: KeystoreClient get: data:prephoneNumSOSPrimary
09-30 01:59:08.399   438   438 D KeystoreService: onTransact() GET
09-30 01:59:08.399   438   438 V keystore: reading blob user_0/0_data:prephoneNumSOSPrimary
09-30 01:59:08.439   438   438 D KeystoreService: GET status = 1
09-30 01:59:08.439  1052  1670 D KeystoreClient: KeystoreClient get rc=0
09-30 01:59:08.439  1052  1670 V AppSecurityManagerService: AppSecurityManagerService::getTZData - data = +821039475863
09-30 01:59:08.439  1052  1673 V AppSecurityManagerService: AppSecurityManagerService::getTZData++ - dataID = 2004
09-30 01:59:08.439  1052  1673 V AppSecurityManagerService: AppSecurityManagerService::getTZData++ - name = prephoneNumSOSSecondary
09-30 01:59:08.439  1052  1673 I KeystoreClient: KeystoreClient get: data:prephoneNumSOSSecondary
09-30 01:59:08.439   438   438 D KeystoreService: onTransact() GET
09-30 01:59:08.439   438   438 V keystore: reading blob user_0/0_data:prephoneNumSOSSecondary
09-30 01:59:08.479   438   438 D KeystoreService: GET status = 1
09-30 01:59:08.479  1052  1673 D KeystoreClient: KeystoreClient get rc=0
09-30 01:59:08.479  1052  1673 V AppSecurityManagerService: AppSecurityManagerService::getTZData - data = +821039475863
09-30 01:59:08.479  1052  1052 V AppSecurityManagerService: AppSecurityManagerService::getTZData++ - dataID = 2005
09-30 01:59:08.479  1052  1052 V AppSecurityManagerService: AppSecurityManagerService::getTZData++ - name = prephoneNumInboundPrimary
09-30 01:59:08.479  1052  1052 I KeystoreClient: KeystoreClient get: data:prephoneNumInboundPrimary
09-30 01:59:08.479   438   438 D KeystoreService: onTransact() GET
09-30 01:59:08.479   438   438 V keystore: reading blob user_0/0_data:prephoneNumInboundPrimary
09-30 01:59:08.519   438   438 D KeystoreService: GET status = 1
09-30 01:59:08.519  1052  1052 D KeystoreClient: KeystoreClient get rc=0
09-30 01:59:08.519  1052  1052 V AppSecurityManagerService: AppSecurityManagerService::getTZData - data = +821039475863
09-30 01:59:08.519  1052  1670 V AppSecurityManagerService: AppSecurityManagerService::getTZData++ - dataID = 2006
09-30 01:59:08.519  1052  1670 V AppSecurityManagerService: AppSecurityManagerService::getTZData++ - name = prephoneNumInboundSecondary
09-30 01:59:08.519  1052  1670 I KeystoreClient: KeystoreClient get: data:prephoneNumInboundSecondary
09-30 01:59:08.519   438   438 D KeystoreService: onTransact() GET
09-30 01:59:08.519   438   438 V keystore: reading blob user_0/0_data:prephoneNumInboundSecondary
09-30 01:59:08.559   438   438 D KeystoreService: GET status = 1
09-30 01:59:08.559  1052  1670 D KeystoreClient: KeystoreClient get rc=0
09-30 01:59:08.559  1052  1670 V AppSecurityManagerService: AppSecurityManagerService::getTZData - data = +821039475863
09-30 01:59:08.559  1036  1036 V EMLImplEncode: EMLImplEncode::setDHC -- result : 0
09-30 01:59:08.559  1036  1036 V EMLImplEncode: EMLImplEncode::handleEncodeMessage --
09-30 01:59:08.559  1036  1036 V EMLManagerService: EMLManagerService::encodeEML --
09-30 01:59:08.559   700  2031 D SystemTimeUtils: GMT Time 1:59:8 2019-9-30, (1)weeks, (272)days
09-30 01:59:08.559   700  2031 D SystemTimeUtils: (3)time_type, (540)tzoffset, (0)summertime
09-30 01:59:08.559  1697  1791 V DHC:Config:: currentTime 1569808748 GMT
09-30 01:59:08.559  1697  1791 V DHC:Config:: TM after get: 2019/9/30 - 1:59:8
09-30 01:59:08.559  1697  1791 V DHC:DhcApplication:: timeStamp: 20190930T015908Z
09-30 01:59:08.559  1036  1205 V EMLManagerService: EMLManagerService::toEML ++
09-30 01:59:08.559  1036  1205 V EMLImplEncode: EMLImplEncode::encodeHeaderInformation ++
09-30 01:59:08.559  1036  1205 V EMLImplEncode: EMLImplEncode::encodeDeviceInformation ++
09-30 01:59:08.569  1036  1205 V EMLImplEncode: EMLImplEncode::meUICCID is empty []
09-30 01:59:08.569  1036  1205 V EMLImplEncode: EMLImplEncode::encodeDeviceInformation --
09-30 01:59:08.569  1036  1205 V EMLImplEncode: EMLImplEncode::encodeMessageInformation ++
09-30 01:59:08.569  1036  1205 V EMLImplEncode: EMLImplEncode::encodeMessageInformation --
09-30 01:59:08.569  1036  1205 V EMLImplEncode: EMLImplEncode::encodeHeaderInformation --
09-30 01:59:08.569  1036  1205 V EMLImplEncode: EMLImplEncode::encodeDHCInformation ++
09-30 01:59:08.569  1036  1205 V EMLImplEncode: EMLManagerService::encodeDHCInformation - DTC code:B1537, status:9
09-30 01:59:08.579  1036  1205 V EMLImplEncode: EMLManagerService::encodeDHCInformation - DTC code:B1570, status:0
09-30 01:59:08.579  1036  1205 V EMLImplEncode: EMLManagerService::encodeDHCInformation - DTC code:B1571, status:0
09-30 01:59:08.579  1036  1205 V EMLImplEncode: EMLManagerService::encodeDHCInformation - DTC code:B1572, status:9
09-30 01:59:08.579  1036  1205 V EMLImplEncode: EMLManagerService::encodeDHCInformation - DTC code:B15A8, status:0
09-30 01:59:08.579  1036  1205 V EMLImplEncode: EMLManagerService::encodeDHCInformation - DTC code:B15C1, status:0
09-30 01:59:08.579  1036  1205 V EMLImplEncode: EMLManagerService::encodeDHCInformation - DTC code:B15C4, status:0
09-30 01:59:08.579  1036  1205 V EMLImplEncode: EMLManagerService::encodeDHCInformation - DTC code:B15C5, status:9
09-30 01:59:08.579  1036  1205 V EMLImplEncode: EMLManagerService::encodeDHCInformation - DTC code:B15CB, status:0
09-30 01:59:08.579  1036  1205 V EMLImplEncode: EMLManagerService::encodeDHCInformation - DTC code:B15CC, status:9
09-30 01:59:08.579  1036  1205 V EMLImplEncode: EMLManagerService::encodeDHCInformation - DTC code:B15DE, status:0
09-30 01:59:08.579  1036  1205 V EMLImplEncode: EMLManagerService::encodeDHCInformation - DTC code:B1AC0, status:0
09-30 01:59:08.579  1036  1205 V EMLImplEncode: EMLManagerService::encodeDHCInformation - DTC code:B1AC2, status:0
09-30 01:59:08.579  1036  1205 V EMLImplEncode: EMLManagerService::encodeDHCInformation - DTC code:U0140, status:0
09-30 01:59:08.579  1036  1205 V EMLImplEncode: EMLManagerService::encodeDHCInformation - DTC code:U0155, status:0
09-30 01:59:08.579  1036  1205 V EMLImplEncode: EMLManagerService::encodeDHCInformation - DTC code:U0163, status:0
09-30 01:59:08.579  1036  1205 V EMLImplEncode: EMLManagerService::encodeDHCInformation - DTC code:U0300, status:0
09-30 01:59:08.579  1036  1205 V EMLImplEncode: EMLImplEncode::encodeDHCInformation --
09-30 01:59:08.579  1036  1205 V EMLManagerService: EMLManagerService::toEML --
09-30 01:59:08.579  1052  1673 V AppSecurityManagerService: AppSecurityManagerService::getTZData++ - dataID = 3009
09-30 01:59:08.579  1052  1673 V AppSecurityManagerService: AppSecurityManagerService::getTZData++ - name = pretspURLDHC
09-30 01:59:08.579  1052  1673 I KeystoreClient: KeystoreClient get: data:pretspURLDHC
09-30 01:59:08.579   438   438 D KeystoreService: onTransact() GET
09-30 01:59:08.579   438   438 V keystore: reading blob user_0/0_data:pretspURLDHC
09-30 01:59:08.619   438   438 D KeystoreService: GET status = 1
09-30 01:59:08.619  1052  1673 D KeystoreClient: KeystoreClient get rc=0
09-30 01:59:08.619  1052  1673 V AppSecurityManagerService: AppSecurityManagerService::getTZData - data = https://testtbox.com/tsp/29/DHC
09-30 01:59:08.619  1697  1791 V DHC:DhcApplication:: Sending EML msg: DHC_Check_In
09-30 01:59:08.619  1697  1791 V DHC:DhcApplication:: HTTPData appType = 14
09-30 01:59:08.619  1697  1791 V DHC:DhcApplication:: HTTPData requestType = 30
09-30 01:59:08.619  1697  1791 V DHC:DhcApplication:: HTTPData timeoutSec = 20
09-30 01:59:08.619  1697  1791 V DHC:DhcApplication:: HTTPData contentType = Content-Type:application/x-eML
09-30 01:59:08.619  1697  1791 V DHC:DhcApplication:: HTTPData userAgent = 19CY-NA-DCM-LGE
09-30 01:59:08.619  1697  1791 V DHC:DhcApplication:: HTTPData URL = https://testtbox.com/tsp/29/DHC
09-30 01:59:08.619  1697  1791 V DHC:DhcApplication:: HTTPData data:  
09-30 01:59:08.619  1697  1791 V DHC:DhcApplication:: <e-ML version="1.0">
09-30 01:59:08.619  1697  1791 V DHC:DhcApplication:: 	<Header>
09-30 01:59:08.619  1697  1791 V DHC:DhcApplication:: 		<Device>
09-30 01:59:08.619  1697  1791 V DHC:DhcApplication:: 			<DCMSupplier>LG Electronics Inc</DCMSupplier>
09-30 01:59:08.619  1697  1791 V DHC:DhcApplication:: 			<DCMFWVersion>TMC.19CY.NA.NAD.10e.20190918.b</DCMFWVersion>
09-30 01:59:08.619  1697  1791 V DHC:DhcApplication:: 			<NADFWVersion>TT04NX16</NADFWVersion>
09-30 01:59:08.619  1697  1791 V DHC:DhcApplication:: 			<MCUSWVersion>TMC.19CY.NA.MCU.10e.20190918.a</MCUSWVersion>
09-30 01:59:08.619  1697  1791 V DHC:DhcApplication:: 			<MSISDN>01049414394</MSISDN>
09-30 01:59:08.619  1697  1791 V DHC:DhcApplication:: 			<IMSI>450050494144726</IMSI>
09-30 01:59:08.619  1697  1791 V DHC:DhcApplication:: 			<IMEI>015267000012896</IMEI>
09-30 01:59:08.619  1697  1791 V DHC:DhcApplication:: 			<VIN>?????????????????</VIN>
09-30 01:59:08.619  1697  1791 V DHC:DhcApplication:: 			<ICCID>8982051508441254530</ICCID>
09-30 01:59:08.619  1697  1791 V DHC:DhcApplication:: 			<eUICCID></eUICCID>
09-30 01:59:08.619  1697  1791 V DHC:DhcApplication:: 		</Device>
09-30 01:59:08.619  1697  1791 V DHC:DhcApplication:: 		<Message>
09-30 01:59:08.619  1697  1791 V DHC:DhcApplication:: 			<Type>Report</Type>
