09-30 01:58:05.289  1701  2030 D [VIFMGR_CANSIG]: validvaluesize = 28
09-30 01:58:05.289   661  1917 D [VIFMGR_HALCONF]: Send Vif Data size =28 port name=SPI from=1701
09-30 01:58:05.299  1701  2030 D [VIFMGR_CANSIG]: validvaluesize = 28
09-30 01:58:05.299   661   899 D [VIFMGR_HALCONF]: Send Vif Data size =28 port name=SPI from=1701
09-30 01:58:05.309  1701  2030 D [VIFMGR_CANSIG]: validvaluesize = 28
09-30 01:58:05.309   661  1920 D [VIFMGR_HALCONF]: Send Vif Data size =28 port name=SPI from=1701
09-30 01:58:05.659   640   822 V LocationManagerService: setRecentLocationN1 [ duration : 16 ] 
09-30 01:58:05.909   700  2031 V SystemManagerTime: get time type(3)
09-30 01:58:05.909   700   700 D SystemTimeUtils: GMT Time 1:58:5 2019-9-30, (1)weeks, (272)days
09-30 01:58:05.909   700   700 D SystemTimeUtils: (3)time_type, (540)tzoffset, (0)summertime
09-30 01:58:05.909   640   640 D LocationCb: Changed [ HDOP : 00.9 ]
09-30 01:58:05.909  1012  1142 D [VIFMGR_CANSIG]: validvaluesize = 28
09-30 01:58:05.909   661  1925 D [VIFMGR_HALCONF]: Send Vif Data size =28 port name=SPI from=1012
09-30 01:58:06.069  1026  1258 D RmtScheduleHdl: Receive message: MSG_SEND_SCHED_URL
09-30 01:58:06.069  1026  1258 V RemoteManager: RemoteManagerService::isContractProcess (true)
09-30 01:58:06.069  1026  1258 V RmtScheduleHdl: Contract Is Processing.. retry after 1sec
09-30 01:58:06.319  1701  2030 D [VIFMGR_CANSIG]: validvaluesize = 28
09-30 01:58:06.319   661   661 D [VIFMGR_HALCONF]: Send Vif Data size =28 port name=SPI from=1701
09-30 01:58:06.329  1701  2030 D [VIFMGR_CANSIG]: validvaluesize = 28
09-30 01:58:06.329   661   891 D [VIFMGR_HALCONF]: Send Vif Data size =28 port name=SPI from=1701
09-30 01:58:06.339  1701  2030 D [VIFMGR_CANSIG]: validvaluesize = 28
09-30 01:58:06.339   661  1917 D [VIFMGR_HALCONF]: Send Vif Data size =28 port name=SPI from=1701
09-30 01:58:06.909   700   905 V SystemManagerTime: get time type(3)
09-30 01:58:06.909   700   900 D SystemTimeUtils: GMT Time 1:58:6 2019-9-30, (1)weeks, (272)days
09-30 01:58:06.909   700   900 D SystemTimeUtils: (3)time_type, (540)tzoffset, (0)summertime
09-30 01:58:06.909   640  1038 V LocationManagerService: acquireLocationInfo (113540) times : ReceiverSize(5) Lat(37.554370) Long(126.644946) Time(1569808686000)
09-30 01:58:06.909  1012  1142 D [VIFMGR_CANSIG]: validvaluesize = 28
09-30 01:58:06.909   661   899 D [VIFMGR_HALCONF]: Send Vif Data size =28 port name=SPI from=1012
09-30 01:58:06.999   680   766 E AlarmHalImpl: mdm_alarmPollInt :416
09-30 01:58:06.999   680   766 I AlarmQueue: <<>><<>>Got Message[0x7f65f248]  0xb41007e8
09-30 01:58:06.999   680   766 D AlarmManagerImpl: AlarmLooper::Alarm is expired
09-30 01:58:06.999   680   766 I AlarmQueue: <<<  poll start : 0x7f65f248
09-30 01:58:06.999   680   766 I AlarmQueue: start alarmPollInt [0x7f65f248]
09-30 01:58:06.999   680   766 I AlarmHalImpl: mdm_alarmPollInt
09-30 01:58:06.999   680   766 I AlarmHalImpl: rtc_fd : 9
09-30 01:58:06.999   680   745 D AlarmManagerImpl: AlarmHandler::handleMessage : what : 1
09-30 01:58:06.999   680   745 D AlarmManagerImpl: alarmExpired
09-30 01:58:06.999   680   745 D AlarmManagerImpl: alarmExpired : call listener
09-30 01:58:06.999  1697  1697 V DHC:DhcApplication:: --onAlarmExpired-- param == 0 
09-30 01:58:06.999  1697  1697 V DHC:DhcApplication:: TESTPOINT DUMP: func:'sendMessageCheckIn' desc:'GetCurrentPowerState' var:'PowerState' data:'1'
09-30 01:58:06.999  1697  1791 V DHC:DhcHandler:: MainHanlder handleMessage: 16 state: 1
09-30 01:58:06.999  1697  1791 V DHC:DhcHandler:: TESTPOINT MARK: func:'CheckIn' desc:'Stop callback timer: mCheckinTimer'
09-30 01:58:06.999  1697  1791 D DHC     : getFlag CUST
09-30 01:58:06.999  1697  1791 D DHC     : CUST is 1
09-30 01:58:06.999  1697  1791 V DHC     : getTelemaFlag
09-30 01:58:06.999  1697  1791 D DHC     : getFlag Telematics
09-30 01:58:06.999  1697  1791 D DHC     : Telematics is 1
09-30 01:58:06.999  1697  1791 D DHC     : getFlag DHC
09-30 01:58:06.999  1697  1791 D DHC     : DHC is 1
09-30 01:58:06.999  1697  1791 V DHC:DhcApplication:: TESTPOINT MARK: func:'checkPrecondition' desc:'Telematics: ON'
09-30 01:58:06.999  1697  1791 V DHC:DhcApplication:: TESTPOINT MARK: func:'checkPrecondition' desc:'DHC flag: ON'
09-30 01:58:06.999  1697  1791 V DHC:DhcApplication:: TESTPOINT DUMP: func:'checkPrecondition' desc:'GetCurrentPowerState' var:'PowerState' data:'1'
09-30 01:58:06.999  1697  1791 V DHC:DhcApplication:: DHC start by interval.
09-30 01:58:06.999  1697  1791 V DHC:DhcApplication:: Change app state to: 3
09-30 01:58:06.999  1697  1791 V DHC:DhcHandler:: TESTPOINT MARK: func:'CheckIn' desc:'App state: DHC_CHECKIN'
09-30 01:58:06.999  1697  1791 V DHC:DhcHandler:: TESTPOINT MARK: func:'canRetry' desc:'Send data fail'
09-30 01:58:06.999  1697  1791 V DHC:DhcHandler:: TESTPOINT MARK: func:'canRetry' desc:'Retry policy'
09-30 01:58:06.999  1697  1791 V DHC:DhcHandler:: TESTPOINT DUMP: func:'canRetry' desc:'Retry Policy' var:'Retry time' data:'0'
09-30 01:58:06.999  1697  1791 V DHC:DhcHandler:: Retry time: 0
09-30 01:58:06.999  1697  1791 V DHC:DhcHandler:: curPriority = 102
09-30 01:58:06.999  1001  1107 V ArbiterManager: Start service request from 0x00800000
09-30 01:58:06.999  1001  1089 I ArbiterManager: Handle Message: 1003
09-30 01:58:06.999  1001  1089 V ArbiterManager: startServiceLocked()
09-30 01:58:06.999  1001  1089 I ArbiterManager: new app-service  DHC is inserted
09-30 01:58:06.999  1001  1089 V ArbiterManager: binderConnected(), conn: 1, select: 1
09-30 01:58:06.999  1001  1089 I ArbiterManager: notifyToReceiver(), CurrntProgressService: 0x00810000
09-30 01:58:06.999  1064  1216 V HMIManagerService: --ArbiterServiceStatusChanged--newStatus = 0x00810000
09-30 01:58:06.999  1031  1031 I TetherManagerService: ArbiterReceiver::onServiceStatusChanged 0x00810000
09-30 01:58:06.999  1277  1277 V NWCommunicatorService: [onServiceStatusChanged]
09-30 01:58:06.999  1277  1277 I NWCommunicatorService: newStatus : 0x00810000, getACNSOSstarted() = 0x00000000
09-30 01:58:06.999  1026  1026 V RemoteManager: RemoteManagerService::onServiceStatusChanged() ++
09-30 01:58:06.999  1697  1791 V DHC:DhcHandler:: handleMessage: 16 DONE
09-30 01:58:07.009  1697  1796 V         : onServiceStatusChanged: 8454144
09-30 01:58:07.009  1697  1796 V DHC:DhcHandler:: Receive onStatusChangeSignal
09-30 01:58:07.009  1697  1791 V DHC:DhcHandler:: MainHanlder handleMessage: 22 state: 3
09-30 01:58:07.009  1697  1791 V DHC:DhcHandler:: arbiter state changed : 0x00800000 
09-30 01:58:07.009  1697  1791 V DHC:DhcHandler:: handleMessage: 22 DONE
09-30 01:58:07.009  1682  1682 V SOS:AppBizMainHdl: --onServiceStatusChanged--newStatus = 0x00810000
09-30 01:58:07.009  1692  1692 V ACN:AppBizMainHdl: --onServiceStatusChanged--newStatus=0x00810000
09-30 01:58:07.009  1692  1801 V ACN:AppBizMainHdl: [handleMessage]: 2003
09-30 01:58:07.009  1681  1749 V SVT:SvtHandler: MainHanlder handleMessage: 112 state: 0
09-30 01:58:07.009   991  1209 V FOTAManagerService: onArbiterServiceStatusChanged - newStatus = 0x810000
09-30 01:58:07.009   991  1209 V FOTAManagerService: onArbiterServiceStatusChanged - FOTA service doesn't have to be stopped.
09-30 01:58:07.009   991  1209 V FOTAManagerService: sendMessageAsClient - buf = CMD_DEV_IDLE_STATUS;1
09-30 01:58:07.009   991  1209 V FOTAManagerService: FOTAManagerService::transmissionMessage - start
09-30 01:58:07.009   991  1209 V FOTAManagerService: transmissionMessage write start
09-30 01:58:07.019   991  1209 V FOTAManagerService: getProcessID - getProcessID(FOTA_RESTDM) :Found. id = 2310
09-30 01:58:07.019   991  1209 V FOTAManagerService: FOTAManagerService::transmissionMessage - finish
09-30 01:58:07.069  1026  1258 D RmtScheduleHdl: Receive message: MSG_SEND_SCHED_URL
09-30 01:58:07.069  1026  1258 V RemoteManager: RemoteManagerService::isContractProcess (true)
09-30 01:58:07.069  1026  1258 V RmtScheduleHdl: Contract Is Processing.. retry after 1sec
09-30 01:58:07.299  1001  1089 I ArbiterManager: Handle Message: 1008
09-30 01:58:07.299  1001  1089 I ArbiterManager: new app-sucess  DHC is inserted
09-30 01:58:07.299  1697  1792 V         : onServiceStatusRequested: 101
09-30 01:58:07.299  1697  1792 V DHC:DhcHandler:: Receive onRequestChangeSignal
09-30 01:58:07.299  1697  1791 V DHC:DhcHandler:: MainHanlder handleMessage: 23 state: 3
09-30 01:58:07.299  1697  1791 V DHC:DhcHandler:: Start service
09-30 01:58:07.299  1697  1791 I DHC:DhcApplication:: setPowerLock lock=1, id=8
09-30 01:58:07.299  1017  1916 I PowerModeManagerSerivce: doPowerLock, id:1697 lockId:0x8
09-30 01:58:07.309  1017  1916 I PowerModeManagerSerivce: doPowerLock, id:1697, lockId:0x8, total lock:0x2980000000010008
09-30 01:58:07.309  1017  1151 I PowerModeManagerSerivce: checkServiceList, 0x8
09-30 01:58:07.309  1017  1151 I PowerModeManagerService: invalid fsm index:-1 event:4, state:1
09-30 01:58:07.309  1697  1791 V DHC:DhcHandler:: handleMessage: 23 DONE
09-30 01:58:07.309  1697  1791 V DHC:DhcHandler:: MainHanlder handleMessage: 9 state: 3
09-30 01:58:07.309  1697  1791 V DHC:DhcHandler:: TESTPOINT MARK: func:'canRetry' desc:'Send data fail'
09-30 01:58:07.309  1697  1791 V DHC:DhcHandler:: TESTPOINT MARK: func:'canRetry' desc:'Retry policy'
09-30 01:58:07.309  1697  1791 V DHC:DhcHandler:: TESTPOINT DUMP: func:'canRetry' desc:'Retry Policy' var:'Retry time' data:'0'
09-30 01:58:07.309  1697  1791 V DHC:DhcHandler:: Retry time: 0
09-30 01:58:07.309  1697  1791 V DHC:DhcHandler:: curPriority = 101
09-30 01:58:07.309  1697  1791 V DHC:DhcHandler:: curState 3 
09-30 01:58:07.309  1697  1791 V DHC:DhcHandler:: Send DHC Checkin message: retryCount = 0
09-30 01:58:07.309  1697  1791 V DHC:DhcHandler:: TESTPOINT MARK: func:'triggerTaskBaseOnCurrentState' desc:'Send data to TSP: HTTP'
09-30 01:58:07.309  1697  1791 V DHC:DhcHandler:: TESTPOINT MARK: func:'triggerTaskBaseOnCurrentState' desc:'DHC Check-in [HTTPS POST]'
09-30 01:58:07.309  1697  1791 V DHC:DhcHandler:: TESTPOINT MARK: func:'setDuration' desc:'Start callback timer: mHttpTimeoutTimer'
09-30 01:58:07.309  1697  1791 V DHC:DhcApplication:: Send dhc checkin
09-30 01:58:07.309   700   700 D SystemTimeUtils: GMT Time 1:58:7 2019-9-30, (1)weeks, (272)days
09-30 01:58:07.309   700   700 D SystemTimeUtils: (3)time_type, (540)tzoffset, (0)summertime
09-30 01:58:07.309  1697  1791 V DHC:Config:: currentTime 1569808687 GMT
09-30 01:58:07.309  1697  1791 V DHC:Config:: TM after get: 2019/9/30 - 1:58:7
09-30 01:58:07.319  1036  1036 V EMLManagerService: EMLManagerService::encodeEML ++
09-30 01:58:07.319  1036  1036 V EMLManagerService: EncodeEML -- message : DHC_Check_In
09-30 01:58:07.319   700  2031 D SystemTimeUtils: GMT Time 1:58:7 2019-9-30, (1)weeks, (272)days
09-30 01:58:07.319   700  2031 D SystemTimeUtils: (3)time_type, (540)tzoffset, (0)summertime
09-30 01:58:07.319  1036  1036 V EMLImplEncode: EMLImplEncode::handleEncodeMessage ++
09-30 01:58:07.319  1036  1036 V EMLImplEncode: EMLImplEncode::setDHC ++
09-30 01:58:07.319  1052  1052 V AppSecurityManagerService: AppSecurityManagerService::getTZData++ - dataID = 2001
09-30 01:58:07.319  1052  1052 V AppSecurityManagerService: AppSecurityManagerService::getTZData++ - name = prephoneNumACNPrimary
09-30 01:58:07.319  1052  1052 I KeystoreClient: KeystoreClient get: data:prephoneNumACNPrimary
09-30 01:58:07.319   438   438 D KeystoreService: onTransact() GET
09-30 01:58:07.319   438   438 V keystore: reading blob user_0/0_data:prephoneNumACNPrimary
09-30 01:58:07.349  1701  2030 D [VIFMGR_CANSIG]: validvaluesize = 28
09-30 01:58:07.349   661  1920 D [VIFMGR_HALCONF]: Send Vif Data size =28 port name=SPI from=1701
09-30 01:58:07.359   438   438 D KeystoreService: GET status = 1
09-30 01:58:07.359  1052  1052 D KeystoreClient: KeystoreClient get rc=0
09-30 01:58:07.359  1052  1052 V AppSecurityManagerService: AppSecurityManagerService::getTZData - data = +821039475863
09-30 01:58:07.359  1052  1670 V AppSecurityManagerService: AppSecurityManagerService::getTZData++ - dataID = 2002
09-30 01:58:07.359  1052  1670 V AppSecurityManagerService: AppSecurityManagerService::getTZData++ - name = prephoneNumACNSecondary
09-30 01:58:07.359  1052  1670 I KeystoreClient: KeystoreClient get: data:prephoneNumACNSecondary
09-30 01:58:07.359   438   438 D KeystoreService: onTransact() GET
09-30 01:58:07.359   438   438 V keystore: reading blob user_0/0_data:prephoneNumACNSecondary
09-30 01:58:07.359  1701  2030 D [VIFMGR_CANSIG]: validvaluesize = 28
09-30 01:58:07.359   661  1925 D [VIFMGR_HALCONF]: Send Vif Data size =28 port name=SPI from=1701
09-30 01:58:07.369  1701  2030 D [VIFMGR_CANSIG]: validvaluesize = 28
09-30 01:58:07.369   661   661 D [VIFMGR_HALCONF]: Send Vif Data size =28 port name=SPI from=1701
09-30 01:58:07.399   438   438 D KeystoreService: GET status = 1
09-30 01:58:07.399  1052  1670 D KeystoreClient: KeystoreClient get rc=0
09-30 01:58:07.399  1052  1670 V AppSecurityManagerService: AppSecurityManagerService::getTZData - data = +821039475863
09-30 01:58:07.399  1052  1673 V AppSecurityManagerService: AppSecurityManagerService::getTZData++ - dataID = 2003
09-30 01:58:07.399  1052  1673 V AppSecurityManagerService: AppSecurityManagerService::getTZData++ - name = prephoneNumSOSPrimary
09-30 01:58:07.399  1052  1673 I KeystoreClient: KeystoreClient get: data:prephoneNumSOSPrimary
09-30 01:58:07.399   438   438 D KeystoreService: onTransact() GET
09-30 01:58:07.399   438   438 V keystore: reading blob user_0/0_data:prephoneNumSOSPrimary
09-30 01:58:07.439   438   438 D KeystoreService: GET status = 1
09-30 01:58:07.439  1052  1673 D KeystoreClient: KeystoreClient get rc=0
09-30 01:58:07.439  1052  1673 V AppSecurityManagerService: AppSecurityManagerService::getTZData - data = +821039475863
09-30 01:58:07.439  1052  1052 V AppSecurityManagerService: AppSecurityManagerService::getTZData++ - dataID = 2004
09-30 01:58:07.439  1052  1052 V AppSecurityManagerService: AppSecurityManagerService::getTZData++ - name = prephoneNumSOSSecondary
09-30 01:58:07.439  1052  1052 I KeystoreClient: KeystoreClient get: data:prephoneNumSOSSecondary
09-30 01:58:07.439   438   438 D KeystoreService: onTransact() GET
09-30 01:58:07.439   438   438 V keystore: reading blob user_0/0_data:prephoneNumSOSSecondary
09-30 01:58:07.479   438   438 D KeystoreService: GET status = 1
09-30 01:58:07.479  1052  1052 D KeystoreClient: KeystoreClient get rc=0
09-30 01:58:07.479  1052  1052 V AppSecurityManagerService: AppSecurityManagerService::getTZData - data = +821039475863
09-30 01:58:07.479  1052  1670 V AppSecurityManagerService: AppSecurityManagerService::getTZData++ - dataID = 2005
09-30 01:58:07.479  1052  1670 V AppSecurityManagerService: AppSecurityManagerService::getTZData++ - name = prephoneNumInboundPrimary
09-30 01:58:07.479  1052  1670 I KeystoreClient: KeystoreClient get: data:prephoneNumInboundPrimary
09-30 01:58:07.479   438   438 D KeystoreService: onTransact() GET
09-30 01:58:07.479   438   438 V keystore: reading blob user_0/0_data:prephoneNumInboundPrimary
09-30 01:58:07.519   438   438 D KeystoreService: GET status = 1
09-30 01:58:07.519  1052  1670 D KeystoreClient: KeystoreClient get rc=0
09-30 01:58:07.519  1052  1670 V AppSecurityManagerService: AppSecurityManagerService::getTZData - data = +821039475863
09-30 01:58:07.519  1052  1673 V AppSecurityManagerService: AppSecurityManagerService::getTZData++ - dataID = 2006
09-30 01:58:07.519  1052  1673 V AppSecurityManagerService: AppSecurityManagerService::getTZData++ - name = prephoneNumInboundSecondary
09-30 01:58:07.519  1052  1673 I KeystoreClient: KeystoreClient get: data:prephoneNumInboundSecondary
09-30 01:58:07.519   438   438 D KeystoreService: onTransact() GET
09-30 01:58:07.519   438   438 V keystore: reading blob user_0/0_data:prephoneNumInboundSecondary
09-30 01:58:07.559   438   438 D KeystoreService: GET status = 1
09-30 01:58:07.559  1052  1673 D KeystoreClient: KeystoreClient get rc=0
09-30 01:58:07.559  1052  1673 V AppSecurityManagerService: AppSecurityManagerService::getTZData - data = +821039475863
09-30 01:58:07.559  1036  1036 V EMLImplEncode: EMLImplEncode::setDHC -- result : 0
09-30 01:58:07.559  1036  1036 V EMLImplEncode: EMLImplEncode::handleEncodeMessage --
09-30 01:58:07.559  1036  1036 V EMLManagerService: EMLManagerService::encodeEML --
09-30 01:58:07.559   700   900 D SystemTimeUtils: GMT Time 1:58:7 2019-9-30, (1)weeks, (272)days
09-30 01:58:07.559   700   900 D SystemTimeUtils: (3)time_type, (540)tzoffset, (0)summertime
09-30 01:58:07.559  1697  1791 V DHC:Config:: currentTime 1569808687 GMT
09-30 01:58:07.559  1697  1791 V DHC:Config:: TM after get: 2019/9/30 - 1:58:7
09-30 01:58:07.559  1697  1791 V DHC:DhcApplication:: timeStamp: 20190930T015807Z
09-30 01:58:07.559  1036  1205 V EMLManagerService: EMLManagerService::toEML ++
09-30 01:58:07.559  1036  1205 V EMLImplEncode: EMLImplEncode::encodeHeaderInformation ++
09-30 01:58:07.559  1036  1205 V EMLImplEncode: EMLImplEncode::encodeDeviceInformation ++
09-30 01:58:07.579  1036  1205 V EMLImplEncode: EMLImplEncode::meUICCID is empty []
09-30 01:58:07.579  1036  1205 V EMLImplEncode: EMLImplEncode::encodeDeviceInformation --
09-30 01:58:07.579  1036  1205 V EMLImplEncode: EMLImplEncode::encodeMessageInformation ++
09-30 01:58:07.579  1036  1205 V EMLImplEncode: EMLImplEncode::encodeMessageInformation --
09-30 01:58:07.579  1036  1205 V EMLImplEncode: EMLImplEncode::encodeHeaderInformation --
09-30 01:58:07.579  1036  1205 V EMLImplEncode: EMLImplEncode::encodeDHCInformation ++
09-30 01:58:07.579  1036  1205 V EMLImplEncode: EMLManagerService::encodeDHCInformation - DTC code:B1537, status:9
09-30 01:58:07.579  1036  1205 V EMLImplEncode: EMLManagerService::encodeDHCInformation - DTC code:B1570, status:0
09-30 01:58:07.579  1036  1205 V EMLImplEncode: EMLManagerService::encodeDHCInformation - DTC code:B1571, status:0
09-30 01:58:07.579  1036  1205 V EMLImplEncode: EMLManagerService::encodeDHCInformation - DTC code:B1572, status:9
09-30 01:58:07.579  1036  1205 V EMLImplEncode: EMLManagerService::encodeDHCInformation - DTC code:B15A8, status:0
09-30 01:58:07.579  1036  1205 V EMLImplEncode: EMLManagerService::encodeDHCInformation - DTC code:B15C1, status:0
09-30 01:58:07.579  1036  1205 V EMLImplEncode: EMLManagerService::encodeDHCInformation - DTC code:B15C4, status:0
09-30 01:58:07.579  1036  1205 V EMLImplEncode: EMLManagerService::encodeDHCInformation - DTC code:B15C5, status:9
09-30 01:58:07.579  1036  1205 V EMLImplEncode: EMLManagerService::encodeDHCInformation - DTC code:B15CB, status:0
09-30 01:58:07.579  1036  1205 V EMLImplEncode: EMLManagerService::encodeDHCInformation - DTC code:B15CC, status:9
09-30 01:58:07.579  1036  1205 V EMLImplEncode: EMLManagerService::encodeDHCInformation - DTC code:B15DE, status:0
09-30 01:58:07.579  1036  1205 V EMLImplEncode: EMLManagerService::encodeDHCInformation - DTC code:B1AC0, status:0
09-30 01:58:07.579  1036  1205 V EMLImplEncode: EMLManagerService::encodeDHCInformation - DTC code:B1AC2, status:0
09-30 01:58:07.579  1036  1205 V EMLImplEncode: EMLManagerService::encodeDHCInformation - DTC code:U0140, status:0
09-30 01:58:07.579  1036  1205 V EMLImplEncode: EMLManagerService::encodeDHCInformation - DTC code:U0155, status:0
09-30 01:58:07.579  1036  1205 V EMLImplEncode: EMLManagerService::encodeDHCInformation - DTC code:U0163, status:0
09-30 01:58:07.579  1036  1205 V EMLImplEncode: EMLManagerService::encodeDHCInformation - DTC code:U0300, status:0
09-30 01:58:07.579  1036  1205 V EMLImplEncode: EMLImplEncode::encodeDHCInformation --
09-30 01:58:07.579  1036  1205 V EMLManagerService: EMLManagerService::toEML --
09-30 01:58:07.579  1052  1052 V AppSecurityManagerService: AppSecurityManagerService::getTZData++ - dataID = 3009
09-30 01:58:07.579  1052  1052 V AppSecurityManagerService: AppSecurityManagerService::getTZData++ - name = pretspURLDHC
09-30 01:58:07.579  1052  1052 I KeystoreClient: KeystoreClient get: data:pretspURLDHC
09-30 01:58:07.579   438   438 D KeystoreService: onTransact() GET
09-30 01:58:07.579   438   438 V keystore: reading blob user_0/0_data:pretspURLDHC
09-30 01:58:07.619   438   438 D KeystoreService: GET status = 1
09-30 01:58:07.619  1052  1052 D KeystoreClient: KeystoreClient get rc=0
09-30 01:58:07.619  1052  1052 V AppSecurityManagerService: AppSecurityManagerService::getTZData - data = https://testtbox.com/tsp/29/DHC
09-30 01:58:07.619  1697  1791 V DHC:DhcApplication:: Sending EML msg: DHC_Check_In
09-30 01:58:07.619  1697  1791 V DHC:DhcApplication:: HTTPData appType = 14
09-30 01:58:07.619  1697  1791 V DHC:DhcApplication:: HTTPData requestType = 30
09-30 01:58:07.619  1697  1791 V DHC:DhcApplication:: HTTPData timeoutSec = 20
09-30 01:58:07.619  1697  1791 V DHC:DhcApplication:: HTTPData contentType = Content-Type:application/x-eML
09-30 01:58:07.619  1697  1791 V DHC:DhcApplication:: HTTPData userAgent = 19CY-NA-DCM-LGE
09-30 01:58:07.619  1697  1791 V DHC:DhcApplication:: HTTPData URL = https://testtbox.com/tsp/29/DHC
09-30 01:58:07.619  1697  1791 V DHC:DhcApplication:: HTTPData data:  
09-30 01:58:07.619  1697  1791 V DHC:DhcApplication:: <e-ML version="1.0">
09-30 01:58:07.619  1697  1791 V DHC:DhcApplication:: 	<Header>
09-30 01:58:07.619  1697  1791 V DHC:DhcApplication:: 		<Device>
09-30 01:58:07.619  1697  1791 V DHC:DhcApplication:: 			<DCMSupplier>LG Electronics Inc</DCMSupplier>
09-30 01:58:07.619  1697  1791 V DHC:DhcApplication:: 			<DCMFWVersion>TMC.19CY.NA.NAD.10e.20190918.b</DCMFWVersion>
09-30 01:58:07.619  1697  1791 V DHC:DhcApplication:: 			<NADFWVersion>TT04NX16</NADFWVersion>
09-30 01:58:07.619  1697  1791 V DHC:DhcApplication:: 			<MCUSWVersion>TMC.19CY.NA.MCU.10e.20190918.a</MCUSWVersion>
09-30 01:58:07.619  1697  1791 V DHC:DhcApplication:: 			<MSISDN>01049414394</MSISDN>
09-30 01:58:07.619  1697  1791 V DHC:DhcApplication:: 			<IMSI>450050494144726</IMSI>
09-30 01:58:07.619  1697  1791 V DHC:DhcApplication:: 			<IMEI>015267000012896</IMEI>
09-30 01:58:07.619  1697  1791 V DHC:DhcApplication:: 			<VIN>?????????????????</VIN>
09-30 01:58:07.619  1697  1791 V DHC:DhcApplication:: 			<ICCID>8982051508441254530</ICCID>
09-30 01:58:07.619  1697  1791 V DHC:DhcApplication:: 			<eUICCID></eUICCID>
09-30 01:58:07.619  1697  1791 V DHC:DhcApplication:: 		</Device>
09-30 01:58:07.619  1697  1791 V DHC:DhcApplication:: 		<Message>
09-30 01:58:07.619  1697  1791 V DHC:DhcApplication:: 			<Type>Report</Type>
09-30 01:58:07.619  1697  1791 V DHC:DhcApplication:: 			<Service>DHC</S
09-30 01:58:07.619  1697  1791 V DHC:DhcApplication:: ervice>
09-30 01:58:07.619  1697  1791 V DHC:DhcApplication:: 			<Operation>DHC</Operation>
09-30 01:58:07.619  1697  1791 V DHC:DhcApplication:: 		</Message>
09-30 01:58:07.619  1697  1791 V DHC:DhcApplication:: 		<TransmissionTimestamp>
09-30 01:58:07.619  1697  1791 V DHC:DhcApplication:: 			<DateTime format="UTC">20190930T015807Z</DateTime>
09-30 01:58:07.619  1697  1791 V DHC:DhcApplication:: 		</TransmissionTimestamp>
09-30 01:58:07.619  1697  1791 V DHC:DhcApplication:: 	</Header>
09-30 01:58:07.619  1697  1791 V DHC:DhcApplication:: 	<Body>
09-30 01:58:07.619  1697  1791 V DHC:DhcApplication:: 		<DHC>
09-30 01:58:07.619  1697  1791 V DHC:DhcApplication:: 			<EventTimestamp>
09-30 01:58:07.619  1697  1791 V DHC:DhcApplication:: 				<DateTime format="UTC">20190930T015807Z</DateTime>
09-30 01:58:07.619  1697  1791 V DHC:DhcApplication:: 			</EventTimestamp>
09-30 01:58:07.619  1697  1791 V DHC:DhcApplication:: 			<DCMDTCList>
09-30 01:58:07.619  1697  1791 V DHC:DhcApplication:: 				<DTC>B1537</DTC>
09-30 01:58:07.619  1697  1791 V DHC:DhcApplication:: 				<DTC>B1572</DTC>
09-30 01:58:07.619  1697  1791 V DHC:DhcApplication:: 				<DTC>B15C5</DTC>
09-30 01:58:07.619  1697  1791 V DHC:DhcApplication:: 				<DTC>B15CC</DTC>
09-30 01:58:07.619  1697  1791 V DHC:DhcApplication:: 			</DCMDTCList>
09-30 01:58:07.619  1697  1791 V DHC:DhcApplication:: 			<Provisioning>
09-30 01:58:07.619  1697  1791 V DHC:DhcApplication:: 				<ServiceFlags>
09-30 01:58:07.619  1697  1791 V DHC:DhcApplication:: 					<ServiceFlag>
09-30 01:58:07.619  1697  1791 V DHC:DhcApplication:: 						<Service>ACN</Service>
09-30 01:58:07.619  1697  1791 V DHC:DhcApplication:: 						<FlagValue>on</FlagValu
09-30 01:58:07.619  1697  1791 V DHC:DhcApplication:: e>
09-30 01:58:07.619  1697  1791 V DHC:DhcApplication:: 					</ServiceFlag>
09-30 01:58:07.619  1697  1791 V DHC:DhcApplication:: 					<ServiceFlag>
09-30 01:58:07.619  1697  1791 V DHC:DhcApplication:: 						<Service>SOS</Service>
09-30 01:58:07.619  1697  1791 V DHC:DhcApplication:: 						<FlagValue>on</FlagValue>
09-30 01:58:07.619  1697  1791 V DHC:DhcApplication:: 					</ServiceFlag>
09-30 01:58:07.619  1697  1791 V DHC:DhcApplication:: 					<ServiceFlag>
09-30 01:58:07.619  1697  1791 V DHC:DhcApplication:: 						<Service>SVT</Service>
09-30 01:58:07.619  1697  1791 V DHC:DhcApplication:: 						<FlagValue>on</FlagValue>
09-30 01:58:07.619  1697  1791 V DHC:DhcApplication:: 					</ServiceFlag>
09-30 01:58:07.619  1697  1791 V DHC:DhcApplication:: 					<ServiceFlag>
09-30 01:58:07.619  1697  1791 V DHC:DhcApplication:: 						<Service>DHC</Service>
09-30 01:58:07.619  1697  1791 V DHC:DhcApplication:: 						<FlagValue>on</FlagValue>
09-30 01:58:07.619  1697  1791 V DHC:DhcApplication:: 					</ServiceFlag>
09-30 01:58:07.619  1697  1791 V DHC:DhcApplication:: 				</ServiceFlags>
09-30 01:58:07.619  1697  1791 V DHC:DhcApplication:: 				<FOTAFlag>on</FOTAFlag>
09-30 01:58:07.619  1697  1791 V DHC:DhcApplication:: 				<Brand>Toyota</Brand>
09-30 01:58:07.619  1697  1791 V DHC:DhcApplication:: 				<ProvisioningLanguage>English</ProvisioningLanguage>
09-30 01:58:07.619  1697  1791 V DHC:DhcApplication:: 				<Configuration>
09-30 01:58:07.619  1697  1791 V DHC:DhcApplication:: 					<PhoneNumber service="ACN" type="
09-30 01:58:07.619  1697  1791 V DHC:DhcApplication:: primary">
09-30 01:58:07.619  1697  1791 V DHC:DhcApplication:: 						+821039475863
09-30 01:58:07.619  1697  1791 V DHC:DhcApplication:: 					</PhoneNumber>
09-30 01:58:07.619  1697  1791 V DHC:DhcApplication:: 					<PhoneNumber service="ACN" type="secondary">
09-30 01:58:07.619  1697  1791 V DHC:DhcApplication:: 						+821039475863
09-30 01:58:07.619  1697  1791 V DHC:DhcApplication:: 					</PhoneNumber>
09-30 01:58:07.619  1697  1791 V DHC:DhcApplication:: 					<PhoneNumber service="SOS" type="primary">
09-30 01:58:07.619  1697  1791 V DHC:DhcApplication:: 						+821039475863
09-30 01:58:07.619  1697  1791 V DHC:DhcApplication:: 					</PhoneNumber>
09-30 01:58:07.619  1697  1791 V DHC:DhcApplication:: 					<PhoneNumber service="SOS" type="secondary">
09-30 01:58:07.619  1697  1791 V DHC:DhcApplication:: 						+821039475863
09-30 01:58:07.619  1697  1791 V DHC:DhcApplication:: 					</PhoneNumber>
09-30 01:58:07.619  1697  1791 V DHC:DhcApplication:: 					<PhoneNumber service="Inbound" type="primary">
09-30 01:58:07.619  1697  1791 V DHC:DhcApplication:: 						+821039475863
09-30 01:58:07.619  1697  1791 V DHC:DhcApplication:: 					</PhoneNumber>
09-30 01:58:07.619  1697  1791 V DHC:DhcApplication:: 					<PhoneNumber service="Inbound" type="secondary">
09-30 01:58:07.619  1697  1791 V DHC:DhcApplication:: 						+821039475863
09-30 01:58:07.619  1697  1791 V DHC:DhcApplication:: 					</PhoneNumber>
09-30 01:58:07.619  1697  1791 V DHC:DhcApplication:: 					<Ca
09-30 01:58:07.619  1697  1791 V DHC:DhcApplication:: llbackStandByTimer>30</CallbackStandByTimer>
09-30 01:58:07.619  1697  1791 V DHC:DhcApplication:: 				</Configuration>
09-30 01:58:07.619  1697  1791 V DHC:DhcApplication:: 			</Provisioning>
09-30 01:58:07.619  1697  1791 V DHC:DhcApplication:: 		</DHC>
09-30 01:58:07.619  1697  1791 V DHC:DhcApplication:: 	</Body>
09-30 01:58:07.619  1697  1791 V DHC:DhcApplication:: </e-ML>
09-30 01:58:07.619  1697  1791 V DHC:DhcApplication:: HTTPData filePath = /data/test.txt
09-30 01:58:07.619  1082  1082 V HTTP    : HTTPManagerService::sendOverHTTPS ++
09-30 01:58:07.619  1082  1082 V HTTP    : HTTPManagerService::sendOverHTTPS --
09-30 01:58:07.619  1082  1082 V HTTP    : HTTPManagerImpl::sendOverHTTPSToImpl ++
09-30 01:58:07.619  1082  1082 V HTTP    : HTTPManagerImpl::isTSCAppType pAppType = 14, isTSC = 0
09-30 01:58:07.619  1082  1082 V HTTP    : HTTPManagerImpl::getReceiver ++
09-30 01:58:07.619  1082  1082 V HTTP    : HTTPManagerImpl::sendOverHTTPSToImpl --
09-30 01:58:07.619  1082  1189 V HTTP    : HTTPManagerImpl::HTTPImplHandler::handleMessage ++
09-30 01:58:07.619  1082  1189 V HTTP    : HTTPManagerImpl::HTTPImplHandler::handleMessage msg = 0
09-30 01:58:07.619  1082  1189 V HTTP    : HTTPManagerImpl::processsendOverHTTPS ++
09-30 01:58:07.619  1082  1189 V HTTP    : HTTPManagerImpl::setTransfer ++
09-30 01:58:07.619  1082  1189 V HTTP    : HTTPManagerImpl::setTransfer --
09-30 01:58:07.619  1082  1189 V HTTP    : HTTPManagerImpl::getCurlInMap ++
09-30 01:58:07.619  1082  1189 V HTTP    : HTTPManagerImpl::processsendOverHTTPS has message MSG_CLEAN_CURL_INSTANCE, remove pAppType = 14
09-30 01:58:07.619  1082  1189 V HTTP    : HTTPManagerImpl::processsendOverHTTPS HTTPTransfer curl reset
09-30 01:58:07.619  1082  1189 V HTTP    : HTTPManagerImpl::isTSCAppType pAppType = 14, isTSC = 0
09-30 01:58:07.619  1082  1189 V HTTP    : HTTPManagerImpl::processsendOverHTTPS no Need Client Auth CURL Option
09-30 01:58:07.619  1082  1189 V HTTP    : HTTPManagerImpl::setCurlOptions ++
09-30 01:58:07.619  1082  1189 V HTTP    : HTTPManagerImpl::setCurlOptions RequestType = 30
09-30 01:58:07.619  1082  1189 V HTTP    : HTTPManagerImpl::isTSCAppType pAppType = 14, isTSC = 0
09-30 01:58:07.619  1082  1189 V HTTP    : HTTPManagerImpl::setCurlOptions HEADER included
09-30 01:58:07.619  1082  1189 V HTTP    : HTTPManagerImpl::setCurlOptions generateUUID success xCorrelationId = X-CorrelationId: 463A99C2-1F46-463B-8345-629E1CD17B10
09-30 01:58:07.619  1697  1791 V DHC:DhcApplication:: Check-in Message res = 1001
09-30 01:58:07.619  1697  1791 V DHC:DhcHandler:: handleMessage: 9 DONE
09-30 01:58:07.629  1082  1189 V HTTP    : HTTPManagerImpl::setCurlOptions imei = 015267000012896
09-30 01:58:07.639  1082  1189 V HTTP    : HTTPManagerImpl::setCurlOptions Euicc is invalid, SKIP
09-30 01:58:07.639  1082  1189 V HTTP    : HTTPManagerImpl::setCurlOptions EuiccId = 
09-30 01:58:07.639  1082  1189 V HTTP    : HTTPManagerImpl::setBaseCurlOptions ++
09-30 01:58:07.639  1082  1189 V HTTP    : HTTPManagerImpl::setBaseCurlOptions getInterface: rmnet_data0
09-30 01:58:07.639  1082  1189 V HTTP    : HTTPManagerImpl::setBaseCurlOptions OCSP Test on
09-30 01:58:07.639  1082  1189 V HTTP    : HTTPManagerImpl::setBaseCurlOptions --
09-30 01:58:07.639  1082  1189 V HTTP    : HTTPManagerImpl::setCurlOptions --
09-30 01:58:07.639  1082  1189 V HTTP    : HTTPManagerImpl::processsendOverHTTPS --
09-30 01:58:07.639  1082  1189 V HTTP    : HTTPManagerImpl::getTransfer found transfer[14]
09-30 01:58:07.639  1082  1189 V HTTP    : HTTPManagerImpl::HTTPImplHandler::handleMessage 0 Thread run~
09-30 01:58:07.639  1082  1189 V HTTP    : HTTPManagerImpl::getTransfer found transfer[14]
09-30 01:58:07.639  1082  1189 V HTTP    : HTTPManagerImpl::HTTPImplHandler::handleMessage --
09-30 01:58:07.639  1082  7818 V HTTP    : HTTPTransfer::threadLoop ++
09-30 01:58:07.639  1082  7818 V HTTP    : ============================================================
09-30 01:58:07.639  1082  7818 V HTTP    : HTTPData appType      = 14
09-30 01:58:07.639  1082  7818 V HTTP    : HTTPData requestType  = 30
09-30 01:58:07.639  1082  7818 V HTTP    : HTTPData timeoutSec   = 20
09-30 01:58:07.639  1082  7818 V HTTP    : HTTPData contentType  = Content-Type:application/x-eML
09-30 01:58:07.639  1082  7818 V HTTP    : HTTPData userAgent    = 19CY-NA-DCM-LGE
09-30 01:58:07.639  1082  7818 V HTTP    : HTTPData url          = https://testtbox.com/tsp/29/DHC
09-30 01:58:07.639  1082  7818 V HTTP    : HTTPData data         = <e-ML version="1.0">
09-30 01:58:07.639  1082  7818 V HTTP    : 	<Header>
09-30 01:58:07.639  1082  7818 V HTTP    : 		<Device>
09-30 01:58:07.639  1082  7818 V HTTP    : 			<DCMSupplier>LG Electronics Inc</DCMSupplier>
09-30 01:58:07.639  1082  7818 V HTTP    : 			<DCMFWVersion>TMC.19CY.NA.NAD.10e.20190918.b</DCMFWVersion>
09-30 01:58:07.639  1082  7818 V HTTP    : 			<NADFWVersion>TT04NX16</NADFWVersion>
09-30 01:58:07.639  1082  7818 V HTTP    : 			<MCUSWVersion>TMC.19CY.NA.MCU.10e.20190918.a</MCUSWVersion>
09-30 01:58:07.639  1082  7818 V HTTP    : 			<MSISDN>01049414394</MSISDN>
09-30 01:58:07.639  1082  7818 V HTTP    : 			<IMSI>450050494144726</IMSI>
09-30 01:58:07.639  1082  7818 V HTTP    : 			<IMEI>015267000012896</IMEI>
09-30 01:58:07.639  1082  7818 V HTTP    : 			<VIN>?????????????????</VIN>
09-30 01:58:07.639  1082  7818 V HTTP    : 			<ICCID>8982051508441254530</ICCID>
09-30 01:58:07.639  1082  7818 V HTTP    : 			<eUICCID></eUICCID>
09-30 01:58:07.639  1082  7818 V HTTP    : 		</Device>
09-30 01:58:07.639  1082  7818 V HTTP    : 		<Message>
09-30 01:58:07.639  1082  7818 V HTTP    : 			<Type>Report</Type>
09-30 01:58:07.639  1082  7818 V HTTP    : 			<Service>DHC</Service>
09-30 01:58:07.639  1082  7818 V HTTP    : 			<Operation>DHC</Operation>
09-30 01:58:07.639  1082  7818 V HTTP    : 		</Message>
09-30 01:58:07.639  1082  7818 V HTTP    : 		<TransmissionTimestamp>
09-30 01:58:07.639  1082  7818 V HTTP    : 			<DateTime format="UTC">20190930T015807Z</DateTime>
09-30 01:58:07.639  1082  7818 V HTTP    : 		</TransmissionTimestamp>
09-30 01:58:07.639  1082  7818 V HTTP    : 	</Header>
09-30 01:58:07.639  1082  7818 V HTTP    : 	<Body>
09-30 01:58:07.639  1082  7818 V HTTP    : 		<DHC>
09-30 01:58:07.639  1082  7818 V HTTP    : 			<EventTimestamp>
09-30 01:58:07.639  1082  7818 V HTTP    : 				<DateTime format="UTC">20190930T015807Z</DateTime>
09-30 01:58:07.639  1082  7818 V HTTP    : 			</EventTimestamp>
09-30 01:58:07.639  1082  7818 V HTTP    : 			<DCMDTCList>
09-30 01:58:07.639  1082  7818 V HTTP    : 				<DTC>B1537</DTC>
09-30 01:58:07.639  1082  7818 V HTTP    : 				<DTC>B1572</DTC>
09-30 01:58:07.639  1082  7818 V HTTP    : 				<DTC>B15C5</DTC>
09-30 01:58:07.639  1082  7818 V HTTP    : 				<DTC>B15CC</DTC>
09-30 01:58:07.639  1082  7818 V HTTP    : 			</DCMDTCList>
09-30 01:58:07.639  1082  7818 V HTTP    : 			<Provisioning>
09-30 01:58:07.639  1082  7818 V HTTP    : 				<ServiceFlags>
09-30 01:58:07.639  1082  7818 V HTTP    : 					<ServiceFlag>
09-30 01:58:07.639  1082  7818 V HTTP    : 						<Service>ACN</Service>
09-30 01:58:07.639  1082  7818 V HTTP    : 				
09-30 01:58:07.639  1082  7818 V HTTP    : HTTPData filePath     = /data/test.txt
09-30 01:58:07.639  1082  7818 V HTTP    : HTTPData fileName     = 
09-30 01:58:07.639  1082  7818 V HTTP    : HTTPData fileSize     = 0
09-30 01:58:07.639  1082  7818 V HTTP    : HTTPData TotalfileSize= 0
09-30 01:58:07.639  1082  7818 V HTTP    : ============================================================
09-30 01:58:07.639  1082  7818 V HTTP    : HTTPTransfer::threadLoop HTTP Status IDLE_STATUS change to SENDING_STATUS
09-30 01:58:07.639  1277  1277 V NWCommunicatorService: [onHttpReceive], status : 1
09-30 01:58:07.639  1277  1367 D NWCommunicatorService: [sendRSECANFrame]
09-30 01:58:07.639  1277  1367 W NWCommunicatorService: [sendRSECANFrame] m_CANPF is Zero
09-30 01:58:07.639  1040  2758 D CollectInfoManagerService: !!!!! check collect debug id = 0x00000052, name = ElectronicPlatform, value 0
09-30 01:58:07.639  1277  1367 E NWCommunicatorService: [sendRSECANFrame] name:ElectronicPlatform, m_CANPF:0
09-30 01:58:07.639  1082  7818 V HTTP    : HTTPManagerImpl::getReceiver ++
09-30 01:58:07.639  1082  7818 V HTTP    : HTTPManagerImpl::getTZData ++
09-30 01:58:07.639  1082  7818 V HTTP    : HTTPManagerImpl::getTZData name = usr/data/appsec/cert/tbox-certificates.crt
09-30 01:58:07.639  1082  7818 I KeystoreClient: KeystoreClient get: data:usr/data/appsec/cert/tbox-certificates.crt
09-30 01:58:07.639   438   438 D KeystoreService: onTransact() GET
09-30 01:58:07.639   438   438 V keystore: reading blob user_0/0_data:usr+_data+_appsec+_cert+_tbox+]certificates+^crt
09-30 01:58:07.919   700  2031 V SystemManagerTime: get time type(3)
09-30 01:58:07.919   700   905 D SystemTimeUtils: GMT Time 1:58:7 2019-9-30, (1)weeks, (272)days
09-30 01:58:07.919   700   905 D SystemTimeUtils: (3)time_type, (540)tzoffset, (0)summertime
09-30 01:58:07.919  1012  1142 D [VIFMGR_CANSIG]: validvaluesize = 28
09-30 01:58:07.919   661   891 D [VIFMGR_HALCONF]: Send Vif Data size =28 port name=SPI from=1012
09-30 01:58:08.069  1026  1258 D RmtScheduleHdl: Receive message: MSG_SEND_SCHED_URL
09-30 01:58:08.069  1026  1258 V RemoteManager: RemoteManagerService::isContractProcess (true)
09-30 01:58:08.069  1026  1258 V RmtScheduleHdl: Contract Is Processing.. retry after 1sec
09-30 01:58:08.209   438   438 D KeystoreService: GET status = 1
09-30 01:58:08.209  1082  7818 D KeystoreClient: KeystoreClient get rc=0
09-30 01:58:08.209  1082  7818 V HTTP    : HTTPManagerImpl::getTZData tz get size = 27328
09-30 01:58:08.209  1082  7818 V HTTP    : HTTPManagerImpl::getTZData --
09-30 01:58:08.209  1082  7818 V HTTP    : TEXT : Found bundle for host testtbox.com: 0xb522d120 [can pipeline]
09-30 01:58:08.209  1082  7818 V HTTP    : TEXT : Re-using existing connection! (#36) with host testtbox.com
09-30 01:58:08.209  1082  7818 V HTTP    : TEXT : Connected to testtbox.com (13.124.80.35) port 443 (#36)
09-30 01:58:08.209  1082  7818 V HTTP    : TEXT : Server auth using Basic with user '015267000012896'
09-30 01:58:08.209  1082  7818 V HTTP    : SSL_DATA_OUT : 5 bytes
09-30 01:58:08.209  1082  7818 V HTTP    : 
09-30 01:58:08.209  1082  7818 V HTTP    : HEADER_OUT_START : 306 bytes -------------------------------------
09-30 01:58:08.209  1082  7818 V HTTP    : POST /tsp/29/DHC HTTP/1.1
09-30 01:58:08.209  1082  7818 V HTTP    : Host: testtbox.com
09-30 01:58:08.209  1082  7818 V HTTP    : Authorization: Basic MDE1MjY3MDAwMDEyODk2Og==
09-30 01:58:08.209  1082  7818 V HTTP    : User-Agent: 19CY-NA-DCM-LGE
09-30 01:58:08.209  1082  7818 V HTTP    : Content-Type:application/x-eML
09-30 01:58:08.209  1082  7818 V HTTP    : Accept:application/x-eML
09-30 01:58:08.209  1082  7818 V HTTP    : X-CorrelationId: 463A99C2-1F46-463B-8345-629E1CD17B10
09-30 01:58:08.209  1082  7818 V HTTP    : Connection: Keep-Alive
09-30 01:58:08.209  1082  7818 V HTTP    : Content-Length: 2158
09-30 01:58:08.209  1082  7818 V HTTP    : Expect: 100-continue
09-30 01:58:08.209  1082  7818 V HTTP    : 
09-30 01:58:08.209  1082  7818 V HTTP    : HEADER_OUT_END    : 306 bytes -------------------------------------
09-30 01:58:08.379  1701  2030 D [VIFMGR_CANSIG]: validvaluesize = 28
09-30 01:58:08.379   661  1917 D [VIFMGR_HALCONF]: Send Vif Data size =28 port name=SPI from=1701
09-30 01:58:08.389  1701  2030 D [VIFMGR_CANSIG]: validvaluesize = 28
09-30 01:58:08.389   661   899 D [VIFMGR_HALCONF]: Send Vif Data size =28 port name=SPI from=1701
09-30 01:58:08.399  1701  2030 D [VIFMGR_CANSIG]: validvaluesize = 28
09-30 01:58:08.399   661  1920 D [VIFMGR_HALCONF]: Send Vif Data size =28 port name=SPI from=1701
09-30 01:58:08.429  1082  7818 V HTTP    : SSL_DATA_IN : 5 bytes
09-30 01:58:08.429  1082  7818 V HTTP    : HEADER_IN : HTTP/1.1 100 Continue
09-30 01:58:08.429  1082  7818 V HTTP    : SSL_DATA_OUT : 5 bytes
09-30 01:58:08.429  1082  7818 V HTTP    : 
09-30 01:58:08.429  1082  7818 V HTTP    : DATA_OUT_START   : 2158 bytes -------------------------------------
09-30 01:58:08.429  1082  7818 V HTTP    : <e-ML version="1.0">
09-30 01:58:08.429  1082  7818 V HTTP    : 	<Header>
09-30 01:58:08.429  1082  7818 V HTTP    : 		<Device>
09-30 01:58:08.429  1082  7818 V HTTP    : 			<DCMSupplier>LG Electronics Inc</DCMSupplier>
09-30 01:58:08.429  1082  7818 V HTTP    : 			<DCMFWVersion>TMC.19CY.NA.NAD.10e.20190918.b</DCMFWVersion>
09-30 01:58:08.429  1082  7818 V HTTP    : 			<NADFWVersion>TT04NX16</NADFWVersion>
09-30 01:58:08.429  1082  7818 V HTTP    : 			<MCUSWVersion>TMC.19CY.NA.MCU.10e.20190918.a</MCUSWVersion>
09-30 01:58:08.429  1082  7818 V HTTP    : 			<MSISDN>01049414394</MSISDN>
09-30 01:58:08.429  1082  7818 V HTTP    : 			<IMSI>450050494144726</IMSI>
09-30 01:58:08.429  1082  7818 V HTTP    : 			<IMEI>015267000012896</IMEI>
09-30 01:58:08.429  1082  7818 V HTTP    : 			<VIN>?????????????????</VIN>
09-30 01:58:08.429  1082  7818 V HTTP    : 			<ICCID>8982051508441254530</ICCID>
09-30 01:58:08.429  1082  7818 V HTTP    : 			<eUICCID></eUICCID>
09-30 01:58:08.429  1082  7818 V HTTP    : 		</Device>
09-30 01:58:08.429  1082  7818 V HTTP    : 		<Message>
09-30 01:58:08.429  1082  7818 V HTTP    : 			<Type>Report</Type>
09-30 01:58:08.429  1082  7818 V HTTP    : 			<Service>DHC</Service>
09-30 01:58:08.429  1082  7818 V HTTP    : 			<Operation>DHC</Operation>
09-30 01:58:08.429  1082  7818 V HTTP    : 		</Message>
09-30 01:58:08.429  1082  7818 V HTTP    : 		<TransmissionTimestamp>
09-30 01:58:08.429  1082  7818 V HTTP    : 			<DateTime format="UTC">20190930T015807Z</DateTime>
09-30 01:58:08.429  1082  7818 V HTTP    : 		</TransmissionTimestamp>
09-30 01:58:08.429  1082  7818 V HTTP    : 	</Header>
09-30 01:58:08.429  1082  7818 V HTTP    : 	<Body>
09-30 01:58:08.429  1082  7818 V HTTP    : 		<DHC>
09-30 01:58:08.429  1082  7818 V HTTP    : 			<EventTimestamp>
09-30 01:58:08.429  1082  7818 V HTTP    : 				<DateTime format="UTC">20190930T015807Z</DateTime>
09-30 01:58:08.429  1082  7818 V HTTP    : 			</EventTimestamp>
09-30 01:58:08.429  1082  7818 V HTTP    : 			<DCMDTCList>
09-30 01:58:08.429  1082  7818 V HTTP    : 				<DTC>B1537</DTC>
09-30 01:58:08.429  1082  7818 V HTTP    : 				<DTC>B1572</DTC>
09-30 01:58:08.429  1082  7818 V HTTP    : 				<DTC>B15C5</DTC>
09-30 01:58:08.429  1082  7818 V HTTP    : 				<DTC>B15CC</DTC>
09-30 01:58:08.429  1082  7818 V HTTP    : 			</DCMDTCList>
09-30 01:58:08.429  1082  7818 V HTTP    : 			<Provisioning>
09-30 01:58:08.429  1082  7818 V HTTP    : 				<ServiceFlags>
09-30 01:58:08.429  1082  7818 V HTTP    : 					<ServiceFlag>
09-30 01:58:08.429  1082  7818 V HTTP    : 						<Service>ACN</Service>
09-30 01:58:08.429  1082  7818 V HTTP    : 						<FlagValue>on</FlagVal
09-30 01:58:08.429  1082  7818 V HTTP    : DATA_OUT_END      : 2158 bytes -------------------------------------
09-30 01:58:08.429  1082  7818 V HTTP    : TEXT : We are completely uploaded and fine
09-30 01:58:08.909   700   900 V SystemManagerTime: get time type(3)
09-30 01:58:08.909   700   905 D SystemTimeUtils: GMT Time 1:58:8 2019-9-30, (1)weeks, (272)days
09-30 01:58:08.909   700   905 D SystemTimeUtils: (3)time_type, (540)tzoffset, (0)summertime
09-30 01:58:08.909  1012  1142 D [VIFMGR_CANSIG]: validvaluesize = 28
09-30 01:58:08.909   661  1925 D [VIFMGR_HALCONF]: Send Vif Data size =28 port name=SPI from=1012
09-30 01:58:09.069  1026  1258 D RmtScheduleHdl: Receive message: MSG_SEND_SCHED_URL
09-30 01:58:09.069  1026  1258 V RemoteManager: RemoteManagerService::isContractProcess (true)
09-30 01:58:09.069  1026  1258 V RmtScheduleHdl: Contract Is Processing.. retry after 1sec
09-30 01:58:09.109  1082  7818 V HTTP    : SSL_DATA_IN : 5 bytes
09-30 01:58:09.109  1082  7818 V HTTP    : HEADER_IN : HTTP/1.1 200 OK
09-30 01:58:09.109  1082  7818 V HTTP    : HEADER_IN : Date: Mon, 30 Sep 2019 01:58:09 GMT
09-30 01:58:09.109  1082  7818 V HTTP    : HEADER_IN : Server: Apache/2.4.27 (Amazon) OpenSSL/1.0.1e-fips PHP/5.6.30
09-30 01:58:09.109  1082  7818 V HTTP    : HEADER_IN : X-Powered-By: Express
09-30 01:58:09.109  1082  7818 V HTTP    : HEADER_IN : Content-Type: text/html; charset=utf-8
09-30 01:58:09.109  1082  7818 V HTTP    : HEADER_IN : Content-Length: 352
09-30 01:58:09.109  1082  7818 V HTTP    : HEADER_IN : ETag: W/"160-uSnO+B/MiK3kMr8hNtc+CA"
09-30 01:58:09.109  1082  7818 V HTTP    : HEADER_IN : Keep-Alive: timeout=240, max=45
09-30 01:58:09.109  1082  7818 V HTTP    : HEADER_IN : Connection: Keep-Alive
09-30 01:58:09.109  1082  7818 V HTTP    : HEADER_IN : 
09-30 01:58:09.109  1082  7818 V HTTP    : 
09-30 01:58:09.109  1082  7818 V HTTP    : DATA_IN       : 352 bytes -------------------------------------
09-30 01:58:09.109  1082  7818 V HTTP    : <e-ML version="1.0"><Header><Message><Type>ACK</Type><Service>DHC</Service><Operation>DHC</Operation></Message><TransmissionTimestamp><DateTime format="UTC">20190930T015807Z</DateTime></TransmissionTimestamp></Header><Body><ReportSetting><DateTime format="UTC">20190930T015837Z</DateTime><Interval unit="sec">30</Interval></ReportSetting></Body></e-ML>
09-30 01:58:09.109  1082  7818 V HTTP    : DATA_IN        : 352 bytes -------------------------------------
09-30 01:58:09.109  1082  7818 V HTTP    : TEXT : Connection #36 to host testtbox.com left intact
09-30 01:58:09.109  1082  7818 V HTTP    : HTTPTransfer::threadLoop curl_easy_perform res : 0
09-30 01:58:09.109  1082  7818 V HTTP    : HTTPTransfer::threadLoop content_length = 352.000000
09-30 01:58:09.109  1082  7818 V HTTP    : HTTPTransfer::threadLoop Data Set
09-30 01:58:09.109  1082  7818 V HTTP    : HTTPTransfer::threadLoop header_length = 323
09-30 01:58:09.109  1082  7818 V HTTP    : HTTPTransfer::threadLoop HEADER Set
09-30 01:58:09.109  1082  7818 V HTTP    : HTTPTransfer::threadLoop status_code : 200
09-30 01:58:09.109  1082  7818 V HTTP    : HTTPTransfer::isContinueClientAuth status : 0
09-30 01:58:09.109  1082  7818 V HTTP    : HTTPManagerImpl::isTSCAppType pAppType = 14, isTSC = 0
09-30 01:58:09.109  1082  7818 V HTTP    : HTTPManagerImpl::isTSCAppType pAppType = 14, isTSC = 0
09-30 01:58:09.109  1082  7818 V HTTP    : HTTPTransfer::threadLoop downData : HTTP/1.1 100 Continue
09-30 01:58:09.109  1082  7818 V HTTP    : 
09-30 01:58:09.109  1082  7818 V HTTP    : HTTP/1.1 200 OK
09-30 01:58:09.109  1082  7818 V HTTP    : Date: Mon, 30 Sep 2019 01:58:09 GMT
09-30 01:58:09.109  1082  7818 V HTTP    : Server: Apache/2.4.27 (Amazon) OpenSSL/1.0.1e-fips PHP/5.6.30
09-30 01:58:09.109  1082  7818 V HTTP    : X-Powered-By: Express
09-30 01:58:09.109  1082  7818 V HTTP    : Content-Type: text/html; charset=utf-8
09-30 01:58:09.109  1082  7818 V HTTP    : Content-Length: 352
09-30 01:58:09.109  1082  7818 V HTTP    : ETag: W/"160-uSnO+B/MiK3kMr8hNtc+CA"
09-30 01:58:09.109  1082  7818 V HTTP    : Keep-Alive: timeout=240, max=45
09-30 01:58:09.109  1082  7818 V HTTP    : Connection: Keep-Alive
09-30 01:58:09.109  1082  7818 V HTTP    : 
09-30 01:58:09.109  1082  7818 V HTTP    : <e-ML version="1.0"><Header><Message><Type>ACK</Type><Service>DHC</Service><Operation>DHC</Operation></Message><TransmissionTimestamp><DateTime format="UTC">20190930T015807Z</DateTime></TransmissionTimestamp></Header><Body><ReportSetting><DateTime format="UTC">20190930T015837Z</DateTime><Interval unit="sec">30</Interval></ReportSetting></Body></e-ML>
09-30 01:58:09.109  1697  1697 V DHC     : HttpReceiver::onReceive
09-30 01:58:09.109  1697  1697 V DHC:DhcHandler:: Receive response 200
09-30 01:58:09.109  1697  1697 V DHC:DhcHandler:: HTTP RESPONE 200 OK: HTTP/1.1 100 Continue
09-30 01:58:09.109  1697  1697 V DHC:DhcHandler:: 
09-30 01:58:09.109  1697  1697 V DHC:DhcHandler:: HTTP/1.1 200 OK
09-30 01:58:09.109  1697  1697 V DHC:DhcHandler:: Date: Mon, 30 Sep 2019 01:58:09 GMT
09-30 01:58:09.109  1697  1697 V DHC:DhcHandler:: Server: Apache/2.4.27 (Amazon) OpenSSL/1.0.1e-fips PHP/5.6.30
09-30 01:58:09.109  1697  1697 V DHC:DhcHandler:: X-Powered-By: Express
09-30 01:58:09.109  1697  1697 V DHC:DhcHandler:: Content-Type: text/html; charset=utf-8
09-30 01:58:09.109  1697  1697 V DHC:DhcHandler:: Content-Length: 352
09-30 01:58:09.109  1697  1697 V DHC:DhcHandler:: ETag: W/"160-uSnO+B/MiK3kMr8hNtc+CA"
09-30 01:58:09.109  1697  1697 V DHC:DhcHandler:: Keep-Alive: timeout=240, max=45
09-30 01:58:09.109  1697  1697 V DHC:DhcHandler:: Connection: Keep-Alive
09-30 01:58:09.109  1697  1697 V DHC:DhcHandler:: 
09-30 01:58:09.109  1697  1697 V DHC:DhcHandler:: <e-ML version="1.0"><Header><Message><Type>ACK</Type><Service>DHC</Service><Operation>DHC</Operation></Message><TransmissionTimestamp><DateTime format="UTC">20190930T015807Z</DateTime></TransmissionTimestamp></Header><Body><ReportSetting><DateTime format="UTC">20190930T015837Z</DateTime><Interval unit="sec">30</Interval></ReportSetting></Body></e-ML>
09-30 01:58:09.109  1697  1697 V DHC:DhcHandler:: TESTPOINT MARK: func:'onHttpReceived' desc:'Receive data from TSP: HTTP'
09-30 01:58:09.109  1036  1205 V EMLManagerService: EMLManagerService::DecodeEML ++
09-30 01:58:09.109  1036  1205 V EMLManagerService: DecodeEML -- messageID : 39
09-30 01:58:09.109  1036  1205 V EMLImplDecode: EMLManagerService::setReportSetting historyReport none
09-30 01:58:09.109  1036  1205 V EMLManagerService: EMLManagerService::DecodeEML --
09-30 01:58:09.119  1697  1697 V DHC:DhcHandler:: parseEml: DHC, DHC, DHC_ACK, ACK
09-30 01:58:09.119  1697  1697 V DHC:DhcHandler:: TESTPOINT MARK: func:'onHttpReceived' desc:'DHC ACK [HTTPS response 200 OK]'
09-30 01:58:09.119  1697  1697 V DHC:DhcHandler:: Send DHC-Checkin response OK
09-30 01:58:09.119   700   700 D SystemTimeUtils: GMT Time 1:58:9 2019-9-30, (1)weeks, (272)days
09-30 01:58:09.119   700   700 D SystemTimeUtils: (3)time_type, (540)tzoffset, (0)summertime
09-30 01:58:09.119  1697  1697 V DHC:Config:: currentTime 1569808689 GMT
09-30 01:58:09.119  1697  1697 V DHC:Config:: TM after get: 2019/9/30 - 1:58:9
09-30 01:58:09.119  1040  1040 V Xml_RW  : Set Data
09-30 01:58:09.119  1040  1040 V CollectInfoManagerService: [change_set_string]: change data DhcReportSettingTime to 20190930T015837Z
09-30 01:58:09.119  1040  1040 V CollectInfoManagerService: Notify to receiver DhcReportSettingTime
09-30 01:58:09.129  1697  1796 V DHC     : DHC mPropMgr.onNotifyConfigDataChanged
