09-30 01:58:36.159   919  1366 D DcTrackerBase: updateTxRxSum: ifc - rmnet_data1 mTxPkts=0 mRxPkts=0 mTxBytes=0 mRxBytes=0
09-30 01:58:37.269   530   536 I RILC    : RIL_SOCKET_1 UNSOLICITED: UNSOL_SIGNAL_STRENGTH length:60
09-30 01:58:37.269   919  1423 D SignalStrength: TMS-GETLEVEL SignalStrength::makeSignalStrengthFromRilParcel         mGsmSignalStrength = 99, mGsmBitErrorRate = 0,         mCdmaDbm = -1, mCdmaEcio = -1,         mEvdoDbm = -1, mEvdoEcio = -1,         mEvdoSnr = -1, mLteSignalStrength = 31,         mLteRsrp = 62, mLteRsrq = 8,         mLteRssnr = 300, mLteCqi = 2147483647,         mTdScdmaRscp = 2147483647
09-30 01:58:37.269   919  1423 D LGSignalStrength: TMS-GETLEVEL LGSignalStrength::makeSignalStrengthFromRilParcel     GsmDbm = 0, GsmEcio= 0
09-30 01:58:37.269   919  1366 V TelephonyManager: +getNetworkClass()
09-30 01:58:37.269   919  1366 I SignalStrength: [RAT:4G] Signal strength: -62 dBm, rxLevel: 31, rsrp: -62, rsrq: -8, rssnr: 300
09-30 01:58:37.269   919  1366 D SignalStrength: s->mLGSignalStrength->operatorNumeric 45005
09-30 01:58:37.269   919  1366 D TelephonyRegistry: onSignalStrengthsChanged: enter record={binder=0x7f7fbdb8 pid=1277} signalStrength=99 0 -120 -160 -120 -1 -1 31 -62 -8 300 2147483647 gsm|lte
09-30 01:58:37.269  1277  1373 D SignalStrength: SignalStrength::getLevel()
09-30 01:58:37.269  1277  1373 D LGSignalStrength: TMS-GETLEVEL  LGSignalStrength::getLevel() isGsm= 1
09-30 01:58:37.269  1277  1373 I LGSignalStrength: Default Case will be checked Or Other Operator case will be added 45005
09-30 01:58:37.269  1277  1373 D SignalStrength:  SignalStrength::getLevel default case
09-30 01:58:37.269  1277  1373 D SignalStrength: getLTELevel - rsrp:-62 snr:300 rsrpIconLevel:4 snrIconLevel:4
09-30 01:58:37.269  1277  1373 D SignalStrength: getLevel called =4
09-30 01:58:37.269   919  1366 D TelephonyRegistry: onSignalStrengthsChanged: exit record={binder=0x7f7fbdb8 pid=1277} signalStrength=99 0 -120 -160 -120 -1 -1 31 -62 -8 300 2147483647 gsm|lte
09-30 01:58:37.289   919  1366 D GSMPhone: GSMPhone::handleMessage 999
09-30 01:58:38.559   919  1416 V DataOutputStream: -getEid()
09-30 01:58:38.559   919  1416 V DataOutputStream: ~getEid()
09-30 01:58:38.559   919  1416 D DataOutputStream: wait:48 - b420ef40
09-30 01:58:38.569   919  1366 D DataOutputStream: notify broadcast:48 - b420ef40
09-30 01:58:38.569   919  1416 E DataOutputStream: Eid = 
09-30 01:58:38.619   919  1382 D DcTracker: isApnTypeEnabled
09-30 01:58:38.619   919  1382 D DcTracker: isApnTypeActive
09-30 01:58:38.619   919  1408 V DataOutputStream: -getImei()
09-30 01:58:38.619   919  1408 V DataOutputStream: ~getImei()
09-30 01:58:38.619   919  1408 D DataOutputStream: wait:1 - b0804520
09-30 01:58:38.629   919  1366 D GSMPhone: getDeviceId: 015267000012896
09-30 01:58:38.629   919  1366 D DataOutputStream: notify broadcast:1 - b0804520
09-30 01:58:38.629   919  1415 V DataOutputStream: -getEid()
09-30 01:58:38.629   919  1415 V DataOutputStream: ~getEid()
09-30 01:58:38.629   919  1415 D DataOutputStream: wait:48 - b0804520
09-30 01:58:38.639   919  1366 D DataOutputStream: notify broadcast:48 - b0804520
09-30 01:58:38.639   919  1415 E DataOutputStream: Eid = 
09-30 01:58:40.279   530   536 I RILC    : RIL_SOCKET_1 UNSOLICITED: UNSOL_SIGNAL_STRENGTH length:60
09-30 01:58:40.279   919  1423 D SignalStrength: TMS-GETLEVEL SignalStrength::makeSignalStrengthFromRilParcel         mGsmSignalStrength = 99, mGsmBitErrorRate = 0,         mCdmaDbm = -1, mCdmaEcio = -1,         mEvdoDbm = -1, mEvdoEcio = -1,         mEvdoSnr = -1, mLteSignalStrength = 31,         mLteRsrp = 59, mLteRsrq = 10,         mLteRssnr = 272, mLteCqi = 2147483647,         mTdScdmaRscp = 2147483647
09-30 01:58:40.279   919  1423 D LGSignalStrength: TMS-GETLEVEL LGSignalStrength::makeSignalStrengthFromRilParcel     GsmDbm = 0, GsmEcio= 0
09-30 01:58:40.279   919  1366 V TelephonyManager: +getNetworkClass()
09-30 01:58:40.279   919  1366 I SignalStrength: [RAT:4G] Signal strength: -59 dBm, rxLevel: 31, rsrp: -59, rsrq: -10, rssnr: 272
09-30 01:58:40.279   919  1366 D SignalStrength: s->mLGSignalStrength->operatorNumeric 45005
09-30 01:58:40.279   919  1366 D TelephonyRegistry: onSignalStrengthsChanged: enter record={binder=0x7f7fbdb8 pid=1277} signalStrength=99 0 -120 -160 -120 -1 -1 31 -59 -10 272 2147483647 gsm|lte
09-30 01:58:40.279  1277  1277 D SignalStrength: SignalStrength::getLevel()
09-30 01:58:40.279  1277  1277 D LGSignalStrength: TMS-GETLEVEL  LGSignalStrength::getLevel() isGsm= 1
09-30 01:58:40.279  1277  1277 I LGSignalStrength: Default Case will be checked Or Other Operator case will be added 45005
09-30 01:58:40.279  1277  1277 D SignalStrength:  SignalStrength::getLevel default case
09-30 01:58:40.279  1277  1277 D SignalStrength: getLTELevel - rsrp:-59 snr:272 rsrpIconLevel:4 snrIconLevel:4
09-30 01:58:40.279  1277  1277 D SignalStrength: getLevel called =4
09-30 01:58:40.279   919  1366 D TelephonyRegistry: onSignalStrengthsChanged: exit record={binder=0x7f7fbdb8 pid=1277} signalStrength=99 0 -120 -160 -120 -1 -1 31 -59 -10 272 2147483647 gsm|lte
09-30 01:58:43.279   530   536 I RILC    : RIL_SOCKET_1 UNSOLICITED: UNSOL_SIGNAL_STRENGTH length:60
09-30 01:58:43.279   919  1423 D SignalStrength: TMS-GETLEVEL SignalStrength::makeSignalStrengthFromRilParcel         mGsmSignalStrength = 99, mGsmBitErrorRate = 0,         mCdmaDbm = -1, mCdmaEcio = -1,         mEvdoDbm = -1, mEvdoEcio = -1,         mEvdoSnr = -1, mLteSignalStrength = 31,         mLteRsrp = 59, mLteRsrq = 7,         mLteRssnr = 228, mLteCqi = 2147483647,         mTdScdmaRscp = 2147483647
09-30 01:58:43.279   919  1423 D LGSignalStrength: TMS-GETLEVEL LGSignalStrength::makeSignalStrengthFromRilParcel     GsmDbm = 0, GsmEcio= 0
09-30 01:58:43.279   919  1366 V TelephonyManager: +getNetworkClass()
09-30 01:58:43.279   919  1366 I SignalStrength: [RAT:4G] Signal strength: -59 dBm, rxLevel: 31, rsrp: -59, rsrq: -7, rssnr: 228
09-30 01:58:43.279   919  1366 D SignalStrength: s->mLGSignalStrength->operatorNumeric 45005
09-30 01:58:43.279   919  1366 D TelephonyRegistry: onSignalStrengthsChanged: enter record={binder=0x7f7fbdb8 pid=1277} signalStrength=99 0 -120 -160 -120 -1 -1 31 -59 -7 228 2147483647 gsm|lte
09-30 01:58:43.279  1277  1373 D SignalStrength: SignalStrength::getLevel()
09-30 01:58:43.279  1277  1373 D LGSignalStrength: TMS-GETLEVEL  LGSignalStrength::getLevel() isGsm= 1
09-30 01:58:43.279  1277  1373 I LGSignalStrength: Default Case will be checked Or Other Operator case will be added 45005
09-30 01:58:43.279  1277  1373 D SignalStrength:  SignalStrength::getLevel default case
09-30 01:58:43.279  1277  1373 D SignalStrength: getLTELevel - rsrp:-59 snr:228 rsrpIconLevel:4 snrIconLevel:4
09-30 01:58:43.279  1277  1373 D SignalStrength: getLevel called =4
09-30 01:58:43.279   919  1366 D TelephonyRegistry: onSignalStrengthsChanged: exit record={binder=0x7f7fbdb8 pid=1277} signalStrength=99 0 -120 -160 -120 -1 -1 31 -59 -7 228 2147483647 gsm|lte
09-30 01:58:47.289   919  1366 D GSMPhone: GSMPhone::handleMessage 999
09-30 01:58:52.279   530   536 I RILC    : RIL_SOCKET_1 UNSOLICITED: UNSOL_SIGNAL_STRENGTH length:60
09-30 01:58:52.279   919  1423 D SignalStrength: TMS-GETLEVEL SignalStrength::makeSignalStrengthFromRilParcel         mGsmSignalStrength = 99, mGsmBitErrorRate = 0,         mCdmaDbm = -1, mCdmaEcio = -1,         mEvdoDbm = -1, mEvdoEcio = -1,         mEvdoSnr = -1, mLteSignalStrength = 31,         mLteRsrp = 62, mLteRsrq = 7,         mLteRssnr = 262, mLteCqi = 2147483647,         mTdScdmaRscp = 2147483647
09-30 01:58:52.279   919  1423 D LGSignalStrength: TMS-GETLEVEL LGSignalStrength::makeSignalStrengthFromRilParcel     GsmDbm = 0, GsmEcio= 0
09-30 01:58:52.279   919  1366 V TelephonyManager: +getNetworkClass()
09-30 01:58:52.279   919  1366 I SignalStrength: [RAT:4G] Signal strength: -62 dBm, rxLevel: 31, rsrp: -62, rsrq: -7, rssnr: 262
09-30 01:58:52.279   919  1366 D SignalStrength: s->mLGSignalStrength->operatorNumeric 45005
09-30 01:58:52.279   919  1366 D TelephonyRegistry: onSignalStrengthsChanged: enter record={binder=0x7f7fbdb8 pid=1277} signalStrength=99 0 -120 -160 -120 -1 -1 31 -62 -7 262 2147483647 gsm|lte
09-30 01:58:52.279  1277  1277 D SignalStrength: SignalStrength::getLevel()
09-30 01:58:52.279  1277  1277 D LGSignalStrength: TMS-GETLEVEL  LGSignalStrength::getLevel() isGsm= 1
09-30 01:58:52.279  1277  1277 I LGSignalStrength: Default Case will be checked Or Other Operator case will be added 45005
09-30 01:58:52.279  1277  1277 D SignalStrength:  SignalStrength::getLevel default case
09-30 01:58:52.279  1277  1277 D SignalStrength: getLTELevel - rsrp:-62 snr:262 rsrpIconLevel:4 snrIconLevel:4
09-30 01:58:52.279  1277  1277 D SignalStrength: getLevel called =4
09-30 01:58:52.279   919  1366 D TelephonyRegistry: onSignalStrengthsChanged: exit record={binder=0x7f7fbdb8 pid=1277} signalStrength=99 0 -120 -160 -120 -1 -1 31 -62 -7 262 2147483647 gsm|lte
09-30 01:58:56.159   919  1366 D DcTrackerBase: DcTrackerBase::handleMessag 41
09-30 01:58:56.159   919  1366 D DcTrackerBase: updateTxRxSum: ifc - rmnet_data0 mTxPkts=19791 mRxPkts=16368 mTxBytes=10500208 mRxBytes=4027892
09-30 01:58:56.159   919  1366 D DefaultPhoneNotifier: DefaultPhoneNotifier: notifyDataActivity: activity(3)
09-30 01:58:56.159   919  1366 D DcTrackerBase: updateTxRxSum: ifc - rmnet_data1 mTxPkts=0 mRxPkts=0 mTxBytes=0 mRxBytes=0
09-30 01:58:57.289   919  1366 D GSMPhone: GSMPhone::handleMessage 999
09-30 01:58:58.279   530   536 I RILC    : RIL_SOCKET_1 UNSOLICITED: UNSOL_SIGNAL_STRENGTH length:60
09-30 01:58:58.279   919  1423 D SignalStrength: TMS-GETLEVEL SignalStrength::makeSignalStrengthFromRilParcel         mGsmSignalStrength = 99, mGsmBitErrorRate = 0,         mCdmaDbm = -1, mCdmaEcio = -1,         mEvdoDbm = -1, mEvdoEcio = -1,         mEvdoSnr = -1, mLteSignalStrength = 31,         mLteRsrp = 60, mLteRsrq = 8,         mLteRssnr = 300, mLteCqi = 2147483647,         mTdScdmaRscp = 2147483647
09-30 01:58:58.279   919  1423 D LGSignalStrength: TMS-GETLEVEL LGSignalStrength::makeSignalStrengthFromRilParcel     GsmDbm = 0, GsmEcio= 0
09-30 01:58:58.279   919  1366 V TelephonyManager: +getNetworkClass()
09-30 01:58:58.279   919  1366 I SignalStrength: [RAT:4G] Signal strength: -60 dBm, rxLevel: 31, rsrp: -60, rsrq: -8, rssnr: 300
09-30 01:58:58.279   919  1366 D SignalStrength: s->mLGSignalStrength->operatorNumeric 45005
09-30 01:58:58.279   919  1366 D TelephonyRegistry: onSignalStrengthsChanged: enter record={binder=0x7f7fbdb8 pid=1277} signalStrength=99 0 -120 -160 -120 -1 -1 31 -60 -8 300 2147483647 gsm|lte
09-30 01:58:58.279  1277  1373 D SignalStrength: SignalStrength::getLevel()
09-30 01:58:58.279  1277  1373 D LGSignalStrength: TMS-GETLEVEL  LGSignalStrength::getLevel() isGsm= 1
09-30 01:58:58.279  1277  1373 I LGSignalStrength: Default Case will be checked Or Other Operator case will be added 45005
09-30 01:58:58.279  1277  1373 D SignalStrength:  SignalStrength::getLevel default case
09-30 01:58:58.279  1277  1373 D SignalStrength: getLTELevel - rsrp:-60 snr:300 rsrpIconLevel:4 snrIconLevel:4
09-30 01:58:58.279  1277  1373 D SignalStrength: getLevel called =4
09-30 01:58:58.279   919  1366 D TelephonyRegistry: onSignalStrengthsChanged: exit record={binder=0x7f7fbdb8 pid=1277} signalStrength=99 0 -120 -160 -120 -1 -1 31 -60 -8 300 2147483647 gsm|lte
09-30 01:59:07.289   919  1366 D GSMPhone: GSMPhone::handleMessage 999
09-30 01:59:08.559   919  1399 V DataOutputStream: -getEid()
09-30 01:59:08.559   919  1399 V DataOutputStream: ~getEid()
09-30 01:59:08.559   919  1399 D DataOutputStream: wait:48 - b0804520
09-30 01:59:08.569   919  1366 D DataOutputStream: notify broadcast:48 - b0804520
09-30 01:59:08.569   919  1399 E DataOutputStream: Eid = 
09-30 01:59:08.619   919  1382 D DcTracker: isApnTypeEnabled
09-30 01:59:08.619   919  1382 D DcTracker: isApnTypeActive
09-30 01:59:08.619   919   919 V DataOutputStream: -getImei()
09-30 01:59:08.619   919   919 V DataOutputStream: ~getImei()
09-30 01:59:08.619   919   919 D DataOutputStream: wait:1 - 7f7fcbc0
09-30 01:59:08.629   919  1366 D GSMPhone: getDeviceId: 015267000012896
09-30 01:59:08.629   919  1366 D DataOutputStream: notify broadcast:1 - 7f7fcbc0
09-30 01:59:08.629   919  1409 V DataOutputStream: -getEid()
09-30 01:59:08.629   919  1409 V DataOutputStream: ~getEid()
09-30 01:59:08.629   919  1409 D DataOutputStream: wait:48 - b420ef40
09-30 01:59:08.639   919  1366 D DataOutputStream: notify broadcast:48 - b420ef40
09-30 01:59:08.639   919  1409 E DataOutputStream: Eid = 
09-30 01:59:10.289   530   536 I RILC    : RIL_SOCKET_1 UNSOLICITED: UNSOL_SIGNAL_STRENGTH length:60
09-30 01:59:10.289   919  1423 D SignalStrength: TMS-GETLEVEL SignalStrength::makeSignalStrengthFromRilParcel         mGsmSignalStrength = 99, mGsmBitErrorRate = 0,         mCdmaDbm = -1, mCdmaEcio = -1,         mEvdoDbm = -1, mEvdoEcio = -1,         mEvdoSnr = -1, mLteSignalStrength = 31,         mLteRsrp = 60, mLteRsrq = 9,         mLteRssnr = 284, mLteCqi = 2147483647,         mTdScdmaRscp = 2147483647
09-30 01:59:10.289   919  1423 D LGSignalStrength: TMS-GETLEVEL LGSignalStrength::makeSignalStrengthFromRilParcel     GsmDbm = 0, GsmEcio= 0
09-30 01:59:10.289   919  1366 V TelephonyManager: +getNetworkClass()
09-30 01:59:10.289   919  1366 I SignalStrength: [RAT:4G] Signal strength: -60 dBm, rxLevel: 31, rsrp: -60, rsrq: -9, rssnr: 284
09-30 01:59:10.289   919  1366 D SignalStrength: s->mLGSignalStrength->operatorNumeric 45005
09-30 01:59:10.289   919  1366 D TelephonyRegistry: onSignalStrengthsChanged: enter record={binder=0x7f7fbdb8 pid=1277} signalStrength=99 0 -120 -160 -120 -1 -1 31 -60 -9 284 2147483647 gsm|lte
09-30 01:59:10.289  1277  1277 D SignalStrength: SignalStrength::getLevel()
09-30 01:59:10.289  1277  1277 D LGSignalStrength: TMS-GETLEVEL  LGSignalStrength::getLevel() isGsm= 1
09-30 01:59:10.289  1277  1277 I LGSignalStrength: Default Case will be checked Or Other Operator case will be added 45005
09-30 01:59:10.289  1277  1277 D SignalStrength:  SignalStrength::getLevel default case
09-30 01:59:10.289  1277  1277 D SignalStrength: getLTELevel - rsrp:-60 snr:284 rsrpIconLevel:4 snrIconLevel:4
09-30 01:59:10.289  1277  1277 D SignalStrength: getLevel called =4
09-30 01:59:10.289   919  1366 D TelephonyRegistry: onSignalStrengthsChanged: exit record={binder=0x7f7fbdb8 pid=1277} signalStrength=99 0 -120 -160 -120 -1 -1 31 -60 -9 284 2147483647 gsm|lte
09-30 01:59:13.279   530   536 I RILC    : RIL_SOCKET_1 UNSOLICITED: UNSOL_SIGNAL_STRENGTH length:60
09-30 01:59:13.279   919  1423 D SignalStrength: TMS-GETLEVEL SignalStrength::makeSignalStrengthFromRilParcel         mGsmSignalStrength = 99, mGsmBitErrorRate = 0,         mCdmaDbm = -1, mCdmaEcio = -1,         mEvdoDbm = -1, mEvdoEcio = -1,         mEvdoSnr = -1, mLteSignalStrength = 31,         mLteRsrp = 60, mLteRsrq = 7,         mLteRssnr = 222, mLteCqi = 2147483647,         mTdScdmaRscp = 2147483647
09-30 01:59:13.279   919  1423 D LGSignalStrength: TMS-GETLEVEL LGSignalStrength::makeSignalStrengthFromRilParcel     GsmDbm = 0, GsmEcio= 0
09-30 01:59:13.279   919  1366 V TelephonyManager: +getNetworkClass()
09-30 01:59:13.279   919  1366 I SignalStrength: [RAT:4G] Signal strength: -60 dBm, rxLevel: 31, rsrp: -60, rsrq: -7, rssnr: 222
09-30 01:59:13.279   919  1366 D SignalStrength: s->mLGSignalStrength->operatorNumeric 45005
09-30 01:59:13.279   919  1366 D TelephonyRegistry: onSignalStrengthsChanged: enter record={binder=0x7f7fbdb8 pid=1277} signalStrength=99 0 -120 -160 -120 -1 -1 31 -60 -7 222 2147483647 gsm|lte
09-30 01:59:13.279  1277  1373 D SignalStrength: SignalStrength::getLevel()
09-30 01:59:13.279  1277  1373 D LGSignalStrength: TMS-GETLEVEL  LGSignalStrength::getLevel() isGsm= 1
09-30 01:59:13.279  1277  1373 I LGSignalStrength: Default Case will be checked Or Other Operator case will be added 45005
09-30 01:59:13.279  1277  1373 D SignalStrength:  SignalStrength::getLevel default case
09-30 01:59:13.279  1277  1373 D SignalStrength: getLTELevel - rsrp:-60 snr:222 rsrpIconLevel:4 snrIconLevel:4
09-30 01:59:13.279  1277  1373 D SignalStrength: getLevel called =4
09-30 01:59:13.289   919  1366 D TelephonyRegistry: onSignalStrengthsChanged: exit record={binder=0x7f7fbdb8 pid=1277} signalStrength=99 0 -120 -160 -120 -1 -1 31 -60 -7 222 2147483647 gsm|lte
09-30 01:59:16.159   919  1366 D DcTrackerBase: DcTrackerBase::handleMessag 41
09-30 01:59:16.159   919  1366 D DcTrackerBase: updateTxRxSum: ifc - rmnet_data0 mTxPkts=19796 mRxPkts=16371 mTxBytes=10503016 mRxBytes=4028781
09-30 01:59:16.159   919  1366 D DcTrackerBase: updateTxRxSum: ifc - rmnet_data1 mTxPkts=0 mRxPkts=0 mTxBytes=0 mRxBytes=0
09-30 01:59:17.289   919  1366 D GSMPhone: GSMPhone::handleMessage 999
09-30 01:59:19.289   530   536 I RILC    : RIL_SOCKET_1 UNSOLICITED: UNSOL_SIGNAL_STRENGTH length:60
09-30 01:59:19.289   919  1423 D SignalStrength: TMS-GETLEVEL SignalStrength::makeSignalStrengthFromRilParcel         mGsmSignalStrength = 99, mGsmBitErrorRate = 0,         mCdmaDbm = -1, mCdmaEcio = -1,         mEvdoDbm = -1, mEvdoEcio = -1,         mEvdoSnr = -1, mLteSignalStrength = 31,         mLteRsrp = 57, mLteRsrq = 8,         mLteRssnr = 250, mLteCqi = 2147483647,         mTdScdmaRscp = 2147483647
09-30 01:59:19.289   919  1423 D LGSignalStrength: TMS-GETLEVEL LGSignalStrength::makeSignalStrengthFromRilParcel     GsmDbm = 0, GsmEcio= 0
09-30 01:59:19.289   919  1366 V TelephonyManager: +getNetworkClass()
09-30 01:59:19.289   919  1366 I SignalStrength: [RAT:4G] Signal strength: -57 dBm, rxLevel: 31, rsrp: -57, rsrq: -8, rssnr: 250
09-30 01:59:19.289   919  1366 D SignalStrength: s->mLGSignalStrength->operatorNumeric 45005
09-30 01:59:19.289   919  1366 D TelephonyRegistry: onSignalStrengthsChanged: enter record={binder=0x7f7fbdb8 pid=1277} signalStrength=99 0 -120 -160 -120 -1 -1 31 -57 -8 250 2147483647 gsm|lte
09-30 01:59:19.289  1277  1277 D SignalStrength: SignalStrength::getLevel()
09-30 01:59:19.289  1277  1277 D LGSignalStrength: TMS-GETLEVEL  LGSignalStrength::getLevel() isGsm= 1
09-30 01:59:19.289  1277  1277 I LGSignalStrength: Default Case will be checked Or Other Operator case will be added 45005
09-30 01:59:19.289  1277  1277 D SignalStrength:  SignalStrength::getLevel default case
09-30 01:59:19.289  1277  1277 D SignalStrength: getLTELevel - rsrp:-57 snr:250 rsrpIconLevel:4 snrIconLevel:4
09-30 01:59:19.289  1277  1277 D SignalStrength: getLevel called =4
09-30 01:59:19.289   919  1366 D TelephonyRegistry: onSignalStrengthsChanged: exit record={binder=0x7f7fbdb8 pid=1277} signalStrength=99 0 -120 -160 -120 -1 -1 31 -57 -8 250 2147483647 gsm|lte
09-30 01:59:25.289   530   536 I RILC    : RIL_SOCKET_1 UNSOLICITED: UNSOL_SIGNAL_STRENGTH length:60
09-30 01:59:25.289   919  1423 D SignalStrength: TMS-GETLEVEL SignalStrength::makeSignalStrengthFromRilParcel         mGsmSignalStrength = 99, mGsmBitErrorRate = 0,         mCdmaDbm = -1, mCdmaEcio = -1,         mEvdoDbm = -1, mEvdoEcio = -1,         mEvdoSnr = -1, mLteSignalStrength = 31,         mLteRsrp = 61, mLteRsrq = 10,         mLteRssnr = 300, mLteCqi = 2147483647,         mTdScdmaRscp = 2147483647
09-30 01:59:25.289   919  1423 D LGSignalStrength: TMS-GETLEVEL LGSignalStrength::makeSignalStrengthFromRilParcel     GsmDbm = 0, GsmEcio= 0
09-30 01:59:25.289   919  1366 V TelephonyManager: +getNetworkClass()
09-30 01:59:25.289   919  1366 I SignalStrength: [RAT:4G] Signal strength: -61 dBm, rxLevel: 31, rsrp: -61, rsrq: -10, rssnr: 300
09-30 01:59:25.289   919  1366 D SignalStrength: s->mLGSignalStrength->operatorNumeric 45005
09-30 01:59:25.289   919  1366 D TelephonyRegistry: onSignalStrengthsChanged: enter record={binder=0x7f7fbdb8 pid=1277} signalStrength=99 0 -120 -160 -120 -1 -1 31 -61 -10 300 2147483647 gsm|lte
09-30 01:59:25.289  1277  1373 D SignalStrength: SignalStrength::getLevel()
09-30 01:59:25.289  1277  1373 D LGSignalStrength: TMS-GETLEVEL  LGSignalStrength::getLevel() isGsm= 1
09-30 01:59:25.289  1277  1373 I LGSignalStrength: Default Case will be checked Or Other Operator case will be added 45005
09-30 01:59:25.289  1277  1373 D SignalStrength:  SignalStrength::getLevel default case
09-30 01:59:25.289  1277  1373 D SignalStrength: getLTELevel - rsrp:-61 snr:300 rsrpIconLevel:4 snrIconLevel:4
09-30 01:59:25.289  1277  1373 D SignalStrength: getLevel called =4
09-30 01:59:25.289   919  1366 D TelephonyRegistry: onSignalStrengthsChanged: exit record={binder=0x7f7fbdb8 pid=1277} signalStrength=99 0 -120 -160 -120 -1 -1 31 -61 -10 300 2147483647 gsm|lte
09-30 01:59:27.289   919  1366 D GSMPhone: GSMPhone::handleMessage 999
09-30 01:59:31.289   530   536 I RILC    : RIL_SOCKET_1 UNSOLICITED: UNSOL_SIGNAL_STRENGTH length:60
09-30 01:59:31.289   919  1423 D SignalStrength: TMS-GETLEVEL SignalStrength::makeSignalStrengthFromRilParcel         mGsmSignalStrength = 99, mGsmBitErrorRate = 0,         mCdmaDbm = -1, mCdmaEcio = -1,         mEvdoDbm = -1, mEvdoEcio = -1,         mEvdoSnr = -1, mLteSignalStrength = 31,         mLteRsrp = 60, mLteRsrq = 10,         mLteRssnr = 276, mLteCqi = 2147483647,         mTdScdmaRscp = 2147483647
09-30 01:59:31.289   919  1423 D LGSignalStrength: TMS-GETLEVEL LGSignalStrength::makeSignalStrengthFromRilParcel     GsmDbm = 0, GsmEcio= 0
09-30 01:59:31.289   919  1366 V TelephonyManager: +getNetworkClass()
09-30 01:59:31.289   919  1366 I SignalStrength: [RAT:4G] Signal strength: -60 dBm, rxLevel: 31, rsrp: -60, rsrq: -10, rssnr: 276
09-30 01:59:31.289   919  1366 D SignalStrength: s->mLGSignalStrength->operatorNumeric 45005
09-30 01:59:31.289   919  1366 D TelephonyRegistry: onSignalStrengthsChanged: enter record={binder=0x7f7fbdb8 pid=1277} signalStrength=99 0 -120 -160 -120 -1 -1 31 -60 -10 276 2147483647 gsm|lte
09-30 01:59:31.289  1277  1277 D SignalStrength: SignalStrength::getLevel()
09-30 01:59:31.289  1277  1277 D LGSignalStrength: TMS-GETLEVEL  LGSignalStrength::getLevel() isGsm= 1
09-30 01:59:31.289  1277  1277 I LGSignalStrength: Default Case will be checked Or Other Operator case will be added 45005
09-30 01:59:31.289  1277  1277 D SignalStrength:  SignalStrength::getLevel default case
09-30 01:59:31.289  1277  1277 D SignalStrength: getLTELevel - rsrp:-60 snr:276 rsrpIconLevel:4 snrIconLevel:4
09-30 01:59:31.289  1277  1277 D SignalStrength: getLevel called =4
09-30 01:59:31.289   919  1366 D TelephonyRegistry: onSignalStrengthsChanged: exit record={binder=0x7f7fbdb8 pid=1277} signalStrength=99 0 -120 -160 -120 -1 -1 31 -60 -10 276 2147483647 gsm|lte
09-30 01:59:36.159   919  1366 D DcTrackerBase: DcTrackerBase::handleMessag 41
09-30 01:59:36.159   919  1366 D DcTrackerBase: updateTxRxSum: ifc - rmnet_data0 mTxPkts=19796 mRxPkts=16371 mTxBytes=10503016 mRxBytes=4028781
09-30 01:59:36.159   919  1366 D DefaultPhoneNotifier: DefaultPhoneNotifier: notifyDataActivity: activity(0)
09-30 01:59:36.159   919  1366 D DcTrackerBase: updateTxRxSum: ifc - rmnet_data1 mTxPkts=0 mRxPkts=0 mTxBytes=0 mRxBytes=0
09-30 01:59:37.289   919  1366 D GSMPhone: GSMPhone::handleMessage 999
09-30 01:59:37.289   530   536 I RILC    : RIL_SOCKET_1 UNSOLICITED: UNSOL_SIGNAL_STRENGTH length:60
09-30 01:59:37.289   919  1423 D SignalStrength: TMS-GETLEVEL SignalStrength::makeSignalStrengthFromRilParcel         mGsmSignalStrength = 99, mGsmBitErrorRate = 0,         mCdmaDbm = -1, mCdmaEcio = -1,         mEvdoDbm = -1, mEvdoEcio = -1,         mEvdoSnr = -1, mLteSignalStrength = 31,         mLteRsrp = 60, mLteRsrq = 10,         mLteRssnr = 300, mLteCqi = 2147483647,         mTdScdmaRscp = 2147483647
09-30 01:59:37.289   919  1423 D LGSignalStrength: TMS-GETLEVEL LGSignalStrength::makeSignalStrengthFromRilParcel     GsmDbm = 0, GsmEcio= 0
09-30 01:59:37.289   919  1366 V TelephonyManager: +getNetworkClass()
09-30 01:59:37.289   919  1366 I SignalStrength: [RAT:4G] Signal strength: -60 dBm, rxLevel: 31, rsrp: -60, rsrq: -10, rssnr: 300
09-30 01:59:37.289   919  1366 D SignalStrength: s->mLGSignalStrength->operatorNumeric 45005
09-30 01:59:37.289   919  1366 D TelephonyRegistry: onSignalStrengthsChanged: enter record={binder=0x7f7fbdb8 pid=1277} signalStrength=99 0 -120 -160 -120 -1 -1 31 -60 -10 300 2147483647 gsm|lte
09-30 01:59:37.289  1277  1373 D SignalStrength: SignalStrength::getLevel()
09-30 01:59:37.289  1277  1373 D LGSignalStrength: TMS-GETLEVEL  LGSignalStrength::getLevel() isGsm= 1
09-30 01:59:37.289  1277  1373 I LGSignalStrength: Default Case will be checked Or Other Operator case will be added 45005
09-30 01:59:37.289  1277  1373 D SignalStrength:  SignalStrength::getLevel default case
09-30 01:59:37.289  1277  1373 D SignalStrength: getLTELevel - rsrp:-60 snr:300 rsrpIconLevel:4 snrIconLevel:4
09-30 01:59:37.289  1277  1373 D SignalStrength: getLevel called =4
09-30 01:59:37.289   919  1366 D TelephonyRegistry: onSignalStrengthsChanged: exit record={binder=0x7f7fbdb8 pid=1277} signalStrength=99 0 -120 -160 -120 -1 -1 31 -60 -10 300 2147483647 gsm|lte
09-30 01:59:39.559   919  1416 V DataOutputStream: -getEid()
09-30 01:59:39.559   919  1416 V DataOutputStream: ~getEid()
09-30 01:59:39.559   919  1416 D DataOutputStream: wait:48 - b420ef40
09-30 01:59:39.569   919  1366 D DataOutputStream: notify broadcast:48 - b420ef40
09-30 01:59:39.569   919  1416 E DataOutputStream: Eid = 
09-30 01:59:39.619   919  1382 D DcTracker: isApnTypeEnabled
09-30 01:59:39.619   919  1382 D DcTracker: isApnTypeActive
09-30 01:59:39.619   919  1408 V DataOutputStream: -getImei()
09-30 01:59:39.619   919  1408 V DataOutputStream: ~getImei()
09-30 01:59:39.619   919  1408 D DataOutputStream: wait:1 - b0804520
09-30 01:59:39.629   919  1366 D GSMPhone: getDeviceId: 015267000012896
09-30 01:59:39.629   919  1366 D DataOutputStream: notify broadcast:1 - b0804520
09-30 01:59:39.629   919  1415 V DataOutputStream: -getEid()
09-30 01:59:39.629   919  1415 V DataOutputStream: ~getEid()
09-30 01:59:39.629   919  1415 D DataOutputStream: wait:48 - b0804520
09-30 01:59:39.639   919  1366 D DataOutputStream: notify broadcast:48 - b0804520
09-30 01:59:39.639   919  1415 E DataOutputStream: Eid = 
09-30 01:59:40.289   530   536 I RILC    : RIL_SOCKET_1 UNSOLICITED: UNSOL_SIGNAL_STRENGTH length:60
09-30 01:59:40.289   919  1423 D SignalStrength: TMS-GETLEVEL SignalStrength::makeSignalStrengthFromRilParcel         mGsmSignalStrength = 99, mGsmBitErrorRate = 0,         mCdmaDbm = -1, mCdmaEcio = -1,         mEvdoDbm = -1, mEvdoEcio = -1,         mEvdoSnr = -1, mLteSignalStrength = 31,         mLteRsrp = 60, mLteRsrq = 10,         mLteRssnr = 274, mLteCqi = 2147483647,         mTdScdmaRscp = 2147483647
09-30 01:59:40.289   919  1423 D LGSignalStrength: TMS-GETLEVEL LGSignalStrength::makeSignalStrengthFromRilParcel     GsmDbm = 0, GsmEcio= 0
09-30 01:59:40.289   919  1366 V TelephonyManager: +getNetworkClass()
09-30 01:59:40.289   919  1366 I SignalStrength: [RAT:4G] Signal strength: -60 dBm, rxLevel: 31, rsrp: -60, rsrq: -10, rssnr: 274
09-30 01:59:40.289   919  1366 D SignalStrength: s->mLGSignalStrength->operatorNumeric 45005
09-30 01:59:40.289   919  1366 D TelephonyRegistry: onSignalStrengthsChanged: enter record={binder=0x7f7fbdb8 pid=1277} signalStrength=99 0 -120 -160 -120 -1 -1 31 -60 -10 274 2147483647 gsm|lte
09-30 01:59:40.289  1277  1277 D SignalStrength: SignalStrength::getLevel()
09-30 01:59:40.289  1277  1277 D LGSignalStrength: TMS-GETLEVEL  LGSignalStrength::getLevel() isGsm= 1
09-30 01:59:40.289  1277  1277 I LGSignalStrength: Default Case will be checked Or Other Operator case will be added 45005
09-30 01:59:40.289  1277  1277 D SignalStrength:  SignalStrength::getLevel default case
09-30 01:59:40.289  1277  1277 D SignalStrength: getLTELevel - rsrp:-60 snr:274 rsrpIconLevel:4 snrIconLevel:4
09-30 01:59:40.289  1277  1277 D SignalStrength: getLevel called =4
09-30 01:59:40.289   919  1366 D TelephonyRegistry: onSignalStrengthsChanged: exit record={binder=0x7f7fbdb8 pid=1277} signalStrength=99 0 -120 -160 -120 -1 -1 31 -60 -10 274 2147483647 gsm|lte
09-30 01:59:43.299   530   536 I RILC    : RIL_SOCKET_1 UNSOLICITED: UNSOL_SIGNAL_STRENGTH length:60
09-30 01:59:43.299   919  1423 D SignalStrength: TMS-GETLEVEL SignalStrength::makeSignalStrengthFromRilParcel         mGsmSignalStrength = 99, mGsmBitErrorRate = 0,         mCdmaDbm = -1, mCdmaEcio = -1,         mEvdoDbm = -1, mEvdoEcio = -1,         mEvdoSnr = -1, mLteSignalStrength = 31,         mLteRsrp = 61, mLteRsrq = 7,         mLteRssnr = 268, mLteCqi = 2147483647,         mTdScdmaRscp = 2147483647
09-30 01:59:43.299   919  1423 D LGSignalStrength: TMS-GETLEVEL LGSignalStrength::makeSignalStrengthFromRilParcel     GsmDbm = 0, GsmEcio= 0
09-30 01:59:43.299   919  1366 V TelephonyManager: +getNetworkClass()
09-30 01:59:43.299   919  1366 I SignalStrength: [RAT:4G] Signal strength: -61 dBm, rxLevel: 31, rsrp: -61, rsrq: -7, rssnr: 268
09-30 01:59:43.299   919  1366 D SignalStrength: s->mLGSignalStrength->operatorNumeric 45005
09-30 01:59:43.299   919  1366 D TelephonyRegistry: onSignalStrengthsChanged: enter record={binder=0x7f7fbdb8 pid=1277} signalStrength=99 0 -120 -160 -120 -1 -1 31 -61 -7 268 2147483647 gsm|lte
09-30 01:59:43.299  1277  1373 D SignalStrength: SignalStrength::getLevel()
09-30 01:59:43.299  1277  1373 D LGSignalStrength: TMS-GETLEVEL  LGSignalStrength::getLevel() isGsm= 1
09-30 01:59:43.299  1277  1373 I LGSignalStrength: Default Case will be checked Or Other Operator case will be added 45005
09-30 01:59:43.299  1277  1373 D SignalStrength:  SignalStrength::getLevel default case
09-30 01:59:43.299  1277  1373 D SignalStrength: getLTELevel - rsrp:-61 snr:268 rsrpIconLevel:4 snrIconLevel:4
09-30 01:59:43.299  1277  1373 D SignalStrength: getLevel called =4
09-30 01:59:43.299   919  1366 D TelephonyRegistry: onSignalStrengthsChanged: exit record={binder=0x7f7fbdb8 pid=1277} signalStrength=99 0 -120 -160 -120 -1 -1 31 -61 -7 268 2147483647 gsm|lte
09-30 01:59:46.289   530   536 I RILC    : RIL_SOCKET_1 UNSOLICITED: UNSOL_SIGNAL_STRENGTH length:60
09-30 01:59:46.289   919  1423 D SignalStrength: TMS-GETLEVEL SignalStrength::makeSignalStrengthFromRilParcel         mGsmSignalStrength = 99, mGsmBitErrorRate = 0,         mCdmaDbm = -1, mCdmaEcio = -1,         mEvdoDbm = -1, mEvdoEcio = -1,         mEvdoSnr = -1, mLteSignalStrength = 31,         mLteRsrp = 60, mLteRsrq = 7,         mLteRssnr = 272, mLteCqi = 2147483647,         mTdScdmaRscp = 2147483647
09-30 01:59:46.289   919  1423 D LGSignalStrength: TMS-GETLEVEL LGSignalStrength::makeSignalStrengthFromRilParcel     GsmDbm = 0, GsmEcio= 0
09-30 01:59:46.289   919  1366 V TelephonyManager: +getNetworkClass()
09-30 01:59:46.289   919  1366 I SignalStrength: [RAT:4G] Signal strength: -60 dBm, rxLevel: 31, rsrp: -60, rsrq: -7, rssnr: 272
09-30 01:59:46.289   919  1366 D SignalStrength: s->mLGSignalStrength->operatorNumeric 45005
09-30 01:59:46.289   919  1366 D TelephonyRegistry: onSignalStrengthsChanged: enter record={binder=0x7f7fbdb8 pid=1277} signalStrength=99 0 -120 -160 -120 -1 -1 31 -60 -7 272 2147483647 gsm|lte
09-30 01:59:46.289  1277  1277 D SignalStrength: SignalStrength::getLevel()
09-30 01:59:46.289  1277  1277 D LGSignalStrength: TMS-GETLEVEL  LGSignalStrength::getLevel() isGsm= 1
09-30 01:59:46.289  1277  1277 I LGSignalStrength: Default Case will be checked Or Other Operator case will be added 45005
09-30 01:59:46.289  1277  1277 D SignalStrength:  SignalStrength::getLevel default case
09-30 01:59:46.289  1277  1277 D SignalStrength: getLTELevel - rsrp:-60 snr:272 rsrpIconLevel:4 snrIconLevel:4
09-30 01:59:46.289  1277  1277 D SignalStrength: getLevel called =4
09-30 01:59:46.289   919  1366 D TelephonyRegistry: onSignalStrengthsChanged: exit record={binder=0x7f7fbdb8 pid=1277} signalStrength=99 0 -120 -160 -120 -1 -1 31 -60 -7 272 2147483647 gsm|lte
09-30 01:59:47.289   919  1366 D GSMPhone: GSMPhone::handleMessage 999
09-30 01:59:49.289   530   536 I RILC    : RIL_SOCKET_1 UNSOLICITED: UNSOL_SIGNAL_STRENGTH length:60
09-30 01:59:49.289   919  1423 D SignalStrength: TMS-GETLEVEL SignalStrength::makeSignalStrengthFromRilParcel         mGsmSignalStrength = 99, mGsmBitErrorRate = 0,         mCdmaDbm = -1, mCdmaEcio = -1,         mEvdoDbm = -1, mEvdoEcio = -1,         mEvdoSnr = -1, mLteSignalStrength = 31,         mLteRsrp = 59, mLteRsrq = 8,         mLteRssnr = 258, mLteCqi = 2147483647,         mTdScdmaRscp = 2147483647
09-30 01:59:49.289   919  1423 D LGSignalStrength: TMS-GETLEVEL LGSignalStrength::makeSignalStrengthFromRilParcel     GsmDbm = 0, GsmEcio= 0
09-30 01:59:49.289   919  1366 V TelephonyManager: +getNetworkClass()
09-30 01:59:49.289   919  1366 I SignalStrength: [RAT:4G] Signal strength: -59 dBm, rxLevel: 31, rsrp: -59, rsrq: -8, rssnr: 258
09-30 01:59:49.289   919  1366 D SignalStrength: s->mLGSignalStrength->operatorNumeric 45005
09-30 01:59:49.289   919  1366 D TelephonyRegistry: onSignalStrengthsChanged: enter record={binder=0x7f7fbdb8 pid=1277} signalStrength=99 0 -120 -160 -120 -1 -1 31 -59 -8 258 2147483647 gsm|lte
09-30 01:59:49.289  1277  1373 D SignalStrength: SignalStrength::getLevel()
09-30 01:59:49.289  1277  1373 D LGSignalStrength: TMS-GETLEVEL  LGSignalStrength::getLevel() isGsm= 1
09-30 01:59:49.289  1277  1373 I LGSignalStrength: Default Case will be checked Or Other Operator case will be added 45005
09-30 01:59:49.289  1277  1373 D SignalStrength:  SignalStrength::getLevel default case
09-30 01:59:49.289  1277  1373 D SignalStrength: getLTELevel - rsrp:-59 snr:258 rsrpIconLevel:4 snrIconLevel:4
09-30 01:59:49.289  1277  1373 D SignalStrength: getLevel called =4
09-30 01:59:49.289   919  1366 D TelephonyRegistry: onSignalStrengthsChanged: exit record={binder=0x7f7fbdb8 pid=1277} signalStrength=99 0 -120 -160 -120 -1 -1 31 -59 -8 258 2147483647 gsm|lte
09-30 01:59:49.589   919  1366 D DcTrackerBase: DcTrackerBase::handleMessag 17
09-30 01:59:49.589   919  1366 D DcTrackerBase: onDataStallAlarm:tag macthed NOT Ignoring , tag=948, expecting=948
09-30 01:59:49.599   919  1366 D DcTrackerBase: updateTxRxSum: ifc - rmnet_data0 mTxPkts=19801 mRxPkts=16374 mTxBytes=10505824 mRxBytes=4029670
09-30 01:59:49.599   919  1366 D DcTrackerBase: updateDataStallInfo: mDataStallTxRxSum[0]=TxRxSum: { txPaketSum= 19801 rxPaketSum= 16374 txByteSum= 10505824 rxByteSum= 4029670 }, preTxRxSum=TxRxSum: { txPaketSum= 19781 rxPaketSum= 16362 txByteSum= 10494592 rxByteSum= 4026114 }
09-30 01:59:49.599   919  1366 D DcTrackerBase: updateDataStallInfo: received = 12
09-30 01:59:49.599   919  1366 D DcTrackerBase: updateTxRxSum: ifc - rmnet_data1 mTxPkts=0 mRxPkts=0 mTxBytes=0 mRxBytes=0
09-30 01:59:49.599   919  1366 D DcTrackerBase: updateDataStallInfo: mDataStallTxRxSum[1]=TxRxSum: { txPaketSum= 0 rxPaketSum= 0 txByteSum= 0 rxByteSum= 0 }, preTxRxSum=TxRxSum: { txPaketSum= 0 rxPaketSum= 0 txByteSum= 0 rxByteSum= 0 }
09-30 01:59:49.599   919  1366 D DcTracker: overall state is CONNECTED
09-30 01:59:52.299   530   536 I RILC    : RIL_SOCKET_1 UNSOLICITED: UNSOL_SIGNAL_STRENGTH length:60
09-30 01:59:52.299   919  1423 D SignalStrength: TMS-GETLEVEL SignalStrength::makeSignalStrengthFromRilParcel         mGsmSignalStrength = 99, mGsmBitErrorRate = 0,         mCdmaDbm = -1, mCdmaEcio = -1,         mEvdoDbm = -1, mEvdoEcio = -1,         mEvdoSnr = -1, mLteSignalStrength = 31,         mLteRsrp = 60, mLteRsrq = 9,         mLteRssnr = 218, mLteCqi = 2147483647,         mTdScdmaRscp = 2147483647
09-30 01:59:52.299   919  1423 D LGSignalStrength: TMS-GETLEVEL LGSignalStrength::makeSignalStrengthFromRilParcel     GsmDbm = 0, GsmEcio= 0
09-30 01:59:52.299   919  1366 V TelephonyManager: +getNetworkClass()
09-30 01:59:52.299   919  1366 I SignalStrength: [RAT:4G] Signal strength: -60 dBm, rxLevel: 31, rsrp: -60, rsrq: -9, rssnr: 218
09-30 01:59:52.299   919  1366 D SignalStrength: s->mLGSignalStrength->operatorNumeric 45005
09-30 01:59:52.299   919  1366 D TelephonyRegistry: onSignalStrengthsChanged: enter record={binder=0x7f7fbdb8 pid=1277} signalStrength=99 0 -120 -160 -120 -1 -1 31 -60 -9 218 2147483647 gsm|lte
09-30 01:59:52.299  1277  1277 D SignalStrength: SignalStrength::getLevel()
09-30 01:59:52.299  1277  1277 D LGSignalStrength: TMS-GETLEVEL  LGSignalStrength::getLevel() isGsm= 1
09-30 01:59:52.299  1277  1277 I LGSignalStrength: Default Case will be checked Or Other Operator case will be added 45005
09-30 01:59:52.299  1277  1277 D SignalStrength:  SignalStrength::getLevel default case
09-30 01:59:52.299  1277  1277 D SignalStrength: getLTELevel - rsrp:-60 snr:218 rsrpIconLevel:4 snrIconLevel:4
09-30 01:59:52.299  1277  1277 D SignalStrength: getLevel called =4
09-30 01:59:52.299   919  1366 D TelephonyRegistry: onSignalStrengthsChanged: exit record={binder=0x7f7fbdb8 pid=1277} signalStrength=99 0 -120 -160 -120 -1 -1 31 -60 -9 218 2147483647 gsm|lte
09-30 01:59:55.289   530   536 I RILC    : RIL_SOCKET_1 UNSOLICITED: UNSOL_SIGNAL_STRENGTH length:60
09-30 01:59:55.289   919  1423 D SignalStrength: TMS-GETLEVEL SignalStrength::makeSignalStrengthFromRilParcel         mGsmSignalStrength = 99, mGsmBitErrorRate = 0,         mCdmaDbm = -1, mCdmaEcio = -1,         mEvdoDbm = -1, mEvdoEcio = -1,         mEvdoSnr = -1, mLteSignalStrength = 31,         mLteRsrp = 60, mLteRsrq = 7,         mLteRssnr = 298, mLteCqi = 2147483647,         mTdScdmaRscp = 2147483647
09-30 01:59:55.289   919  1423 D LGSignalStrength: TMS-GETLEVEL LGSignalStrength::makeSignalStrengthFromRilParcel     GsmDbm = 0, GsmEcio= 0
09-30 01:59:55.289   919  1366 V TelephonyManager: +getNetworkClass()
09-30 01:59:55.299   919  1366 I SignalStrength: [RAT:4G] Signal strength: -60 dBm, rxLevel: 31, rsrp: -60, rsrq: -7, rssnr: 298
09-30 01:59:55.299   919  1366 D SignalStrength: s->mLGSignalStrength->operatorNumeric 45005
09-30 01:59:55.299   919  1366 D TelephonyRegistry: onSignalStrengthsChanged: enter record={binder=0x7f7fbdb8 pid=1277} signalStrength=99 0 -120 -160 -120 -1 -1 31 -60 -7 298 2147483647 gsm|lte
09-30 01:59:55.299  1277  1373 D SignalStrength: SignalStrength::getLevel()
09-30 01:59:55.299  1277  1373 D LGSignalStrength: TMS-GETLEVEL  LGSignalStrength::getLevel() isGsm= 1
09-30 01:59:55.299  1277  1373 I LGSignalStrength: Default Case will be checked Or Other Operator case will be added 45005
09-30 01:59:55.299  1277  1373 D SignalStrength:  SignalStrength::getLevel default case
09-30 01:59:55.299  1277  1373 D SignalStrength: getLTELevel - rsrp:-60 snr:298 rsrpIconLevel:4 snrIconLevel:4
09-30 01:59:55.299  1277  1373 D SignalStrength: getLevel called =4
09-30 01:59:55.299   919  1366 D TelephonyRegistry: onSignalStrengthsChanged: exit record={binder=0x7f7fbdb8 pid=1277} signalStrength=99 0 -120 -160 -120 -1 -1 31 -60 -7 298 2147483647 gsm|lte
09-30 01:59:56.159   919  1366 D DcTrackerBase: DcTrackerBase::handleMessag 41
09-30 01:59:56.159   919  1366 D DcTrackerBase: updateTxRxSum: ifc - rmnet_data0 mTxPkts=19801 mRxPkts=16374 mTxBytes=10505824 mRxBytes=4029670
09-30 01:59:56.159   919  1366 D DefaultPhoneNotifier: DefaultPhoneNotifier: notifyDataActivity: activity(3)
09-30 01:59:56.159   919  1366 D DcTrackerBase: updateTxRxSum: ifc - rmnet_data1 mTxPkts=0 mRxPkts=0 mTxBytes=0 mRxBytes=0
09-30 01:59:57.289   919  1366 D GSMPhone: GSMPhone::handleMessage 999
09-30 02:00:01.299   530   536 I RILC    : RIL_SOCKET_1 UNSOLICITED: UNSOL_SIGNAL_STRENGTH length:60
09-30 02:00:01.299   919  1423 D SignalStrength: TMS-GETLEVEL SignalStrength::makeSignalStrengthFromRilParcel         mGsmSignalStrength = 99, mGsmBitErrorRate = 0,         mCdmaDbm = -1, mCdmaEcio = -1,         mEvdoDbm = -1, mEvdoEcio = -1,         mEvdoSnr = -1, mLteSignalStrength = 31,         mLteRsrp = 60, mLteRsrq = 8,         mLteRssnr = 300, mLteCqi = 2147483647,         mTdScdmaRscp = 2147483647
09-30 02:00:01.299   919  1423 D LGSignalStrength: TMS-GETLEVEL LGSignalStrength::makeSignalStrengthFromRilParcel     GsmDbm = 0, GsmEcio= 0
09-30 02:00:01.299   919  1366 V TelephonyManager: +getNetworkClass()
09-30 02:00:01.299   919  1366 I SignalStrength: [RAT:4G] Signal strength: -60 dBm, rxLevel: 31, rsrp: -60, rsrq: -8, rssnr: 300
09-30 02:00:01.299   919  1366 D SignalStrength: s->mLGSignalStrength->operatorNumeric 45005
09-30 02:00:01.299   919  1366 D TelephonyRegistry: onSignalStrengthsChanged: enter record={binder=0x7f7fbdb8 pid=1277} signalStrength=99 0 -120 -160 -120 -1 -1 31 -60 -8 300 2147483647 gsm|lte
09-30 02:00:01.299  1277  1277 D SignalStrength: SignalStrength::getLevel()
09-30 02:00:01.299  1277  1277 D LGSignalStrength: TMS-GETLEVEL  LGSignalStrength::getLevel() isGsm= 1
09-30 02:00:01.299  1277  1277 I LGSignalStrength: Default Case will be checked Or Other Operator case will be added 45005
09-30 02:00:01.299  1277  1277 D SignalStrength:  SignalStrength::getLevel default case
09-30 02:00:01.299  1277  1277 D SignalStrength: getLTELevel - rsrp:-60 snr:300 rsrpIconLevel:4 snrIconLevel:4
09-30 02:00:01.299  1277  1277 D SignalStrength: getLevel called =4
09-30 02:00:01.299   919  1366 D TelephonyRegistry: onSignalStrengthsChanged: exit record={binder=0x7f7fbdb8 pid=1277} signalStrength=99 0 -120 -160 -120 -1 -1 31 -60 -8 300 2147483647 gsm|lte
09-30 02:00:07.289   919  1366 D GSMPhone: GSMPhone::handleMessage 999
09-30 02:00:10.299   530   536 I RILC    : RIL_SOCKET_1 UNSOLICITED: UNSOL_SIGNAL_STRENGTH length:60
09-30 02:00:10.299   919  1423 D SignalStrength: TMS-GETLEVEL SignalStrength::makeSignalStrengthFromRilParcel         mGsmSignalStrength = 99, mGsmBitErrorRate = 0,         mCdmaDbm = -1, mCdmaEcio = -1,         mEvdoDbm = -1, mEvdoEcio = -1,         mEvdoSnr = -1, mLteSignalStrength = 31,         mLteRsrp = 62, mLteRsrq = 7,         mLteRssnr = 296, mLteCqi = 2147483647,         mTdScdmaRscp = 2147483647
09-30 02:00:10.299   919  1423 D LGSignalStrength: TMS-GETLEVEL LGSignalStrength::makeSignalStrengthFromRilParcel     GsmDbm = 0, GsmEcio= 0
09-30 02:00:10.299   919  1366 V TelephonyManager: +getNetworkClass()
09-30 02:00:10.299   919  1366 I SignalStrength: [RAT:4G] Signal strength: -62 dBm, rxLevel: 31, rsrp: -62, rsrq: -7, rssnr: 296
09-30 02:00:10.299   919  1366 D SignalStrength: s->mLGSignalStrength->operatorNumeric 45005
09-30 02:00:10.299   919  1366 D TelephonyRegistry: onSignalStrengthsChanged: enter record={binder=0x7f7fbdb8 pid=1277} signalStrength=99 0 -120 -160 -120 -1 -1 31 -62 -7 296 2147483647 gsm|lte
09-30 02:00:10.299  1277  1277 D SignalStrength: SignalStrength::getLevel()
09-30 02:00:10.299  1277  1277 D LGSignalStrength: TMS-GETLEVEL  LGSignalStrength::getLevel() isGsm= 1
09-30 02:00:10.299  1277  1277 I LGSignalStrength: Default Case will be checked Or Other Operator case will be added 45005
09-30 02:00:10.299  1277  1277 D SignalStrength:  SignalStrength::getLevel default case
09-30 02:00:10.299  1277  1277 D SignalStrength: getLTELevel - rsrp:-62 snr:296 rsrpIconLevel:4 snrIconLevel:4
09-30 02:00:10.299  1277  1277 D SignalStrength: getLevel called =4
09-30 02:00:10.299   919  1366 D TelephonyRegistry: onSignalStrengthsChanged: exit record={binder=0x7f7fbdb8 pid=1277} signalStrength=99 0 -120 -160 -120 -1 -1 31 -62 -7 296 2147483647 gsm|lte
09-30 02:00:10.559   919  1399 V DataOutputStream: -getEid()
09-30 02:00:10.559   919  1399 V DataOutputStream: ~getEid()
09-30 02:00:10.559   919  1399 D DataOutputStream: wait:48 - b0804520
09-30 02:00:10.569   919  1366 D DataOutputStream: notify broadcast:48 - b0804520
09-30 02:00:10.569   919  1399 E DataOutputStream: Eid = 
09-30 02:00:10.619   919  1382 D DcTracker: isApnTypeEnabled
09-30 02:00:10.619   919  1382 D DcTracker: isApnTypeActive
09-30 02:00:10.619   919   919 V DataOutputStream: -getImei()
09-30 02:00:10.619   919   919 V DataOutputStream: ~getImei()
09-30 02:00:10.619   919   919 D DataOutputStream: wait:1 - 7f7fcbc0
09-30 02:00:10.629   919  1366 D GSMPhone: getDeviceId: 015267000012896
09-30 02:00:10.629   919  1366 D DataOutputStream: notify broadcast:1 - 7f7fcbc0
09-30 02:00:10.629   919  1409 V DataOutputStream: -getEid()
09-30 02:00:10.629   919  1409 V DataOutputStream: ~getEid()
09-30 02:00:10.629   919  1409 D DataOutputStream: wait:48 - b420ef40
09-30 02:00:10.639   919  1366 D DataOutputStream: notify broadcast:48 - b420ef40
09-30 02:00:10.639   919  1409 E DataOutputStream: Eid = 
09-30 02:00:13.299   530   536 I RILC    : RIL_SOCKET_1 UNSOLICITED: UNSOL_SIGNAL_STRENGTH length:60
09-30 02:00:13.309   919  1423 D SignalStrength: TMS-GETLEVEL SignalStrength::makeSignalStrengthFromRilParcel         mGsmSignalStrength = 99, mGsmBitErrorRate = 0,         mCdmaDbm = -1, mCdmaEcio = -1,         mEvdoDbm = -1, mEvdoEcio = -1,         mEvdoSnr = -1, mLteSignalStrength = 31,         mLteRsrp = 62, mLteRsrq = 8,         mLteRssnr = 208, mLteCqi = 2147483647,         mTdScdmaRscp = 2147483647
09-30 02:00:13.309   919  1423 D LGSignalStrength: TMS-GETLEVEL LGSignalStrength::makeSignalStrengthFromRilParcel     GsmDbm = 0, GsmEcio= 0
09-30 02:00:13.309   919  1366 V TelephonyManager: +getNetworkClass()
09-30 02:00:13.309   919  1366 I SignalStrength: [RAT:4G] Signal strength: -62 dBm, rxLevel: 31, rsrp: -62, rsrq: -8, rssnr: 208
09-30 02:00:13.309   919  1366 D SignalStrength: s->mLGSignalStrength->operatorNumeric 45005
09-30 02:00:13.309   919  1366 D TelephonyRegistry: onSignalStrengthsChanged: enter record={binder=0x7f7fbdb8 pid=1277} signalStrength=99 0 -120 -160 -120 -1 -1 31 -62 -8 208 2147483647 gsm|lte
09-30 02:00:13.309  1277  1277 D SignalStrength: SignalStrength::getLevel()
09-30 02:00:13.309  1277  1277 D LGSignalStrength: TMS-GETLEVEL  LGSignalStrength::getLevel() isGsm= 1
09-30 02:00:13.309  1277  1277 I LGSignalStrength: Default Case will be checked Or Other Operator case will be added 45005
09-30 02:00:13.309  1277  1277 D SignalStrength:  SignalStrength::getLevel default case
09-30 02:00:13.309  1277  1277 D SignalStrength: getLTELevel - rsrp:-62 snr:208 rsrpIconLevel:4 snrIconLevel:4
09-30 02:00:13.309  1277  1277 D SignalStrength: getLevel called =4
09-30 02:00:13.309   919  1366 D TelephonyRegistry: onSignalStrengthsChanged: exit record={binder=0x7f7fbdb8 pid=1277} signalStrength=99 0 -120 -160 -120 -1 -1 31 -62 -8 208 2147483647 gsm|lte
09-30 02:00:16.159   919  1366 D DcTrackerBase: DcTrackerBase::handleMessag 41
09-30 02:00:16.159   919  1366 D DcTrackerBase: updateTxRxSum: ifc - rmnet_data0 mTxPkts=19806 mRxPkts=16377 mTxBytes=10508632 mRxBytes=4030559
09-30 02:00:16.169   919  1366 D DcTrackerBase: updateTxRxSum: ifc - rmnet_data1 mTxPkts=0 mRxPkts=0 mTxBytes=0 mRxBytes=0
09-30 02:00:16.299   530   536 I RILC    : RIL_SOCKET_1 UNSOLICITED: UNSOL_SIGNAL_STRENGTH length:60
09-30 02:00:16.299   919  1423 D SignalStrength: TMS-GETLEVEL SignalStrength::makeSignalStrengthFromRilParcel         mGsmSignalStrength = 99, mGsmBitErrorRate = 0,         mCdmaDbm = -1, mCdmaEcio = -1,         mEvdoDbm = -1, mEvdoEcio = -1,         mEvdoSnr = -1, mLteSignalStrength = 31,         mLteRsrp = 62, mLteRsrq = 9,         mLteRssnr = 252, mLteCqi = 2147483647,         mTdScdmaRscp = 2147483647
09-30 02:00:16.299   919  1423 D LGSignalStrength: TMS-GETLEVEL LGSignalStrength::makeSignalStrengthFromRilParcel     GsmDbm = 0, GsmEcio= 0
09-30 02:00:16.299   919  1366 V TelephonyManager: +getNetworkClass()
09-30 02:00:16.299   919  1366 I SignalStrength: [RAT:4G] Signal strength: -62 dBm, rxLevel: 31, rsrp: -62, rsrq: -9, rssnr: 252
09-30 02:00:16.299   919  1366 D SignalStrength: s->mLGSignalStrength->operatorNumeric 45005
09-30 02:00:16.299   919  1366 D TelephonyRegistry: onSignalStrengthsChanged: enter record={binder=0x7f7fbdb8 pid=1277} signalStrength=99 0 -120 -160 -120 -1 -1 31 -62 -9 252 2147483647 gsm|lte
09-30 02:00:16.299  1277  1373 D SignalStrength: SignalStrength::getLevel()
09-30 02:00:16.299  1277  1373 D LGSignalStrength: TMS-GETLEVEL  LGSignalStrength::getLevel() isGsm= 1
09-30 02:00:16.299  1277  1373 I LGSignalStrength: Default Case will be checked Or Other Operator case will be added 45005
09-30 02:00:16.299  1277  1373 D SignalStrength:  SignalStrength::getLevel default case
09-30 02:00:16.299  1277  1373 D SignalStrength: getLTELevel - rsrp:-62 snr:252 rsrpIconLevel:4 snrIconLevel:4
09-30 02:00:16.299  1277  1373 D SignalStrength: getLevel called =4
09-30 02:00:16.299   919  1366 D TelephonyRegistry: onSignalStrengthsChanged: exit record={binder=0x7f7fbdb8 pid=1277} signalStrength=99 0 -120 -160 -120 -1 -1 31 -62 -9 252 2147483647 gsm|lte
09-30 02:00:17.289   919  1366 D GSMPhone: GSMPhone::handleMessage 999
09-30 02:00:25.309   530   536 I RILC    : RIL_SOCKET_1 UNSOLICITED: UNSOL_SIGNAL_STRENGTH length:60
09-30 02:00:25.309   919  1423 D SignalStrength: TMS-GETLEVEL SignalStrength::makeSignalStrengthFromRilParcel         mGsmSignalStrength = 99, mGsmBitErrorRate = 0,         mCdmaDbm = -1, mCdmaEcio = -1,         mEvdoDbm = -1, mEvdoEcio = -1,         mEvdoSnr = -1, mLteSignalStrength = 31,         mLteRsrp = 63, mLteRsrq = 10,         mLteRssnr = 236, mLteCqi = 2147483647,         mTdScdmaRscp = 2147483647
09-30 02:00:25.309   919  1423 D LGSignalStrength: TMS-GETLEVEL LGSignalStrength::makeSignalStrengthFromRilParcel     GsmDbm = 0, GsmEcio= 0
09-30 02:00:25.309   919  1366 V TelephonyManager: +getNetworkClass()
09-30 02:00:25.309   919  1366 I SignalStrength: [RAT:4G] Signal strength: -63 dBm, rxLevel: 31, rsrp: -63, rsrq: -10, rssnr: 236
09-30 02:00:25.309   919  1366 D SignalStrength: s->mLGSignalStrength->operatorNumeric 45005
09-30 02:00:25.309   919  1366 D TelephonyRegistry: onSignalStrengthsChanged: enter record={binder=0x7f7fbdb8 pid=1277} signalStrength=99 0 -120 -160 -120 -1 -1 31 -63 -10 236 2147483647 gsm|lte
09-30 02:00:25.309  1277  1277 D SignalStrength: SignalStrength::getLevel()
09-30 02:00:25.309  1277  1277 D LGSignalStrength: TMS-GETLEVEL  LGSignalStrength::getLevel() isGsm= 1
09-30 02:00:25.309  1277  1277 I LGSignalStrength: Default Case will be checked Or Other Operator case will be added 45005
