09-30 01:43:49.519   919  1366 D DcTrackerBase: updateTxRxSum: ifc - rmnet_data0 mTxPkts=19646 mRxPkts=16281 mTxBytes=10418776 mRxBytes=4002111
09-30 01:43:49.519   919  1366 D DcTrackerBase: updateDataStallInfo: mDataStallTxRxSum[0]=TxRxSum: { txPaketSum= 19646 rxPaketSum= 16281 txByteSum= 10418776 rxByteSum= 4002111 }, preTxRxSum=TxRxSum: { txPaketSum= 19626 rxPaketSum= 16269 txByteSum= 10407544 rxByteSum= 3998555 }
09-30 01:43:49.519   919  1366 D DcTrackerBase: updateDataStallInfo: received = 12
09-30 01:43:49.539   919  1366 D DcTrackerBase: updateTxRxSum: ifc - rmnet_data1 mTxPkts=0 mRxPkts=0 mTxBytes=0 mRxBytes=0
09-30 01:43:49.539   919  1366 D DcTrackerBase: updateDataStallInfo: mDataStallTxRxSum[1]=TxRxSum: { txPaketSum= 0 rxPaketSum= 0 txByteSum= 0 rxByteSum= 0 }, preTxRxSum=TxRxSum: { txPaketSum= 0 rxPaketSum= 0 txByteSum= 0 rxByteSum= 0 }
09-30 01:43:49.539   919  1366 D DcTracker: overall state is CONNECTED
09-30 01:43:52.039   530   536 I RILC    : RIL_SOCKET_1 UNSOLICITED: UNSOL_SIGNAL_STRENGTH length:60
09-30 01:43:52.039   919  1423 D SignalStrength: TMS-GETLEVEL SignalStrength::makeSignalStrengthFromRilParcel         mGsmSignalStrength = 99, mGsmBitErrorRate = 0,         mCdmaDbm = -1, mCdmaEcio = -1,         mEvdoDbm = -1, mEvdoEcio = -1,         mEvdoSnr = -1, mLteSignalStrength = 31,         mLteRsrp = 60, mLteRsrq = 8,         mLteRssnr = 236, mLteCqi = 2147483647,         mTdScdmaRscp = 2147483647
09-30 01:43:52.049   919  1423 D LGSignalStrength: TMS-GETLEVEL LGSignalStrength::makeSignalStrengthFromRilParcel     GsmDbm = 0, GsmEcio= 0
09-30 01:43:52.049   919  1366 V TelephonyManager: +getNetworkClass()
09-30 01:43:52.049   919  1366 I SignalStrength: [RAT:4G] Signal strength: -60 dBm, rxLevel: 31, rsrp: -60, rsrq: -8, rssnr: 236
09-30 01:43:52.049   919  1366 D SignalStrength: s->mLGSignalStrength->operatorNumeric 45005
09-30 01:43:52.049   919  1366 D TelephonyRegistry: onSignalStrengthsChanged: enter record={binder=0x7f7fbdb8 pid=1277} signalStrength=99 0 -120 -160 -120 -1 -1 31 -60 -8 236 2147483647 gsm|lte
09-30 01:43:52.049  1277  1373 D SignalStrength: SignalStrength::getLevel()
09-30 01:43:52.049  1277  1373 D LGSignalStrength: TMS-GETLEVEL  LGSignalStrength::getLevel() isGsm= 1
09-30 01:43:52.049  1277  1373 I LGSignalStrength: Default Case will be checked Or Other Operator case will be added 45005
09-30 01:43:52.049  1277  1373 D SignalStrength:  SignalStrength::getLevel default case
09-30 01:43:52.049  1277  1373 D SignalStrength: getLTELevel - rsrp:-60 snr:236 rsrpIconLevel:4 snrIconLevel:4
09-30 01:43:52.049  1277  1373 D SignalStrength: getLevel called =4
09-30 01:43:52.049   919  1366 D TelephonyRegistry: onSignalStrengthsChanged: exit record={binder=0x7f7fbdb8 pid=1277} signalStrength=99 0 -120 -160 -120 -1 -1 31 -60 -8 236 2147483647 gsm|lte
09-30 01:43:56.059   919  1366 D DcTrackerBase: DcTrackerBase::handleMessag 41
09-30 01:43:56.059   919  1366 D DcTrackerBase: updateTxRxSum: ifc - rmnet_data0 mTxPkts=19646 mRxPkts=16281 mTxBytes=10418776 mRxBytes=4002111
09-30 01:43:56.059   919  1366 D DefaultPhoneNotifier: DefaultPhoneNotifier: notifyDataActivity: activity(3)
09-30 01:43:56.059   919  1366 D DcTrackerBase: updateTxRxSum: ifc - rmnet_data1 mTxPkts=0 mRxPkts=0 mTxBytes=0 mRxBytes=0
09-30 01:43:57.289   919  1366 D GSMPhone: GSMPhone::handleMessage 999
09-30 01:43:58.049   530   536 I RILC    : RIL_SOCKET_1 UNSOLICITED: UNSOL_SIGNAL_STRENGTH length:60
09-30 01:43:58.049   919  1423 D SignalStrength: TMS-GETLEVEL SignalStrength::makeSignalStrengthFromRilParcel         mGsmSignalStrength = 99, mGsmBitErrorRate = 0,         mCdmaDbm = -1, mCdmaEcio = -1,         mEvdoDbm = -1, mEvdoEcio = -1,         mEvdoSnr = -1, mLteSignalStrength = 31,         mLteRsrp = 58, mLteRsrq = 8,         mLteRssnr = 300, mLteCqi = 2147483647,         mTdScdmaRscp = 2147483647
09-30 01:43:58.049   919  1423 D LGSignalStrength: TMS-GETLEVEL LGSignalStrength::makeSignalStrengthFromRilParcel     GsmDbm = 0, GsmEcio= 0
09-30 01:43:58.049   919  1366 V TelephonyManager: +getNetworkClass()
09-30 01:43:58.049   919  1366 I SignalStrength: [RAT:4G] Signal strength: -58 dBm, rxLevel: 31, rsrp: -58, rsrq: -8, rssnr: 300
09-30 01:43:58.049   919  1366 D SignalStrength: s->mLGSignalStrength->operatorNumeric 45005
09-30 01:43:58.049   919  1366 D TelephonyRegistry: onSignalStrengthsChanged: enter record={binder=0x7f7fbdb8 pid=1277} signalStrength=99 0 -120 -160 -120 -1 -1 31 -58 -8 300 2147483647 gsm|lte
09-30 01:43:58.049  1277  1277 D SignalStrength: SignalStrength::getLevel()
09-30 01:43:58.049  1277  1277 D LGSignalStrength: TMS-GETLEVEL  LGSignalStrength::getLevel() isGsm= 1
09-30 01:43:58.049  1277  1277 I LGSignalStrength: Default Case will be checked Or Other Operator case will be added 45005
09-30 01:43:58.049  1277  1277 D SignalStrength:  SignalStrength::getLevel default case
09-30 01:43:58.049  1277  1277 D SignalStrength: getLTELevel - rsrp:-58 snr:300 rsrpIconLevel:4 snrIconLevel:4
09-30 01:43:58.049  1277  1277 D SignalStrength: getLevel called =4
09-30 01:43:58.049   919  1366 D TelephonyRegistry: onSignalStrengthsChanged: exit record={binder=0x7f7fbdb8 pid=1277} signalStrength=99 0 -120 -160 -120 -1 -1 31 -58 -8 300 2147483647 gsm|lte
09-30 01:44:04.049   530   536 I RILC    : RIL_SOCKET_1 UNSOLICITED: UNSOL_SIGNAL_STRENGTH length:60
09-30 01:44:04.049   919  1423 D SignalStrength: TMS-GETLEVEL SignalStrength::makeSignalStrengthFromRilParcel         mGsmSignalStrength = 99, mGsmBitErrorRate = 0,         mCdmaDbm = -1, mCdmaEcio = -1,         mEvdoDbm = -1, mEvdoEcio = -1,         mEvdoSnr = -1, mLteSignalStrength = 31,         mLteRsrp = 59, mLteRsrq = 8,         mLteRssnr = 298, mLteCqi = 2147483647,         mTdScdmaRscp = 2147483647
09-30 01:44:04.049   919  1423 D LGSignalStrength: TMS-GETLEVEL LGSignalStrength::makeSignalStrengthFromRilParcel     GsmDbm = 0, GsmEcio= 0
09-30 01:44:04.049   919  1366 V TelephonyManager: +getNetworkClass()
09-30 01:44:04.049   919  1366 I SignalStrength: [RAT:4G] Signal strength: -59 dBm, rxLevel: 31, rsrp: -59, rsrq: -8, rssnr: 298
09-30 01:44:04.049   919  1366 D SignalStrength: s->mLGSignalStrength->operatorNumeric 45005
09-30 01:44:04.049   919  1366 D TelephonyRegistry: onSignalStrengthsChanged: enter record={binder=0x7f7fbdb8 pid=1277} signalStrength=99 0 -120 -160 -120 -1 -1 31 -59 -8 298 2147483647 gsm|lte
09-30 01:44:04.049  1277  1373 D SignalStrength: SignalStrength::getLevel()
09-30 01:44:04.049  1277  1373 D LGSignalStrength: TMS-GETLEVEL  LGSignalStrength::getLevel() isGsm= 1
09-30 01:44:04.049  1277  1373 I LGSignalStrength: Default Case will be checked Or Other Operator case will be added 45005
09-30 01:44:04.049  1277  1373 D SignalStrength:  SignalStrength::getLevel default case
09-30 01:44:04.049  1277  1373 D SignalStrength: getLTELevel - rsrp:-59 snr:298 rsrpIconLevel:4 snrIconLevel:4
09-30 01:44:04.049  1277  1373 D SignalStrength: getLevel called =4
09-30 01:44:04.049   919  1366 D TelephonyRegistry: onSignalStrengthsChanged: exit record={binder=0x7f7fbdb8 pid=1277} signalStrength=99 0 -120 -160 -120 -1 -1 31 -59 -8 298 2147483647 gsm|lte
09-30 01:44:07.049   530   536 I RILC    : RIL_SOCKET_1 UNSOLICITED: UNSOL_SIGNAL_STRENGTH length:60
09-30 01:44:07.049   919  1423 D SignalStrength: TMS-GETLEVEL SignalStrength::makeSignalStrengthFromRilParcel         mGsmSignalStrength = 99, mGsmBitErrorRate = 0,         mCdmaDbm = -1, mCdmaEcio = -1,         mEvdoDbm = -1, mEvdoEcio = -1,         mEvdoSnr = -1, mLteSignalStrength = 31,         mLteRsrp = 60, mLteRsrq = 7,         mLteRssnr = 300, mLteCqi = 2147483647,         mTdScdmaRscp = 2147483647
09-30 01:44:07.049   919  1423 D LGSignalStrength: TMS-GETLEVEL LGSignalStrength::makeSignalStrengthFromRilParcel     GsmDbm = 0, GsmEcio= 0
09-30 01:44:07.049   919  1366 V TelephonyManager: +getNetworkClass()
09-30 01:44:07.049   919  1366 I SignalStrength: [RAT:4G] Signal strength: -60 dBm, rxLevel: 31, rsrp: -60, rsrq: -7, rssnr: 300
09-30 01:44:07.049   919  1366 D SignalStrength: s->mLGSignalStrength->operatorNumeric 45005
09-30 01:44:07.049   919  1366 D TelephonyRegistry: onSignalStrengthsChanged: enter record={binder=0x7f7fbdb8 pid=1277} signalStrength=99 0 -120 -160 -120 -1 -1 31 -60 -7 300 2147483647 gsm|lte
09-30 01:44:07.049  1277  1277 D SignalStrength: SignalStrength::getLevel()
09-30 01:44:07.049  1277  1277 D LGSignalStrength: TMS-GETLEVEL  LGSignalStrength::getLevel() isGsm= 1
09-30 01:44:07.049  1277  1277 I LGSignalStrength: Default Case will be checked Or Other Operator case will be added 45005
09-30 01:44:07.049  1277  1277 D SignalStrength:  SignalStrength::getLevel default case
09-30 01:44:07.049  1277  1277 D SignalStrength: getLTELevel - rsrp:-60 snr:300 rsrpIconLevel:4 snrIconLevel:4
09-30 01:44:07.049  1277  1277 D SignalStrength: getLevel called =4
09-30 01:44:07.049   919  1366 D TelephonyRegistry: onSignalStrengthsChanged: exit record={binder=0x7f7fbdb8 pid=1277} signalStrength=99 0 -120 -160 -120 -1 -1 31 -60 -7 300 2147483647 gsm|lte
09-30 01:44:07.289   919  1366 D GSMPhone: GSMPhone::handleMessage 999
09-30 01:44:10.559   919  1416 V DataOutputStream: -getEid()
09-30 01:44:10.559   919  1416 V DataOutputStream: ~getEid()
09-30 01:44:10.559   919  1416 D DataOutputStream: wait:48 - b420ef40
09-30 01:44:10.569   919  1366 D DataOutputStream: notify broadcast:48 - b420ef40
09-30 01:44:10.569   919  1416 E DataOutputStream: Eid = 
09-30 01:44:10.619   919  1382 D DcTracker: isApnTypeEnabled
09-30 01:44:10.619   919  1382 D DcTracker: isApnTypeActive
09-30 01:44:10.619   919  1408 V DataOutputStream: -getImei()
09-30 01:44:10.619   919  1408 V DataOutputStream: ~getImei()
09-30 01:44:10.619   919  1408 D DataOutputStream: wait:1 - b0804520
09-30 01:44:10.629   919  1366 D GSMPhone: getDeviceId: 015267000012896
09-30 01:44:10.629   919  1366 D DataOutputStream: notify broadcast:1 - b0804520
09-30 01:44:10.629   919  1415 V DataOutputStream: -getEid()
09-30 01:44:10.629   919  1415 V DataOutputStream: ~getEid()
09-30 01:44:10.629   919  1415 D DataOutputStream: wait:48 - b0804520
09-30 01:44:10.639   919  1366 D DataOutputStream: notify broadcast:48 - b0804520
09-30 01:44:10.639   919  1415 E DataOutputStream: Eid = 
09-30 01:44:13.049   530   536 I RILC    : RIL_SOCKET_1 UNSOLICITED: UNSOL_SIGNAL_STRENGTH length:60
09-30 01:44:13.059   919  1423 D SignalStrength: TMS-GETLEVEL SignalStrength::makeSignalStrengthFromRilParcel         mGsmSignalStrength = 99, mGsmBitErrorRate = 0,         mCdmaDbm = -1, mCdmaEcio = -1,         mEvdoDbm = -1, mEvdoEcio = -1,         mEvdoSnr = -1, mLteSignalStrength = 31,         mLteRsrp = 62, mLteRsrq = 7,         mLteRssnr = 252, mLteCqi = 2147483647,         mTdScdmaRscp = 2147483647
09-30 01:44:13.059   919  1423 D LGSignalStrength: TMS-GETLEVEL LGSignalStrength::makeSignalStrengthFromRilParcel     GsmDbm = 0, GsmEcio= 0
09-30 01:44:13.059   919  1366 V TelephonyManager: +getNetworkClass()
09-30 01:44:13.059   919  1366 I SignalStrength: [RAT:4G] Signal strength: -62 dBm, rxLevel: 31, rsrp: -62, rsrq: -7, rssnr: 252
09-30 01:44:13.059   919  1366 D SignalStrength: s->mLGSignalStrength->operatorNumeric 45005
09-30 01:44:13.059   919  1366 D TelephonyRegistry: onSignalStrengthsChanged: enter record={binder=0x7f7fbdb8 pid=1277} signalStrength=99 0 -120 -160 -120 -1 -1 31 -62 -7 252 2147483647 gsm|lte
09-30 01:44:13.059  1277  1373 D SignalStrength: SignalStrength::getLevel()
09-30 01:44:13.059  1277  1373 D LGSignalStrength: TMS-GETLEVEL  LGSignalStrength::getLevel() isGsm= 1
09-30 01:44:13.059  1277  1373 I LGSignalStrength: Default Case will be checked Or Other Operator case will be added 45005
09-30 01:44:13.059  1277  1373 D SignalStrength:  SignalStrength::getLevel default case
09-30 01:44:13.059  1277  1373 D SignalStrength: getLTELevel - rsrp:-62 snr:252 rsrpIconLevel:4 snrIconLevel:4
09-30 01:44:13.059  1277  1373 D SignalStrength: getLevel called =4
09-30 01:44:13.059   919  1366 D TelephonyRegistry: onSignalStrengthsChanged: exit record={binder=0x7f7fbdb8 pid=1277} signalStrength=99 0 -120 -160 -120 -1 -1 31 -62 -7 252 2147483647 gsm|lte
09-30 01:44:16.049   530   536 I RILC    : RIL_SOCKET_1 UNSOLICITED: UNSOL_SIGNAL_STRENGTH length:60
09-30 01:44:16.049   919  1423 D SignalStrength: TMS-GETLEVEL SignalStrength::makeSignalStrengthFromRilParcel         mGsmSignalStrength = 99, mGsmBitErrorRate = 0,         mCdmaDbm = -1, mCdmaEcio = -1,         mEvdoDbm = -1, mEvdoEcio = -1,         mEvdoSnr = -1, mLteSignalStrength = 31,         mLteRsrp = 61, mLteRsrq = 7,         mLteRssnr = 218, mLteCqi = 2147483647,         mTdScdmaRscp = 2147483647
09-30 01:44:16.049   919  1423 D LGSignalStrength: TMS-GETLEVEL LGSignalStrength::makeSignalStrengthFromRilParcel     GsmDbm = 0, GsmEcio= 0
09-30 01:44:16.049   919  1366 V TelephonyManager: +getNetworkClass()
09-30 01:44:16.049   919  1366 I SignalStrength: [RAT:4G] Signal strength: -61 dBm, rxLevel: 31, rsrp: -61, rsrq: -7, rssnr: 218
09-30 01:44:16.049   919  1366 D SignalStrength: s->mLGSignalStrength->operatorNumeric 45005
09-30 01:44:16.049   919  1366 D TelephonyRegistry: onSignalStrengthsChanged: enter record={binder=0x7f7fbdb8 pid=1277} signalStrength=99 0 -120 -160 -120 -1 -1 31 -61 -7 218 2147483647 gsm|lte
09-30 01:44:16.049  1277  1277 D SignalStrength: SignalStrength::getLevel()
09-30 01:44:16.049  1277  1277 D LGSignalStrength: TMS-GETLEVEL  LGSignalStrength::getLevel() isGsm= 1
09-30 01:44:16.049  1277  1277 I LGSignalStrength: Default Case will be checked Or Other Operator case will be added 45005
09-30 01:44:16.049  1277  1277 D SignalStrength:  SignalStrength::getLevel default case
09-30 01:44:16.049  1277  1277 D SignalStrength: getLTELevel - rsrp:-61 snr:218 rsrpIconLevel:4 snrIconLevel:4
09-30 01:44:16.049  1277  1277 D SignalStrength: getLevel called =4
09-30 01:44:16.049   919  1366 D TelephonyRegistry: onSignalStrengthsChanged: exit record={binder=0x7f7fbdb8 pid=1277} signalStrength=99 0 -120 -160 -120 -1 -1 31 -61 -7 218 2147483647 gsm|lte
09-30 01:44:16.059   919  1366 D DcTrackerBase: DcTrackerBase::handleMessag 41
09-30 01:44:16.059   919  1366 D DcTrackerBase: updateTxRxSum: ifc - rmnet_data0 mTxPkts=19651 mRxPkts=16284 mTxBytes=10421584 mRxBytes=4003000
09-30 01:44:16.069   919  1366 D DcTrackerBase: updateTxRxSum: ifc - rmnet_data1 mTxPkts=0 mRxPkts=0 mTxBytes=0 mRxBytes=0
09-30 01:44:17.289   919  1366 D GSMPhone: GSMPhone::handleMessage 999
09-30 01:44:25.059   530   536 I RILC    : RIL_SOCKET_1 UNSOLICITED: UNSOL_SIGNAL_STRENGTH length:60
09-30 01:44:25.059   919  1423 D SignalStrength: TMS-GETLEVEL SignalStrength::makeSignalStrengthFromRilParcel         mGsmSignalStrength = 99, mGsmBitErrorRate = 0,         mCdmaDbm = -1, mCdmaEcio = -1,         mEvdoDbm = -1, mEvdoEcio = -1,         mEvdoSnr = -1, mLteSignalStrength = 31,         mLteRsrp = 60, mLteRsrq = 8,         mLteRssnr = 240, mLteCqi = 2147483647,         mTdScdmaRscp = 2147483647
09-30 01:44:25.059   919  1423 D LGSignalStrength: TMS-GETLEVEL LGSignalStrength::makeSignalStrengthFromRilParcel     GsmDbm = 0, GsmEcio= 0
09-30 01:44:25.059   919  1366 V TelephonyManager: +getNetworkClass()
09-30 01:44:25.059   919  1366 I SignalStrength: [RAT:4G] Signal strength: -60 dBm, rxLevel: 31, rsrp: -60, rsrq: -8, rssnr: 240
09-30 01:44:25.059   919  1366 D SignalStrength: s->mLGSignalStrength->operatorNumeric 45005
09-30 01:44:25.059   919  1366 D TelephonyRegistry: onSignalStrengthsChanged: enter record={binder=0x7f7fbdb8 pid=1277} signalStrength=99 0 -120 -160 -120 -1 -1 31 -60 -8 240 2147483647 gsm|lte
09-30 01:44:25.059  1277  1373 D SignalStrength: SignalStrength::getLevel()
09-30 01:44:25.059  1277  1373 D LGSignalStrength: TMS-GETLEVEL  LGSignalStrength::getLevel() isGsm= 1
09-30 01:44:25.059  1277  1373 I LGSignalStrength: Default Case will be checked Or Other Operator case will be added 45005
09-30 01:44:25.059  1277  1373 D SignalStrength:  SignalStrength::getLevel default case
09-30 01:44:25.059  1277  1373 D SignalStrength: getLTELevel - rsrp:-60 snr:240 rsrpIconLevel:4 snrIconLevel:4
09-30 01:44:25.059  1277  1373 D SignalStrength: getLevel called =4
09-30 01:44:25.059   919  1366 D TelephonyRegistry: onSignalStrengthsChanged: exit record={binder=0x7f7fbdb8 pid=1277} signalStrength=99 0 -120 -160 -120 -1 -1 31 -60 -8 240 2147483647 gsm|lte
09-30 01:44:27.289   919  1366 D GSMPhone: GSMPhone::handleMessage 999
09-30 01:44:28.049   530   536 I RILC    : RIL_SOCKET_1 UNSOLICITED: UNSOL_SIGNAL_STRENGTH length:60
09-30 01:44:28.059   919  1423 D SignalStrength: TMS-GETLEVEL SignalStrength::makeSignalStrengthFromRilParcel         mGsmSignalStrength = 99, mGsmBitErrorRate = 0,         mCdmaDbm = -1, mCdmaEcio = -1,         mEvdoDbm = -1, mEvdoEcio = -1,         mEvdoSnr = -1, mLteSignalStrength = 31,         mLteRsrp = 59, mLteRsrq = 10,         mLteRssnr = 278, mLteCqi = 2147483647,         mTdScdmaRscp = 2147483647
09-30 01:44:28.059   919  1423 D LGSignalStrength: TMS-GETLEVEL LGSignalStrength::makeSignalStrengthFromRilParcel     GsmDbm = 0, GsmEcio= 0
09-30 01:44:28.059   919  1366 V TelephonyManager: +getNetworkClass()
09-30 01:44:28.059   919  1366 I SignalStrength: [RAT:4G] Signal strength: -59 dBm, rxLevel: 31, rsrp: -59, rsrq: -10, rssnr: 278
09-30 01:44:28.059   919  1366 D SignalStrength: s->mLGSignalStrength->operatorNumeric 45005
09-30 01:44:28.059   919  1366 D TelephonyRegistry: onSignalStrengthsChanged: enter record={binder=0x7f7fbdb8 pid=1277} signalStrength=99 0 -120 -160 -120 -1 -1 31 -59 -10 278 2147483647 gsm|lte
09-30 01:44:28.059  1277  1277 D SignalStrength: SignalStrength::getLevel()
09-30 01:44:28.059  1277  1277 D LGSignalStrength: TMS-GETLEVEL  LGSignalStrength::getLevel() isGsm= 1
09-30 01:44:28.059  1277  1277 I LGSignalStrength: Default Case will be checked Or Other Operator case will be added 45005
09-30 01:44:28.059  1277  1277 D SignalStrength:  SignalStrength::getLevel default case
09-30 01:44:28.059  1277  1277 D SignalStrength: getLTELevel - rsrp:-59 snr:278 rsrpIconLevel:4 snrIconLevel:4
09-30 01:44:28.059  1277  1277 D SignalStrength: getLevel called =4
09-30 01:44:28.059   919  1366 D TelephonyRegistry: onSignalStrengthsChanged: exit record={binder=0x7f7fbdb8 pid=1277} signalStrength=99 0 -120 -160 -120 -1 -1 31 -59 -10 278 2147483647 gsm|lte
09-30 01:44:31.059   530   536 I RILC    : RIL_SOCKET_1 UNSOLICITED: UNSOL_SIGNAL_STRENGTH length:60
09-30 01:44:31.059   919  1423 D SignalStrength: TMS-GETLEVEL SignalStrength::makeSignalStrengthFromRilParcel         mGsmSignalStrength = 99, mGsmBitErrorRate = 0,         mCdmaDbm = -1, mCdmaEcio = -1,         mEvdoDbm = -1, mEvdoEcio = -1,         mEvdoSnr = -1, mLteSignalStrength = 31,         mLteRsrp = 60, mLteRsrq = 7,         mLteRssnr = 300, mLteCqi = 2147483647,         mTdScdmaRscp = 2147483647
09-30 01:44:31.059   919  1423 D LGSignalStrength: TMS-GETLEVEL LGSignalStrength::makeSignalStrengthFromRilParcel     GsmDbm = 0, GsmEcio= 0
09-30 01:44:31.059   919  1366 V TelephonyManager: +getNetworkClass()
09-30 01:44:31.059   919  1366 I SignalStrength: [RAT:4G] Signal strength: -60 dBm, rxLevel: 31, rsrp: -60, rsrq: -7, rssnr: 300
09-30 01:44:31.059   919  1366 D SignalStrength: s->mLGSignalStrength->operatorNumeric 45005
09-30 01:44:31.059   919  1366 D TelephonyRegistry: onSignalStrengthsChanged: enter record={binder=0x7f7fbdb8 pid=1277} signalStrength=99 0 -120 -160 -120 -1 -1 31 -60 -7 300 2147483647 gsm|lte
09-30 01:44:31.059  1277  1373 D SignalStrength: SignalStrength::getLevel()
09-30 01:44:31.059  1277  1373 D LGSignalStrength: TMS-GETLEVEL  LGSignalStrength::getLevel() isGsm= 1
09-30 01:44:31.059  1277  1373 I LGSignalStrength: Default Case will be checked Or Other Operator case will be added 45005
09-30 01:44:31.059  1277  1373 D SignalStrength:  SignalStrength::getLevel default case
09-30 01:44:31.059  1277  1373 D SignalStrength: getLTELevel - rsrp:-60 snr:300 rsrpIconLevel:4 snrIconLevel:4
09-30 01:44:31.059  1277  1373 D SignalStrength: getLevel called =4
09-30 01:44:31.059   919  1366 D TelephonyRegistry: onSignalStrengthsChanged: exit record={binder=0x7f7fbdb8 pid=1277} signalStrength=99 0 -120 -160 -120 -1 -1 31 -60 -7 300 2147483647 gsm|lte
09-30 01:44:34.059   530   536 I RILC    : RIL_SOCKET_1 UNSOLICITED: UNSOL_SIGNAL_STRENGTH length:60
09-30 01:44:34.059   919  1423 D SignalStrength: TMS-GETLEVEL SignalStrength::makeSignalStrengthFromRilParcel         mGsmSignalStrength = 99, mGsmBitErrorRate = 0,         mCdmaDbm = -1, mCdmaEcio = -1,         mEvdoDbm = -1, mEvdoEcio = -1,         mEvdoSnr = -1, mLteSignalStrength = 31,         mLteRsrp = 59, mLteRsrq = 8,         mLteRssnr = 294, mLteCqi = 2147483647,         mTdScdmaRscp = 2147483647
09-30 01:44:34.059   919  1423 D LGSignalStrength: TMS-GETLEVEL LGSignalStrength::makeSignalStrengthFromRilParcel     GsmDbm = 0, GsmEcio= 0
09-30 01:44:34.059   919  1366 V TelephonyManager: +getNetworkClass()
09-30 01:44:34.059   919  1366 I SignalStrength: [RAT:4G] Signal strength: -59 dBm, rxLevel: 31, rsrp: -59, rsrq: -8, rssnr: 294
09-30 01:44:34.059   919  1366 D SignalStrength: s->mLGSignalStrength->operatorNumeric 45005
09-30 01:44:34.059   919  1366 D TelephonyRegistry: onSignalStrengthsChanged: enter record={binder=0x7f7fbdb8 pid=1277} signalStrength=99 0 -120 -160 -120 -1 -1 31 -59 -8 294 2147483647 gsm|lte
09-30 01:44:34.059  1277  1277 D SignalStrength: SignalStrength::getLevel()
09-30 01:44:34.059  1277  1277 D LGSignalStrength: TMS-GETLEVEL  LGSignalStrength::getLevel() isGsm= 1
09-30 01:44:34.059  1277  1277 I LGSignalStrength: Default Case will be checked Or Other Operator case will be added 45005
09-30 01:44:34.059  1277  1277 D SignalStrength:  SignalStrength::getLevel default case
09-30 01:44:34.059  1277  1277 D SignalStrength: getLTELevel - rsrp:-59 snr:294 rsrpIconLevel:4 snrIconLevel:4
09-30 01:44:34.059  1277  1277 D SignalStrength: getLevel called =4
09-30 01:44:34.059   919  1366 D TelephonyRegistry: onSignalStrengthsChanged: exit record={binder=0x7f7fbdb8 pid=1277} signalStrength=99 0 -120 -160 -120 -1 -1 31 -59 -8 294 2147483647 gsm|lte
09-30 01:44:36.069   919  1366 D DcTrackerBase: DcTrackerBase::handleMessag 41
09-30 01:44:36.069   919  1366 D DcTrackerBase: updateTxRxSum: ifc - rmnet_data0 mTxPkts=19651 mRxPkts=16284 mTxBytes=10421584 mRxBytes=4003000
09-30 01:44:36.069   919  1366 D DefaultPhoneNotifier: DefaultPhoneNotifier: notifyDataActivity: activity(0)
09-30 01:44:36.069   919  1366 D DcTrackerBase: updateTxRxSum: ifc - rmnet_data1 mTxPkts=0 mRxPkts=0 mTxBytes=0 mRxBytes=0
09-30 01:44:37.059   530   536 I RILC    : RIL_SOCKET_1 UNSOLICITED: UNSOL_SIGNAL_STRENGTH length:60
09-30 01:44:37.059   919  1423 D SignalStrength: TMS-GETLEVEL SignalStrength::makeSignalStrengthFromRilParcel         mGsmSignalStrength = 99, mGsmBitErrorRate = 0,         mCdmaDbm = -1, mCdmaEcio = -1,         mEvdoDbm = -1, mEvdoEcio = -1,         mEvdoSnr = -1, mLteSignalStrength = 31,         mLteRsrp = 60, mLteRsrq = 7,         mLteRssnr = 300, mLteCqi = 2147483647,         mTdScdmaRscp = 2147483647
09-30 01:44:37.059   919  1423 D LGSignalStrength: TMS-GETLEVEL LGSignalStrength::makeSignalStrengthFromRilParcel     GsmDbm = 0, GsmEcio= 0
09-30 01:44:37.059   919  1366 V TelephonyManager: +getNetworkClass()
09-30 01:44:37.059   919  1366 I SignalStrength: [RAT:4G] Signal strength: -60 dBm, rxLevel: 31, rsrp: -60, rsrq: -7, rssnr: 300
09-30 01:44:37.059   919  1366 D SignalStrength: s->mLGSignalStrength->operatorNumeric 45005
09-30 01:44:37.059   919  1366 D TelephonyRegistry: onSignalStrengthsChanged: enter record={binder=0x7f7fbdb8 pid=1277} signalStrength=99 0 -120 -160 -120 -1 -1 31 -60 -7 300 2147483647 gsm|lte
09-30 01:44:37.059  1277  1373 D SignalStrength: SignalStrength::getLevel()
09-30 01:44:37.059  1277  1373 D LGSignalStrength: TMS-GETLEVEL  LGSignalStrength::getLevel() isGsm= 1
09-30 01:44:37.059  1277  1373 I LGSignalStrength: Default Case will be checked Or Other Operator case will be added 45005
09-30 01:44:37.059  1277  1373 D SignalStrength:  SignalStrength::getLevel default case
09-30 01:44:37.059  1277  1373 D SignalStrength: getLTELevel - rsrp:-60 snr:300 rsrpIconLevel:4 snrIconLevel:4
09-30 01:44:37.059  1277  1373 D SignalStrength: getLevel called =4
09-30 01:44:37.059   919  1366 D TelephonyRegistry: onSignalStrengthsChanged: exit record={binder=0x7f7fbdb8 pid=1277} signalStrength=99 0 -120 -160 -120 -1 -1 31 -60 -7 300 2147483647 gsm|lte
09-30 01:44:37.289   919  1366 D GSMPhone: GSMPhone::handleMessage 999
09-30 01:44:40.059   530   536 I RILC    : RIL_SOCKET_1 UNSOLICITED: UNSOL_SIGNAL_STRENGTH length:60
09-30 01:44:40.059   919  1423 D SignalStrength: TMS-GETLEVEL SignalStrength::makeSignalStrengthFromRilParcel         mGsmSignalStrength = 99, mGsmBitErrorRate = 0,         mCdmaDbm = -1, mCdmaEcio = -1,         mEvdoDbm = -1, mEvdoEcio = -1,         mEvdoSnr = -1, mLteSignalStrength = 31,         mLteRsrp = 61, mLteRsrq = 9,         mLteRssnr = 296, mLteCqi = 2147483647,         mTdScdmaRscp = 2147483647
09-30 01:44:40.059   919  1423 D LGSignalStrength: TMS-GETLEVEL LGSignalStrength::makeSignalStrengthFromRilParcel     GsmDbm = 0, GsmEcio= 0
09-30 01:44:40.059   919  1366 V TelephonyManager: +getNetworkClass()
09-30 01:44:40.059   919  1366 I SignalStrength: [RAT:4G] Signal strength: -61 dBm, rxLevel: 31, rsrp: -61, rsrq: -9, rssnr: 296
09-30 01:44:40.059   919  1366 D SignalStrength: s->mLGSignalStrength->operatorNumeric 45005
09-30 01:44:40.059   919  1366 D TelephonyRegistry: onSignalStrengthsChanged: enter record={binder=0x7f7fbdb8 pid=1277} signalStrength=99 0 -120 -160 -120 -1 -1 31 -61 -9 296 2147483647 gsm|lte
09-30 01:44:40.059  1277  1277 D SignalStrength: SignalStrength::getLevel()
09-30 01:44:40.059  1277  1277 D LGSignalStrength: TMS-GETLEVEL  LGSignalStrength::getLevel() isGsm= 1
09-30 01:44:40.059  1277  1277 I LGSignalStrength: Default Case will be checked Or Other Operator case will be added 45005
09-30 01:44:40.059  1277  1277 D SignalStrength:  SignalStrength::getLevel default case
09-30 01:44:40.059  1277  1277 D SignalStrength: getLTELevel - rsrp:-61 snr:296 rsrpIconLevel:4 snrIconLevel:4
09-30 01:44:40.059  1277  1277 D SignalStrength: getLevel called =4
09-30 01:44:40.059   919  1366 D TelephonyRegistry: onSignalStrengthsChanged: exit record={binder=0x7f7fbdb8 pid=1277} signalStrength=99 0 -120 -160 -120 -1 -1 31 -61 -9 296 2147483647 gsm|lte
09-30 01:44:41.559   919  1399 V DataOutputStream: -getEid()
09-30 01:44:41.559   919  1399 V DataOutputStream: ~getEid()
09-30 01:44:41.559   919  1399 D DataOutputStream: wait:48 - b0804520
09-30 01:44:41.569   919  1366 D DataOutputStream: notify broadcast:48 - b0804520
09-30 01:44:41.569   919  1399 E DataOutputStream: Eid = 
09-30 01:44:41.609   919  1382 D DcTracker: isApnTypeEnabled
09-30 01:44:41.609   919  1382 D DcTracker: isApnTypeActive
09-30 01:44:41.609   919   919 V DataOutputStream: -getImei()
09-30 01:44:41.609   919   919 V DataOutputStream: ~getImei()
09-30 01:44:41.609   919   919 D DataOutputStream: wait:1 - 7f7fcbc0
09-30 01:44:41.619   919  1366 D GSMPhone: getDeviceId: 015267000012896
09-30 01:44:41.619   919  1366 D DataOutputStream: notify broadcast:1 - 7f7fcbc0
09-30 01:44:41.619   919  1409 V DataOutputStream: -getEid()
09-30 01:44:41.619   919  1409 V DataOutputStream: ~getEid()
09-30 01:44:41.619   919  1409 D DataOutputStream: wait:48 - b420ef40
09-30 01:44:41.629   919  1366 D DataOutputStream: notify broadcast:48 - b420ef40
09-30 01:44:41.629   919  1409 E DataOutputStream: Eid = 
09-30 01:44:46.059   530   536 I RILC    : RIL_SOCKET_1 UNSOLICITED: UNSOL_SIGNAL_STRENGTH length:60
09-30 01:44:46.059   919  1423 D SignalStrength: TMS-GETLEVEL SignalStrength::makeSignalStrengthFromRilParcel         mGsmSignalStrength = 99, mGsmBitErrorRate = 0,         mCdmaDbm = -1, mCdmaEcio = -1,         mEvdoDbm = -1, mEvdoEcio = -1,         mEvdoSnr = -1, mLteSignalStrength = 31,         mLteRsrp = 60, mLteRsrq = 9,         mLteRssnr = 218, mLteCqi = 2147483647,         mTdScdmaRscp = 2147483647
09-30 01:44:46.059   919  1423 D LGSignalStrength: TMS-GETLEVEL LGSignalStrength::makeSignalStrengthFromRilParcel     GsmDbm = 0, GsmEcio= 0
09-30 01:44:46.059   919  1366 V TelephonyManager: +getNetworkClass()
09-30 01:44:46.059   919  1366 I SignalStrength: [RAT:4G] Signal strength: -60 dBm, rxLevel: 31, rsrp: -60, rsrq: -9, rssnr: 218
09-30 01:44:46.059   919  1366 D SignalStrength: s->mLGSignalStrength->operatorNumeric 45005
09-30 01:44:46.059   919  1366 D TelephonyRegistry: onSignalStrengthsChanged: enter record={binder=0x7f7fbdb8 pid=1277} signalStrength=99 0 -120 -160 -120 -1 -1 31 -60 -9 218 2147483647 gsm|lte
09-30 01:44:46.059  1277  1373 D SignalStrength: SignalStrength::getLevel()
09-30 01:44:46.059  1277  1373 D LGSignalStrength: TMS-GETLEVEL  LGSignalStrength::getLevel() isGsm= 1
09-30 01:44:46.059  1277  1373 I LGSignalStrength: Default Case will be checked Or Other Operator case will be added 45005
09-30 01:44:46.059  1277  1373 D SignalStrength:  SignalStrength::getLevel default case
09-30 01:44:46.059  1277  1373 D SignalStrength: getLTELevel - rsrp:-60 snr:218 rsrpIconLevel:4 snrIconLevel:4
09-30 01:44:46.059  1277  1373 D SignalStrength: getLevel called =4
09-30 01:44:46.059   919  1366 D TelephonyRegistry: onSignalStrengthsChanged: exit record={binder=0x7f7fbdb8 pid=1277} signalStrength=99 0 -120 -160 -120 -1 -1 31 -60 -9 218 2147483647 gsm|lte
09-30 01:44:47.289   919  1366 D GSMPhone: GSMPhone::handleMessage 999
09-30 01:44:49.059   530   536 I RILC    : RIL_SOCKET_1 UNSOLICITED: UNSOL_SIGNAL_STRENGTH length:60
09-30 01:44:49.059   919  1423 D SignalStrength: TMS-GETLEVEL SignalStrength::makeSignalStrengthFromRilParcel         mGsmSignalStrength = 99, mGsmBitErrorRate = 0,         mCdmaDbm = -1, mCdmaEcio = -1,         mEvdoDbm = -1, mEvdoEcio = -1,         mEvdoSnr = -1, mLteSignalStrength = 31,         mLteRsrp = 59, mLteRsrq = 7,         mLteRssnr = 256, mLteCqi = 2147483647,         mTdScdmaRscp = 2147483647
09-30 01:44:49.059   919  1423 D LGSignalStrength: TMS-GETLEVEL LGSignalStrength::makeSignalStrengthFromRilParcel     GsmDbm = 0, GsmEcio= 0
09-30 01:44:49.059   919  1366 V TelephonyManager: +getNetworkClass()
09-30 01:44:49.059   919  1366 I SignalStrength: [RAT:4G] Signal strength: -59 dBm, rxLevel: 31, rsrp: -59, rsrq: -7, rssnr: 256
09-30 01:44:49.059   919  1366 D SignalStrength: s->mLGSignalStrength->operatorNumeric 45005
09-30 01:44:49.059   919  1366 D TelephonyRegistry: onSignalStrengthsChanged: enter record={binder=0x7f7fbdb8 pid=1277} signalStrength=99 0 -120 -160 -120 -1 -1 31 -59 -7 256 2147483647 gsm|lte
09-30 01:44:49.059  1277  1277 D SignalStrength: SignalStrength::getLevel()
09-30 01:44:49.059  1277  1277 D LGSignalStrength: TMS-GETLEVEL  LGSignalStrength::getLevel() isGsm= 1
09-30 01:44:49.059  1277  1277 I LGSignalStrength: Default Case will be checked Or Other Operator case will be added 45005
09-30 01:44:49.059  1277  1277 D SignalStrength:  SignalStrength::getLevel default case
09-30 01:44:49.059  1277  1277 D SignalStrength: getLTELevel - rsrp:-59 snr:256 rsrpIconLevel:4 snrIconLevel:4
09-30 01:44:49.059  1277  1277 D SignalStrength: getLevel called =4
09-30 01:44:49.059   919  1366 D TelephonyRegistry: onSignalStrengthsChanged: exit record={binder=0x7f7fbdb8 pid=1277} signalStrength=99 0 -120 -160 -120 -1 -1 31 -59 -7 256 2147483647 gsm|lte
09-30 01:44:52.059   530   536 I RILC    : RIL_SOCKET_1 UNSOLICITED: UNSOL_SIGNAL_STRENGTH length:60
09-30 01:44:52.059   919  1423 D SignalStrength: TMS-GETLEVEL SignalStrength::makeSignalStrengthFromRilParcel         mGsmSignalStrength = 99, mGsmBitErrorRate = 0,         mCdmaDbm = -1, mCdmaEcio = -1,         mEvdoDbm = -1, mEvdoEcio = -1,         mEvdoSnr = -1, mLteSignalStrength = 31,         mLteRsrp = 57, mLteRsrq = 6,         mLteRssnr = 300, mLteCqi = 2147483647,         mTdScdmaRscp = 2147483647
09-30 01:44:52.059   919  1423 D LGSignalStrength: TMS-GETLEVEL LGSignalStrength::makeSignalStrengthFromRilParcel     GsmDbm = 0, GsmEcio= 0
09-30 01:44:52.059   919  1366 V TelephonyManager: +getNetworkClass()
09-30 01:44:52.059   919  1366 I SignalStrength: [RAT:4G] Signal strength: -57 dBm, rxLevel: 31, rsrp: -57, rsrq: -6, rssnr: 300
09-30 01:44:52.059   919  1366 D SignalStrength: s->mLGSignalStrength->operatorNumeric 45005
09-30 01:44:52.059   919  1366 D TelephonyRegistry: onSignalStrengthsChanged: enter record={binder=0x7f7fbdb8 pid=1277} signalStrength=99 0 -120 -160 -120 -1 -1 31 -57 -6 300 2147483647 gsm|lte
09-30 01:44:52.059  1277  1373 D SignalStrength: SignalStrength::getLevel()
09-30 01:44:52.059  1277  1373 D LGSignalStrength: TMS-GETLEVEL  LGSignalStrength::getLevel() isGsm= 1
09-30 01:44:52.059  1277  1373 I LGSignalStrength: Default Case will be checked Or Other Operator case will be added 45005
09-30 01:44:52.059  1277  1373 D SignalStrength:  SignalStrength::getLevel default case
09-30 01:44:52.059  1277  1373 D SignalStrength: getLTELevel - rsrp:-57 snr:300 rsrpIconLevel:4 snrIconLevel:4
09-30 01:44:52.059  1277  1373 D SignalStrength: getLevel called =4
09-30 01:44:52.059   919  1366 D TelephonyRegistry: onSignalStrengthsChanged: exit record={binder=0x7f7fbdb8 pid=1277} signalStrength=99 0 -120 -160 -120 -1 -1 31 -57 -6 300 2147483647 gsm|lte
09-30 01:44:55.069   530   536 I RILC    : RIL_SOCKET_1 UNSOLICITED: UNSOL_SIGNAL_STRENGTH length:60
09-30 01:44:55.069   919  1423 D SignalStrength: TMS-GETLEVEL SignalStrength::makeSignalStrengthFromRilParcel         mGsmSignalStrength = 99, mGsmBitErrorRate = 0,         mCdmaDbm = -1, mCdmaEcio = -1,         mEvdoDbm = -1, mEvdoEcio = -1,         mEvdoSnr = -1, mLteSignalStrength = 31,         mLteRsrp = 60, mLteRsrq = 10,         mLteRssnr = 248, mLteCqi = 2147483647,         mTdScdmaRscp = 2147483647
09-30 01:44:55.069   919  1423 D LGSignalStrength: TMS-GETLEVEL LGSignalStrength::makeSignalStrengthFromRilParcel     GsmDbm = 0, GsmEcio= 0
09-30 01:44:55.069   919  1366 V TelephonyManager: +getNetworkClass()
09-30 01:44:55.069   919  1366 I SignalStrength: [RAT:4G] Signal strength: -60 dBm, rxLevel: 31, rsrp: -60, rsrq: -10, rssnr: 248
09-30 01:44:55.069   919  1366 D SignalStrength: s->mLGSignalStrength->operatorNumeric 45005
09-30 01:44:55.069   919  1366 D TelephonyRegistry: onSignalStrengthsChanged: enter record={binder=0x7f7fbdb8 pid=1277} signalStrength=99 0 -120 -160 -120 -1 -1 31 -60 -10 248 2147483647 gsm|lte
09-30 01:44:55.069  1277  1277 D SignalStrength: SignalStrength::getLevel()
09-30 01:44:55.069  1277  1277 D LGSignalStrength: TMS-GETLEVEL  LGSignalStrength::getLevel() isGsm= 1
09-30 01:44:55.069  1277  1277 I LGSignalStrength: Default Case will be checked Or Other Operator case will be added 45005
09-30 01:44:55.069  1277  1277 D SignalStrength:  SignalStrength::getLevel default case
09-30 01:44:55.069  1277  1277 D SignalStrength: getLTELevel - rsrp:-60 snr:248 rsrpIconLevel:4 snrIconLevel:4
09-30 01:44:55.069  1277  1277 D SignalStrength: getLevel called =4
09-30 01:44:55.069   919  1366 D TelephonyRegistry: onSignalStrengthsChanged: exit record={binder=0x7f7fbdb8 pid=1277} signalStrength=99 0 -120 -160 -120 -1 -1 31 -60 -10 248 2147483647 gsm|lte
09-30 01:44:56.069   919  1366 D DcTrackerBase: DcTrackerBase::handleMessag 41
09-30 01:44:56.069   919  1366 D DcTrackerBase: updateTxRxSum: ifc - rmnet_data0 mTxPkts=19656 mRxPkts=16287 mTxBytes=10424392 mRxBytes=4003889
09-30 01:44:56.069   919  1366 D DefaultPhoneNotifier: DefaultPhoneNotifier: notifyDataActivity: activity(3)
09-30 01:44:56.069   919  1366 D DcTrackerBase: updateTxRxSum: ifc - rmnet_data1 mTxPkts=0 mRxPkts=0 mTxBytes=0 mRxBytes=0
09-30 01:44:57.289   919  1366 D GSMPhone: GSMPhone::handleMessage 999
09-30 01:44:58.059   530   536 I RILC    : RIL_SOCKET_1 UNSOLICITED: UNSOL_SIGNAL_STRENGTH length:60
09-30 01:44:58.059   919  1423 D SignalStrength: TMS-GETLEVEL SignalStrength::makeSignalStrengthFromRilParcel         mGsmSignalStrength = 99, mGsmBitErrorRate = 0,         mCdmaDbm = -1, mCdmaEcio = -1,         mEvdoDbm = -1, mEvdoEcio = -1,         mEvdoSnr = -1, mLteSignalStrength = 31,         mLteRsrp = 61, mLteRsrq = 9,         mLteRssnr = 298, mLteCqi = 2147483647,         mTdScdmaRscp = 2147483647
09-30 01:44:58.059   919  1423 D LGSignalStrength: TMS-GETLEVEL LGSignalStrength::makeSignalStrengthFromRilParcel     GsmDbm = 0, GsmEcio= 0
09-30 01:44:58.059   919  1366 V TelephonyManager: +getNetworkClass()
09-30 01:44:58.059   919  1366 I SignalStrength: [RAT:4G] Signal strength: -61 dBm, rxLevel: 31, rsrp: -61, rsrq: -9, rssnr: 298
09-30 01:44:58.059   919  1366 D SignalStrength: s->mLGSignalStrength->operatorNumeric 45005
09-30 01:44:58.059   919  1366 D TelephonyRegistry: onSignalStrengthsChanged: enter record={binder=0x7f7fbdb8 pid=1277} signalStrength=99 0 -120 -160 -120 -1 -1 31 -61 -9 298 2147483647 gsm|lte
09-30 01:44:58.059  1277  1373 D SignalStrength: SignalStrength::getLevel()
09-30 01:44:58.059  1277  1373 D LGSignalStrength: TMS-GETLEVEL  LGSignalStrength::getLevel() isGsm= 1
09-30 01:44:58.059  1277  1373 I LGSignalStrength: Default Case will be checked Or Other Operator case will be added 45005
09-30 01:44:58.059  1277  1373 D SignalStrength:  SignalStrength::getLevel default case
09-30 01:44:58.059  1277  1373 D SignalStrength: getLTELevel - rsrp:-61 snr:298 rsrpIconLevel:4 snrIconLevel:4
09-30 01:44:58.059  1277  1373 D SignalStrength: getLevel called =4
09-30 01:44:58.059   919  1366 D TelephonyRegistry: onSignalStrengthsChanged: exit record={binder=0x7f7fbdb8 pid=1277} signalStrength=99 0 -120 -160 -120 -1 -1 31 -61 -9 298 2147483647 gsm|lte
09-30 01:45:07.059   530   536 I RILC    : RIL_SOCKET_1 UNSOLICITED: UNSOL_SIGNAL_STRENGTH length:60
09-30 01:45:07.059   919  1423 D SignalStrength: TMS-GETLEVEL SignalStrength::makeSignalStrengthFromRilParcel         mGsmSignalStrength = 99, mGsmBitErrorRate = 0,         mCdmaDbm = -1, mCdmaEcio = -1,         mEvdoDbm = -1, mEvdoEcio = -1,         mEvdoSnr = -1, mLteSignalStrength = 31,         mLteRsrp = 59, mLteRsrq = 9,         mLteRssnr = 300, mLteCqi = 2147483647,         mTdScdmaRscp = 2147483647
09-30 01:45:07.059   919  1423 D LGSignalStrength: TMS-GETLEVEL LGSignalStrength::makeSignalStrengthFromRilParcel     GsmDbm = 0, GsmEcio= 0
09-30 01:45:07.059   919  1366 V TelephonyManager: +getNetworkClass()
09-30 01:45:07.059   919  1366 I SignalStrength: [RAT:4G] Signal strength: -59 dBm, rxLevel: 31, rsrp: -59, rsrq: -9, rssnr: 300
09-30 01:45:07.059   919  1366 D SignalStrength: s->mLGSignalStrength->operatorNumeric 45005
09-30 01:45:07.059   919  1366 D TelephonyRegistry: onSignalStrengthsChanged: enter record={binder=0x7f7fbdb8 pid=1277} signalStrength=99 0 -120 -160 -120 -1 -1 31 -59 -9 300 2147483647 gsm|lte
09-30 01:45:07.059  1277  1277 D SignalStrength: SignalStrength::getLevel()
09-30 01:45:07.059  1277  1277 D LGSignalStrength: TMS-GETLEVEL  LGSignalStrength::getLevel() isGsm= 1
09-30 01:45:07.059  1277  1277 I LGSignalStrength: Default Case will be checked Or Other Operator case will be added 45005
09-30 01:45:07.059  1277  1277 D SignalStrength:  SignalStrength::getLevel default case
09-30 01:45:07.059  1277  1277 D SignalStrength: getLTELevel - rsrp:-59 snr:300 rsrpIconLevel:4 snrIconLevel:4
09-30 01:45:07.059  1277  1277 D SignalStrength: getLevel called =4
09-30 01:45:07.069   919  1366 D TelephonyRegistry: onSignalStrengthsChanged: exit record={binder=0x7f7fbdb8 pid=1277} signalStrength=99 0 -120 -160 -120 -1 -1 31 -59 -9 300 2147483647 gsm|lte
09-30 01:45:07.289   919  1366 D GSMPhone: GSMPhone::handleMessage 999
09-30 01:45:10.059   530   536 I RILC    : RIL_SOCKET_1 UNSOLICITED: UNSOL_SIGNAL_STRENGTH length:60
09-30 01:45:10.059   919  1423 D SignalStrength: TMS-GETLEVEL SignalStrength::makeSignalStrengthFromRilParcel         mGsmSignalStrength = 99, mGsmBitErrorRate = 0,         mCdmaDbm = -1, mCdmaEcio = -1,         mEvdoDbm = -1, mEvdoEcio = -1,         mEvdoSnr = -1, mLteSignalStrength = 31,         mLteRsrp = 61, mLteRsrq = 8,         mLteRssnr = 298, mLteCqi = 2147483647,         mTdScdmaRscp = 2147483647
09-30 01:45:10.059   919  1423 D LGSignalStrength: TMS-GETLEVEL LGSignalStrength::makeSignalStrengthFromRilParcel     GsmDbm = 0, GsmEcio= 0
09-30 01:45:10.059   919  1366 V TelephonyManager: +getNetworkClass()
09-30 01:45:10.059   919  1366 I SignalStrength: [RAT:4G] Signal strength: -61 dBm, rxLevel: 31, rsrp: -61, rsrq: -8, rssnr: 298
09-30 01:45:10.059   919  1366 D SignalStrength: s->mLGSignalStrength->operatorNumeric 45005
09-30 01:45:10.059   919  1366 D TelephonyRegistry: onSignalStrengthsChanged: enter record={binder=0x7f7fbdb8 pid=1277} signalStrength=99 0 -120 -160 -120 -1 -1 31 -61 -8 298 2147483647 gsm|lte
09-30 01:45:10.059  1277  1373 D SignalStrength: SignalStrength::getLevel()
09-30 01:45:10.059  1277  1373 D LGSignalStrength: TMS-GETLEVEL  LGSignalStrength::getLevel() isGsm= 1
09-30 01:45:10.059  1277  1373 I LGSignalStrength: Default Case will be checked Or Other Operator case will be added 45005
09-30 01:45:10.059  1277  1373 D SignalStrength:  SignalStrength::getLevel default case
09-30 01:45:10.059  1277  1373 D SignalStrength: getLTELevel - rsrp:-61 snr:298 rsrpIconLevel:4 snrIconLevel:4
09-30 01:45:10.059  1277  1373 D SignalStrength: getLevel called =4
09-30 01:45:10.069   919  1366 D TelephonyRegistry: onSignalStrengthsChanged: exit record={binder=0x7f7fbdb8 pid=1277} signalStrength=99 0 -120 -160 -120 -1 -1 31 -61 -8 298 2147483647 gsm|lte
09-30 01:45:12.559   919  1416 V DataOutputStream: -getEid()
09-30 01:45:12.559   919  1416 V DataOutputStream: ~getEid()
09-30 01:45:12.559   919  1416 D DataOutputStream: wait:48 - b420ef40
09-30 01:45:12.569   919  1366 D DataOutputStream: notify broadcast:48 - b420ef40
09-30 01:45:12.569   919  1416 E DataOutputStream: Eid = 
09-30 01:45:12.619   919  1382 D DcTracker: isApnTypeEnabled
09-30 01:45:12.619   919  1382 D DcTracker: isApnTypeActive
09-30 01:45:12.619   919  1408 V DataOutputStream: -getImei()
09-30 01:45:12.619   919  1408 V DataOutputStream: ~getImei()
09-30 01:45:12.619   919  1408 D DataOutputStream: wait:1 - b0804520
09-30 01:45:12.629   919  1366 D GSMPhone: getDeviceId: 015267000012896
09-30 01:45:12.629   919  1366 D DataOutputStream: notify broadcast:1 - b0804520
09-30 01:45:12.629   919  1415 V DataOutputStream: -getEid()
09-30 01:45:12.629   919  1415 V DataOutputStream: ~getEid()
09-30 01:45:12.629   919  1415 D DataOutputStream: wait:48 - b0804520
09-30 01:45:12.639   919  1366 D DataOutputStream: notify broadcast:48 - b0804520
09-30 01:45:12.639   919  1415 E DataOutputStream: Eid = 
09-30 01:45:13.059   530   536 I RILC    : RIL_SOCKET_1 UNSOLICITED: UNSOL_SIGNAL_STRENGTH length:60
09-30 01:45:13.059   919  1423 D SignalStrength: TMS-GETLEVEL SignalStrength::makeSignalStrengthFromRilParcel         mGsmSignalStrength = 99, mGsmBitErrorRate = 0,         mCdmaDbm = -1, mCdmaEcio = -1,         mEvdoDbm = -1, mEvdoEcio = -1,         mEvdoSnr = -1, mLteSignalStrength = 31,         mLteRsrp = 61, mLteRsrq = 7,         mLteRssnr = 300, mLteCqi = 2147483647,         mTdScdmaRscp = 2147483647
09-30 01:45:13.059   919  1423 D LGSignalStrength: TMS-GETLEVEL LGSignalStrength::makeSignalStrengthFromRilParcel     GsmDbm = 0, GsmEcio= 0
09-30 01:45:13.059   919  1366 V TelephonyManager: +getNetworkClass()
09-30 01:45:13.059   919  1366 I SignalStrength: [RAT:4G] Signal strength: -61 dBm, rxLevel: 31, rsrp: -61, rsrq: -7, rssnr: 300
09-30 01:45:13.059   919  1366 D SignalStrength: s->mLGSignalStrength->operatorNumeric 45005
09-30 01:45:13.059   919  1366 D TelephonyRegistry: onSignalStrengthsChanged: enter record={binder=0x7f7fbdb8 pid=1277} signalStrength=99 0 -120 -160 -120 -1 -1 31 -61 -7 300 2147483647 gsm|lte
09-30 01:45:13.069  1277  1277 D SignalStrength: SignalStrength::getLevel()
09-30 01:45:13.069  1277  1277 D LGSignalStrength: TMS-GETLEVEL  LGSignalStrength::getLevel() isGsm= 1
09-30 01:45:13.069  1277  1277 I LGSignalStrength: Default Case will be checked Or Other Operator case will be added 45005
09-30 01:45:13.069  1277  1277 D SignalStrength:  SignalStrength::getLevel default case
09-30 01:45:13.069  1277  1277 D SignalStrength: getLTELevel - rsrp:-61 snr:300 rsrpIconLevel:4 snrIconLevel:4
09-30 01:45:13.069  1277  1277 D SignalStrength: getLevel called =4
09-30 01:45:13.069   919  1366 D TelephonyRegistry: onSignalStrengthsChanged: exit record={binder=0x7f7fbdb8 pid=1277} signalStrength=99 0 -120 -160 -120 -1 -1 31 -61 -7 300 2147483647 gsm|lte
09-30 01:45:16.069   919  1366 D DcTrackerBase: DcTrackerBase::handleMessag 41
09-30 01:45:16.069   919  1366 D DcTrackerBase: updateTxRxSum: ifc - rmnet_data0 mTxPkts=19661 mRxPkts=16290 mTxBytes=10427200 mRxBytes=4004778
09-30 01:45:16.069   919  1366 D DcTrackerBase: updateTxRxSum: ifc - rmnet_data1 mTxPkts=0 mRxPkts=0 mTxBytes=0 mRxBytes=0
09-30 01:45:16.069   530   536 I RILC    : RIL_SOCKET_1 UNSOLICITED: UNSOL_SIGNAL_STRENGTH length:60
09-30 01:45:16.069   919  1423 D SignalStrength: TMS-GETLEVEL SignalStrength::makeSignalStrengthFromRilParcel         mGsmSignalStrength = 99, mGsmBitErrorRate = 0,         mCdmaDbm = -1, mCdmaEcio = -1,         mEvdoDbm = -1, mEvdoEcio = -1,         mEvdoSnr = -1, mLteSignalStrength = 31,         mLteRsrp = 60, mLteRsrq = 7,         mLteRssnr = 236, mLteCqi = 2147483647,         mTdScdmaRscp = 2147483647
09-30 01:45:16.069   919  1423 D LGSignalStrength: TMS-GETLEVEL LGSignalStrength::makeSignalStrengthFromRilParcel     GsmDbm = 0, GsmEcio= 0
09-30 01:45:16.069   919  1366 V TelephonyManager: +getNetworkClass()
09-30 01:45:16.069   919  1366 I SignalStrength: [RAT:4G] Signal strength: -60 dBm, rxLevel: 31, rsrp: -60, rsrq: -7, rssnr: 236
09-30 01:45:16.079   919  1366 D SignalStrength: s->mLGSignalStrength->operatorNumeric 45005
09-30 01:45:16.079   919  1366 D TelephonyRegistry: onSignalStrengthsChanged: enter record={binder=0x7f7fbdb8 pid=1277} signalStrength=99 0 -120 -160 -120 -1 -1 31 -60 -7 236 2147483647 gsm|lte
09-30 01:45:16.079  1277  1373 D SignalStrength: SignalStrength::getLevel()
09-30 01:45:16.079  1277  1373 D LGSignalStrength: TMS-GETLEVEL  LGSignalStrength::getLevel() isGsm= 1
09-30 01:45:16.079  1277  1373 I LGSignalStrength: Default Case will be checked Or Other Operator case will be added 45005
09-30 01:45:16.079  1277  1373 D SignalStrength:  SignalStrength::getLevel default case
09-30 01:45:16.079  1277  1373 D SignalStrength: getLTELevel - rsrp:-60 snr:236 rsrpIconLevel:4 snrIconLevel:4
09-30 01:45:16.079  1277  1373 D SignalStrength: getLevel called =4
09-30 01:45:16.079   919  1366 D TelephonyRegistry: onSignalStrengthsChanged: exit record={binder=0x7f7fbdb8 pid=1277} signalStrength=99 0 -120 -160 -120 -1 -1 31 -60 -7 236 2147483647 gsm|lte
09-30 01:45:17.289   919  1366 D GSMPhone: GSMPhone::handleMessage 999
09-30 01:45:19.069   530   536 I RILC    : RIL_SOCKET_1 UNSOLICITED: UNSOL_SIGNAL_STRENGTH length:60
09-30 01:45:19.069   919  1423 D SignalStrength: TMS-GETLEVEL SignalStrength::makeSignalStrengthFromRilParcel         mGsmSignalStrength = 99, mGsmBitErrorRate = 0,         mCdmaDbm = -1, mCdmaEcio = -1,         mEvdoDbm = -1, mEvdoEcio = -1,         mEvdoSnr = -1, mLteSignalStrength = 31,         mLteRsrp = 61, mLteRsrq = 8,         mLteRssnr = 260, mLteCqi = 2147483647,         mTdScdmaRscp = 2147483647
09-30 01:45:19.069   919  1423 D LGSignalStrength: TMS-GETLEVEL LGSignalStrength::makeSignalStrengthFromRilParcel     GsmDbm = 0, GsmEcio= 0
09-30 01:45:19.069   919  1366 V TelephonyManager: +getNetworkClass()
09-30 01:45:19.069   919  1366 I SignalStrength: [RAT:4G] Signal strength: -61 dBm, rxLevel: 31, rsrp: -61, rsrq: -8, rssnr: 260
09-30 01:45:19.069   919  1366 D SignalStrength: s->mLGSignalStrength->operatorNumeric 45005
09-30 01:45:19.069   919  1366 D TelephonyRegistry: onSignalStrengthsChanged: enter record={binder=0x7f7fbdb8 pid=1277} signalStrength=99 0 -120 -160 -120 -1 -1 31 -61 -8 260 2147483647 gsm|lte
09-30 01:45:19.069  1277  1277 D SignalStrength: SignalStrength::getLevel()
09-30 01:45:19.069  1277  1277 D LGSignalStrength: TMS-GETLEVEL  LGSignalStrength::getLevel() isGsm= 1
09-30 01:45:19.069  1277  1277 I LGSignalStrength: Default Case will be checked Or Other Operator case will be added 45005
09-30 01:45:19.069  1277  1277 D SignalStrength:  SignalStrength::getLevel default case
09-30 01:45:19.069  1277  1277 D SignalStrength: getLTELevel - rsrp:-61 snr:260 rsrpIconLevel:4 snrIconLevel:4
09-30 01:45:19.069  1277  1277 D SignalStrength: getLevel called =4
09-30 01:45:19.069   919  1366 D TelephonyRegistry: onSignalStrengthsChanged: exit record={binder=0x7f7fbdb8 pid=1277} signalStrength=99 0 -120 -160 -120 -1 -1 31 -61 -8 260 2147483647 gsm|lte
09-30 01:45:25.089   530   536 I RILC    : RIL_SOCKET_1 UNSOLICITED: UNSOL_SIGNAL_STRENGTH length:60
09-30 01:45:25.089   919  1423 D SignalStrength: TMS-GETLEVEL SignalStrength::makeSignalStrengthFromRilParcel         mGsmSignalStrength = 99, mGsmBitErrorRate = 0,         mCdmaDbm = -1, mCdmaEcio = -1,         mEvdoDbm = -1, mEvdoEcio = -1,         mEvdoSnr = -1, mLteSignalStrength = 31,         mLteRsrp = 56, mLteRsrq = 7,         mLteRssnr = 242, mLteCqi = 2147483647,         mTdScdmaRscp = 2147483647
09-30 01:45:25.089   919  1423 D LGSignalStrength: TMS-GETLEVEL LGSignalStrength::makeSignalStrengthFromRilParcel     GsmDbm = 0, GsmEcio= 0
09-30 01:45:25.089   919  1366 V TelephonyManager: +getNetworkClass()
09-30 01:45:25.089   919  1366 I SignalStrength: [RAT:4G] Signal strength: -56 dBm, rxLevel: 31, rsrp: -56, rsrq: -7, rssnr: 242
09-30 01:45:25.089   919  1366 D SignalStrength: s->mLGSignalStrength->operatorNumeric 45005
09-30 01:45:25.089   919  1366 D TelephonyRegistry: onSignalStrengthsChanged: enter record={binder=0x7f7fbdb8 pid=1277} signalStrength=99 0 -120 -160 -120 -1 -1 31 -56 -7 242 2147483647 gsm|lte
