09-30 01:57:04.249   919  1366 D TelephonyRegistry: onSignalStrengthsChanged: enter record={binder=0x7f7fbdb8 pid=1277} signalStrength=99 0 -120 -160 -120 -1 -1 31 -61 -8 300 2147483647 gsm|lte
09-30 01:57:04.249  1277  1277 D SignalStrength: SignalStrength::getLevel()
09-30 01:57:04.249  1277  1277 D LGSignalStrength: TMS-GETLEVEL  LGSignalStrength::getLevel() isGsm= 1
09-30 01:57:04.249  1277  1277 I LGSignalStrength: Default Case will be checked Or Other Operator case will be added 45005
09-30 01:57:04.249  1277  1277 D SignalStrength:  SignalStrength::getLevel default case
09-30 01:57:04.249  1277  1277 D SignalStrength: getLTELevel - rsrp:-61 snr:300 rsrpIconLevel:4 snrIconLevel:4
09-30 01:57:04.249  1277  1277 D SignalStrength: getLevel called =4
09-30 01:57:04.249   919  1366 D TelephonyRegistry: onSignalStrengthsChanged: exit record={binder=0x7f7fbdb8 pid=1277} signalStrength=99 0 -120 -160 -120 -1 -1 31 -61 -8 300 2147483647 gsm|lte
09-30 01:57:05.569   919  1399 V DataOutputStream: -getEid()
09-30 01:57:05.569   919  1399 V DataOutputStream: ~getEid()
09-30 01:57:05.569   919  1399 D DataOutputStream: wait:48 - b0804520
09-30 01:57:05.579   919  1366 D DataOutputStream: notify broadcast:48 - b0804520
09-30 01:57:05.579   919  1399 E DataOutputStream: Eid = 
09-30 01:57:05.629   919  1382 D DcTracker: isApnTypeEnabled
09-30 01:57:05.629   919  1382 D DcTracker: isApnTypeActive
09-30 01:57:05.629   919   919 V DataOutputStream: -getImei()
09-30 01:57:05.629   919   919 V DataOutputStream: ~getImei()
09-30 01:57:05.629   919   919 D DataOutputStream: wait:1 - 7f7fcbc0
09-30 01:57:05.639   919  1366 D GSMPhone: getDeviceId: 015267000012896
09-30 01:57:05.639   919  1366 D DataOutputStream: notify broadcast:1 - 7f7fcbc0
09-30 01:57:05.639   919  1409 V DataOutputStream: -getEid()
09-30 01:57:05.639   919  1409 V DataOutputStream: ~getEid()
09-30 01:57:05.639   919  1409 D DataOutputStream: wait:48 - b420ef40
09-30 01:57:05.649   919  1366 D DataOutputStream: notify broadcast:48 - b420ef40
09-30 01:57:05.649   919  1409 E DataOutputStream: Eid = 
09-30 01:57:07.289   919  1366 D GSMPhone: GSMPhone::handleMessage 999
09-30 01:57:10.249   530   536 I RILC    : RIL_SOCKET_1 UNSOLICITED: UNSOL_SIGNAL_STRENGTH length:60
09-30 01:57:10.249   919  1423 D SignalStrength: TMS-GETLEVEL SignalStrength::makeSignalStrengthFromRilParcel         mGsmSignalStrength = 99, mGsmBitErrorRate = 0,         mCdmaDbm = -1, mCdmaEcio = -1,         mEvdoDbm = -1, mEvdoEcio = -1,         mEvdoSnr = -1, mLteSignalStrength = 31,         mLteRsrp = 61, mLteRsrq = 7,         mLteRssnr = 254, mLteCqi = 2147483647,         mTdScdmaRscp = 2147483647
09-30 01:57:10.249   919  1423 D LGSignalStrength: TMS-GETLEVEL LGSignalStrength::makeSignalStrengthFromRilParcel     GsmDbm = 0, GsmEcio= 0
09-30 01:57:10.249   919  1366 V TelephonyManager: +getNetworkClass()
09-30 01:57:10.249   919  1366 I SignalStrength: [RAT:4G] Signal strength: -61 dBm, rxLevel: 31, rsrp: -61, rsrq: -7, rssnr: 254
09-30 01:57:10.249   919  1366 D SignalStrength: s->mLGSignalStrength->operatorNumeric 45005
09-30 01:57:10.249   919  1366 D TelephonyRegistry: onSignalStrengthsChanged: enter record={binder=0x7f7fbdb8 pid=1277} signalStrength=99 0 -120 -160 -120 -1 -1 31 -61 -7 254 2147483647 gsm|lte
09-30 01:57:10.249  1277  1373 D SignalStrength: SignalStrength::getLevel()
09-30 01:57:10.249  1277  1373 D LGSignalStrength: TMS-GETLEVEL  LGSignalStrength::getLevel() isGsm= 1
09-30 01:57:10.249  1277  1373 I LGSignalStrength: Default Case will be checked Or Other Operator case will be added 45005
09-30 01:57:10.249  1277  1373 D SignalStrength:  SignalStrength::getLevel default case
09-30 01:57:10.249  1277  1373 D SignalStrength: getLTELevel - rsrp:-61 snr:254 rsrpIconLevel:4 snrIconLevel:4
09-30 01:57:10.249  1277  1373 D SignalStrength: getLevel called =4
09-30 01:57:10.249   919  1366 D TelephonyRegistry: onSignalStrengthsChanged: exit record={binder=0x7f7fbdb8 pid=1277} signalStrength=99 0 -120 -160 -120 -1 -1 31 -61 -7 254 2147483647 gsm|lte
09-30 01:57:13.249   530   536 I RILC    : RIL_SOCKET_1 UNSOLICITED: UNSOL_SIGNAL_STRENGTH length:60
09-30 01:57:13.249   919  1423 D SignalStrength: TMS-GETLEVEL SignalStrength::makeSignalStrengthFromRilParcel         mGsmSignalStrength = 99, mGsmBitErrorRate = 0,         mCdmaDbm = -1, mCdmaEcio = -1,         mEvdoDbm = -1, mEvdoEcio = -1,         mEvdoSnr = -1, mLteSignalStrength = 31,         mLteRsrp = 59, mLteRsrq = 7,         mLteRssnr = 234, mLteCqi = 2147483647,         mTdScdmaRscp = 2147483647
09-30 01:57:13.249   919  1423 D LGSignalStrength: TMS-GETLEVEL LGSignalStrength::makeSignalStrengthFromRilParcel     GsmDbm = 0, GsmEcio= 0
09-30 01:57:13.249   919  1366 V TelephonyManager: +getNetworkClass()
09-30 01:57:13.249   919  1366 I SignalStrength: [RAT:4G] Signal strength: -59 dBm, rxLevel: 31, rsrp: -59, rsrq: -7, rssnr: 234
09-30 01:57:13.249   919  1366 D SignalStrength: s->mLGSignalStrength->operatorNumeric 45005
09-30 01:57:13.249   919  1366 D TelephonyRegistry: onSignalStrengthsChanged: enter record={binder=0x7f7fbdb8 pid=1277} signalStrength=99 0 -120 -160 -120 -1 -1 31 -59 -7 234 2147483647 gsm|lte
09-30 01:57:13.249  1277  1277 D SignalStrength: SignalStrength::getLevel()
09-30 01:57:13.249  1277  1277 D LGSignalStrength: TMS-GETLEVEL  LGSignalStrength::getLevel() isGsm= 1
09-30 01:57:13.249  1277  1277 I LGSignalStrength: Default Case will be checked Or Other Operator case will be added 45005
09-30 01:57:13.249  1277  1277 D SignalStrength:  SignalStrength::getLevel default case
09-30 01:57:13.249  1277  1277 D SignalStrength: getLTELevel - rsrp:-59 snr:234 rsrpIconLevel:4 snrIconLevel:4
09-30 01:57:13.249  1277  1277 D SignalStrength: getLevel called =4
09-30 01:57:13.249   919  1366 D TelephonyRegistry: onSignalStrengthsChanged: exit record={binder=0x7f7fbdb8 pid=1277} signalStrength=99 0 -120 -160 -120 -1 -1 31 -59 -7 234 2147483647 gsm|lte
09-30 01:57:16.149   919  1366 D DcTrackerBase: DcTrackerBase::handleMessag 41
09-30 01:57:16.149   919  1366 D DcTrackerBase: updateTxRxSum: ifc - rmnet_data0 mTxPkts=19776 mRxPkts=16359 mTxBytes=10491784 mRxBytes=4025225
09-30 01:57:16.149   919  1366 D DefaultPhoneNotifier: DefaultPhoneNotifier: notifyDataActivity: activity(3)
09-30 01:57:16.149   919  1366 D DcTrackerBase: updateTxRxSum: ifc - rmnet_data1 mTxPkts=0 mRxPkts=0 mTxBytes=0 mRxBytes=0
09-30 01:57:17.289   919  1366 D GSMPhone: GSMPhone::handleMessage 999
09-30 01:57:19.259   530   536 I RILC    : RIL_SOCKET_1 UNSOLICITED: UNSOL_SIGNAL_STRENGTH length:60
09-30 01:57:19.259   919  1423 D SignalStrength: TMS-GETLEVEL SignalStrength::makeSignalStrengthFromRilParcel         mGsmSignalStrength = 99, mGsmBitErrorRate = 0,         mCdmaDbm = -1, mCdmaEcio = -1,         mEvdoDbm = -1, mEvdoEcio = -1,         mEvdoSnr = -1, mLteSignalStrength = 31,         mLteRsrp = 59, mLteRsrq = 9,         mLteRssnr = 250, mLteCqi = 2147483647,         mTdScdmaRscp = 2147483647
09-30 01:57:19.259   919  1423 D LGSignalStrength: TMS-GETLEVEL LGSignalStrength::makeSignalStrengthFromRilParcel     GsmDbm = 0, GsmEcio= 0
09-30 01:57:19.259   919  1366 V TelephonyManager: +getNetworkClass()
09-30 01:57:19.259   919  1366 I SignalStrength: [RAT:4G] Signal strength: -59 dBm, rxLevel: 31, rsrp: -59, rsrq: -9, rssnr: 250
09-30 01:57:19.259   919  1366 D SignalStrength: s->mLGSignalStrength->operatorNumeric 45005
09-30 01:57:19.259   919  1366 D TelephonyRegistry: onSignalStrengthsChanged: enter record={binder=0x7f7fbdb8 pid=1277} signalStrength=99 0 -120 -160 -120 -1 -1 31 -59 -9 250 2147483647 gsm|lte
09-30 01:57:19.259  1277  1373 D SignalStrength: SignalStrength::getLevel()
09-30 01:57:19.259  1277  1373 D LGSignalStrength: TMS-GETLEVEL  LGSignalStrength::getLevel() isGsm= 1
09-30 01:57:19.259  1277  1373 I LGSignalStrength: Default Case will be checked Or Other Operator case will be added 45005
09-30 01:57:19.259  1277  1373 D SignalStrength:  SignalStrength::getLevel default case
09-30 01:57:19.259  1277  1373 D SignalStrength: getLTELevel - rsrp:-59 snr:250 rsrpIconLevel:4 snrIconLevel:4
09-30 01:57:19.259  1277  1373 D SignalStrength: getLevel called =4
09-30 01:57:19.259   919  1366 D TelephonyRegistry: onSignalStrengthsChanged: exit record={binder=0x7f7fbdb8 pid=1277} signalStrength=99 0 -120 -160 -120 -1 -1 31 -59 -9 250 2147483647 gsm|lte
09-30 01:57:22.249   530   536 I RILC    : RIL_SOCKET_1 UNSOLICITED: UNSOL_SIGNAL_STRENGTH length:60
09-30 01:57:22.249   919  1423 D SignalStrength: TMS-GETLEVEL SignalStrength::makeSignalStrengthFromRilParcel         mGsmSignalStrength = 99, mGsmBitErrorRate = 0,         mCdmaDbm = -1, mCdmaEcio = -1,         mEvdoDbm = -1, mEvdoEcio = -1,         mEvdoSnr = -1, mLteSignalStrength = 31,         mLteRsrp = 60, mLteRsrq = 9,         mLteRssnr = 300, mLteCqi = 2147483647,         mTdScdmaRscp = 2147483647
09-30 01:57:22.249   919  1423 D LGSignalStrength: TMS-GETLEVEL LGSignalStrength::makeSignalStrengthFromRilParcel     GsmDbm = 0, GsmEcio= 0
09-30 01:57:22.249   919  1366 V TelephonyManager: +getNetworkClass()
09-30 01:57:22.249   919  1366 I SignalStrength: [RAT:4G] Signal strength: -60 dBm, rxLevel: 31, rsrp: -60, rsrq: -9, rssnr: 300
09-30 01:57:22.249   919  1366 D SignalStrength: s->mLGSignalStrength->operatorNumeric 45005
09-30 01:57:22.249   919  1366 D TelephonyRegistry: onSignalStrengthsChanged: enter record={binder=0x7f7fbdb8 pid=1277} signalStrength=99 0 -120 -160 -120 -1 -1 31 -60 -9 300 2147483647 gsm|lte
09-30 01:57:22.259  1277  1277 D SignalStrength: SignalStrength::getLevel()
09-30 01:57:22.259  1277  1277 D LGSignalStrength: TMS-GETLEVEL  LGSignalStrength::getLevel() isGsm= 1
09-30 01:57:22.259  1277  1277 I LGSignalStrength: Default Case will be checked Or Other Operator case will be added 45005
09-30 01:57:22.259  1277  1277 D SignalStrength:  SignalStrength::getLevel default case
09-30 01:57:22.259  1277  1277 D SignalStrength: getLTELevel - rsrp:-60 snr:300 rsrpIconLevel:4 snrIconLevel:4
09-30 01:57:22.259  1277  1277 D SignalStrength: getLevel called =4
09-30 01:57:22.259   919  1366 D TelephonyRegistry: onSignalStrengthsChanged: exit record={binder=0x7f7fbdb8 pid=1277} signalStrength=99 0 -120 -160 -120 -1 -1 31 -60 -9 300 2147483647 gsm|lte
09-30 01:57:25.249   530   536 I RILC    : RIL_SOCKET_1 UNSOLICITED: UNSOL_SIGNAL_STRENGTH length:60
09-30 01:57:25.249   919  1423 D SignalStrength: TMS-GETLEVEL SignalStrength::makeSignalStrengthFromRilParcel         mGsmSignalStrength = 99, mGsmBitErrorRate = 0,         mCdmaDbm = -1, mCdmaEcio = -1,         mEvdoDbm = -1, mEvdoEcio = -1,         mEvdoSnr = -1, mLteSignalStrength = 31,         mLteRsrp = 59, mLteRsrq = 11,         mLteRssnr = 294, mLteCqi = 2147483647,         mTdScdmaRscp = 2147483647
09-30 01:57:25.259   919  1423 D LGSignalStrength: TMS-GETLEVEL LGSignalStrength::makeSignalStrengthFromRilParcel     GsmDbm = 0, GsmEcio= 0
09-30 01:57:25.259   919  1366 V TelephonyManager: +getNetworkClass()
09-30 01:57:25.259   919  1366 I SignalStrength: [RAT:4G] Signal strength: -59 dBm, rxLevel: 31, rsrp: -59, rsrq: -11, rssnr: 294
09-30 01:57:25.259   919  1366 D SignalStrength: s->mLGSignalStrength->operatorNumeric 45005
09-30 01:57:25.259   919  1366 D TelephonyRegistry: onSignalStrengthsChanged: enter record={binder=0x7f7fbdb8 pid=1277} signalStrength=99 0 -120 -160 -120 -1 -1 31 -59 -11 294 2147483647 gsm|lte
09-30 01:57:25.259  1277  1373 D SignalStrength: SignalStrength::getLevel()
09-30 01:57:25.259  1277  1373 D LGSignalStrength: TMS-GETLEVEL  LGSignalStrength::getLevel() isGsm= 1
09-30 01:57:25.259  1277  1373 I LGSignalStrength: Default Case will be checked Or Other Operator case will be added 45005
09-30 01:57:25.259  1277  1373 D SignalStrength:  SignalStrength::getLevel default case
09-30 01:57:25.259  1277  1373 D SignalStrength: getLTELevel - rsrp:-59 snr:294 rsrpIconLevel:4 snrIconLevel:4
09-30 01:57:25.259  1277  1373 D SignalStrength: getLevel called =4
09-30 01:57:25.259   919  1366 D TelephonyRegistry: onSignalStrengthsChanged: exit record={binder=0x7f7fbdb8 pid=1277} signalStrength=99 0 -120 -160 -120 -1 -1 31 -59 -11 294 2147483647 gsm|lte
09-30 01:57:27.289   919  1366 D GSMPhone: GSMPhone::handleMessage 999
09-30 01:57:28.259   530   536 I RILC    : RIL_SOCKET_1 UNSOLICITED: UNSOL_SIGNAL_STRENGTH length:60
09-30 01:57:28.259   919  1423 D SignalStrength: TMS-GETLEVEL SignalStrength::makeSignalStrengthFromRilParcel         mGsmSignalStrength = 99, mGsmBitErrorRate = 0,         mCdmaDbm = -1, mCdmaEcio = -1,         mEvdoDbm = -1, mEvdoEcio = -1,         mEvdoSnr = -1, mLteSignalStrength = 31,         mLteRsrp = 59, mLteRsrq = 8,         mLteRssnr = 300, mLteCqi = 2147483647,         mTdScdmaRscp = 2147483647
09-30 01:57:28.259   919  1423 D LGSignalStrength: TMS-GETLEVEL LGSignalStrength::makeSignalStrengthFromRilParcel     GsmDbm = 0, GsmEcio= 0
09-30 01:57:28.259   919  1366 V TelephonyManager: +getNetworkClass()
09-30 01:57:28.259   919  1366 I SignalStrength: [RAT:4G] Signal strength: -59 dBm, rxLevel: 31, rsrp: -59, rsrq: -8, rssnr: 300
09-30 01:57:28.259   919  1366 D SignalStrength: s->mLGSignalStrength->operatorNumeric 45005
09-30 01:57:28.259   919  1366 D TelephonyRegistry: onSignalStrengthsChanged: enter record={binder=0x7f7fbdb8 pid=1277} signalStrength=99 0 -120 -160 -120 -1 -1 31 -59 -8 300 2147483647 gsm|lte
09-30 01:57:28.259  1277  1277 D SignalStrength: SignalStrength::getLevel()
09-30 01:57:28.259  1277  1277 D LGSignalStrength: TMS-GETLEVEL  LGSignalStrength::getLevel() isGsm= 1
09-30 01:57:28.259  1277  1277 I LGSignalStrength: Default Case will be checked Or Other Operator case will be added 45005
09-30 01:57:28.259  1277  1277 D SignalStrength:  SignalStrength::getLevel default case
09-30 01:57:28.259  1277  1277 D SignalStrength: getLTELevel - rsrp:-59 snr:300 rsrpIconLevel:4 snrIconLevel:4
09-30 01:57:28.259  1277  1277 D SignalStrength: getLevel called =4
09-30 01:57:28.259   919  1366 D TelephonyRegistry: onSignalStrengthsChanged: exit record={binder=0x7f7fbdb8 pid=1277} signalStrength=99 0 -120 -160 -120 -1 -1 31 -59 -8 300 2147483647 gsm|lte
09-30 01:57:31.259   530   536 I RILC    : RIL_SOCKET_1 UNSOLICITED: UNSOL_SIGNAL_STRENGTH length:60
09-30 01:57:31.259   919  1423 D SignalStrength: TMS-GETLEVEL SignalStrength::makeSignalStrengthFromRilParcel         mGsmSignalStrength = 99, mGsmBitErrorRate = 0,         mCdmaDbm = -1, mCdmaEcio = -1,         mEvdoDbm = -1, mEvdoEcio = -1,         mEvdoSnr = -1, mLteSignalStrength = 31,         mLteRsrp = 60, mLteRsrq = 8,         mLteRssnr = 298, mLteCqi = 2147483647,         mTdScdmaRscp = 2147483647
09-30 01:57:31.259   919  1423 D LGSignalStrength: TMS-GETLEVEL LGSignalStrength::makeSignalStrengthFromRilParcel     GsmDbm = 0, GsmEcio= 0
09-30 01:57:31.259   919  1366 V TelephonyManager: +getNetworkClass()
09-30 01:57:31.259   919  1366 I SignalStrength: [RAT:4G] Signal strength: -60 dBm, rxLevel: 31, rsrp: -60, rsrq: -8, rssnr: 298
09-30 01:57:31.259   919  1366 D SignalStrength: s->mLGSignalStrength->operatorNumeric 45005
09-30 01:57:31.259   919  1366 D TelephonyRegistry: onSignalStrengthsChanged: enter record={binder=0x7f7fbdb8 pid=1277} signalStrength=99 0 -120 -160 -120 -1 -1 31 -60 -8 298 2147483647 gsm|lte
09-30 01:57:31.259  1277  1373 D SignalStrength: SignalStrength::getLevel()
09-30 01:57:31.259  1277  1373 D LGSignalStrength: TMS-GETLEVEL  LGSignalStrength::getLevel() isGsm= 1
09-30 01:57:31.259  1277  1373 I LGSignalStrength: Default Case will be checked Or Other Operator case will be added 45005
09-30 01:57:31.259  1277  1373 D SignalStrength:  SignalStrength::getLevel default case
09-30 01:57:31.259  1277  1373 D SignalStrength: getLTELevel - rsrp:-60 snr:298 rsrpIconLevel:4 snrIconLevel:4
09-30 01:57:31.259  1277  1373 D SignalStrength: getLevel called =4
09-30 01:57:31.259   919  1366 D TelephonyRegistry: onSignalStrengthsChanged: exit record={binder=0x7f7fbdb8 pid=1277} signalStrength=99 0 -120 -160 -120 -1 -1 31 -60 -8 298 2147483647 gsm|lte
09-30 01:57:34.259   530   536 I RILC    : RIL_SOCKET_1 UNSOLICITED: UNSOL_SIGNAL_STRENGTH length:60
09-30 01:57:34.259   919  1423 D SignalStrength: TMS-GETLEVEL SignalStrength::makeSignalStrengthFromRilParcel         mGsmSignalStrength = 99, mGsmBitErrorRate = 0,         mCdmaDbm = -1, mCdmaEcio = -1,         mEvdoDbm = -1, mEvdoEcio = -1,         mEvdoSnr = -1, mLteSignalStrength = 31,         mLteRsrp = 61, mLteRsrq = 7,         mLteRssnr = 300, mLteCqi = 2147483647,         mTdScdmaRscp = 2147483647
09-30 01:57:34.259   919  1423 D LGSignalStrength: TMS-GETLEVEL LGSignalStrength::makeSignalStrengthFromRilParcel     GsmDbm = 0, GsmEcio= 0
09-30 01:57:34.259   919  1366 V TelephonyManager: +getNetworkClass()
09-30 01:57:34.259   919  1366 I SignalStrength: [RAT:4G] Signal strength: -61 dBm, rxLevel: 31, rsrp: -61, rsrq: -7, rssnr: 300
09-30 01:57:34.259   919  1366 D SignalStrength: s->mLGSignalStrength->operatorNumeric 45005
09-30 01:57:34.259   919  1366 D TelephonyRegistry: onSignalStrengthsChanged: enter record={binder=0x7f7fbdb8 pid=1277} signalStrength=99 0 -120 -160 -120 -1 -1 31 -61 -7 300 2147483647 gsm|lte
09-30 01:57:34.259  1277  1277 D SignalStrength: SignalStrength::getLevel()
09-30 01:57:34.259  1277  1277 D LGSignalStrength: TMS-GETLEVEL  LGSignalStrength::getLevel() isGsm= 1
09-30 01:57:34.259  1277  1277 I LGSignalStrength: Default Case will be checked Or Other Operator case will be added 45005
09-30 01:57:34.259  1277  1277 D SignalStrength:  SignalStrength::getLevel default case
09-30 01:57:34.259  1277  1277 D SignalStrength: getLTELevel - rsrp:-61 snr:300 rsrpIconLevel:4 snrIconLevel:4
09-30 01:57:34.259  1277  1277 D SignalStrength: getLevel called =4
09-30 01:57:34.259   919  1366 D TelephonyRegistry: onSignalStrengthsChanged: exit record={binder=0x7f7fbdb8 pid=1277} signalStrength=99 0 -120 -160 -120 -1 -1 31 -61 -7 300 2147483647 gsm|lte
09-30 01:57:36.149   919  1366 D DcTrackerBase: DcTrackerBase::handleMessag 41
09-30 01:57:36.149   919  1366 D DcTrackerBase: updateTxRxSum: ifc - rmnet_data0 mTxPkts=19776 mRxPkts=16359 mTxBytes=10491784 mRxBytes=4025225
09-30 01:57:36.149   919  1366 D DefaultPhoneNotifier: DefaultPhoneNotifier: notifyDataActivity: activity(0)
09-30 01:57:36.149   919  1366 D DcTrackerBase: updateTxRxSum: ifc - rmnet_data1 mTxPkts=0 mRxPkts=0 mTxBytes=0 mRxBytes=0
09-30 01:57:36.559   919  1416 V DataOutputStream: -getEid()
09-30 01:57:36.559   919  1416 V DataOutputStream: ~getEid()
09-30 01:57:36.559   919  1416 D DataOutputStream: wait:48 - b420ef40
09-30 01:57:36.569   919  1366 D DataOutputStream: notify broadcast:48 - b420ef40
09-30 01:57:36.569   919  1416 E DataOutputStream: Eid = 
09-30 01:57:36.619   919  1382 D DcTracker: isApnTypeEnabled
09-30 01:57:36.619   919  1382 D DcTracker: isApnTypeActive
09-30 01:57:36.619   919  1408 V DataOutputStream: -getImei()
09-30 01:57:36.619   919  1408 V DataOutputStream: ~getImei()
09-30 01:57:36.619   919  1408 D DataOutputStream: wait:1 - b0804520
09-30 01:57:36.629   919  1366 D GSMPhone: getDeviceId: 015267000012896
09-30 01:57:36.629   919  1366 D DataOutputStream: notify broadcast:1 - b0804520
09-30 01:57:36.629   919  1415 V DataOutputStream: -getEid()
09-30 01:57:36.629   919  1415 V DataOutputStream: ~getEid()
09-30 01:57:36.629   919  1415 D DataOutputStream: wait:48 - b0804520
09-30 01:57:36.639   919  1366 D DataOutputStream: notify broadcast:48 - b0804520
09-30 01:57:36.639   919  1415 E DataOutputStream: Eid = 
09-30 01:57:37.259   530   536 I RILC    : RIL_SOCKET_1 UNSOLICITED: UNSOL_SIGNAL_STRENGTH length:60
09-30 01:57:37.259   919  1423 D SignalStrength: TMS-GETLEVEL SignalStrength::makeSignalStrengthFromRilParcel         mGsmSignalStrength = 99, mGsmBitErrorRate = 0,         mCdmaDbm = -1, mCdmaEcio = -1,         mEvdoDbm = -1, mEvdoEcio = -1,         mEvdoSnr = -1, mLteSignalStrength = 31,         mLteRsrp = 60, mLteRsrq = 7,         mLteRssnr = 290, mLteCqi = 2147483647,         mTdScdmaRscp = 2147483647
09-30 01:57:37.259   919  1423 D LGSignalStrength: TMS-GETLEVEL LGSignalStrength::makeSignalStrengthFromRilParcel     GsmDbm = 0, GsmEcio= 0
09-30 01:57:37.259   919  1366 V TelephonyManager: +getNetworkClass()
09-30 01:57:37.259   919  1366 I SignalStrength: [RAT:4G] Signal strength: -60 dBm, rxLevel: 31, rsrp: -60, rsrq: -7, rssnr: 290
09-30 01:57:37.259   919  1366 D SignalStrength: s->mLGSignalStrength->operatorNumeric 45005
09-30 01:57:37.259   919  1366 D TelephonyRegistry: onSignalStrengthsChanged: enter record={binder=0x7f7fbdb8 pid=1277} signalStrength=99 0 -120 -160 -120 -1 -1 31 -60 -7 290 2147483647 gsm|lte
09-30 01:57:37.259  1277  1373 D SignalStrength: SignalStrength::getLevel()
09-30 01:57:37.259  1277  1373 D LGSignalStrength: TMS-GETLEVEL  LGSignalStrength::getLevel() isGsm= 1
09-30 01:57:37.259  1277  1373 I LGSignalStrength: Default Case will be checked Or Other Operator case will be added 45005
09-30 01:57:37.259  1277  1373 D SignalStrength:  SignalStrength::getLevel default case
09-30 01:57:37.259  1277  1373 D SignalStrength: getLTELevel - rsrp:-60 snr:290 rsrpIconLevel:4 snrIconLevel:4
09-30 01:57:37.259  1277  1373 D SignalStrength: getLevel called =4
09-30 01:57:37.259   919  1366 D TelephonyRegistry: onSignalStrengthsChanged: exit record={binder=0x7f7fbdb8 pid=1277} signalStrength=99 0 -120 -160 -120 -1 -1 31 -60 -7 290 2147483647 gsm|lte
09-30 01:57:37.289   919  1366 D GSMPhone: GSMPhone::handleMessage 999
09-30 01:57:40.259   530   536 I RILC    : RIL_SOCKET_1 UNSOLICITED: UNSOL_SIGNAL_STRENGTH length:60
09-30 01:57:40.259   919  1423 D SignalStrength: TMS-GETLEVEL SignalStrength::makeSignalStrengthFromRilParcel         mGsmSignalStrength = 99, mGsmBitErrorRate = 0,         mCdmaDbm = -1, mCdmaEcio = -1,         mEvdoDbm = -1, mEvdoEcio = -1,         mEvdoSnr = -1, mLteSignalStrength = 31,         mLteRsrp = 62, mLteRsrq = 7,         mLteRssnr = 246, mLteCqi = 2147483647,         mTdScdmaRscp = 2147483647
09-30 01:57:40.259   919  1423 D LGSignalStrength: TMS-GETLEVEL LGSignalStrength::makeSignalStrengthFromRilParcel     GsmDbm = 0, GsmEcio= 0
09-30 01:57:40.259   919  1366 V TelephonyManager: +getNetworkClass()
09-30 01:57:40.259   919  1366 I SignalStrength: [RAT:4G] Signal strength: -62 dBm, rxLevel: 31, rsrp: -62, rsrq: -7, rssnr: 246
09-30 01:57:40.259   919  1366 D SignalStrength: s->mLGSignalStrength->operatorNumeric 45005
09-30 01:57:40.259   919  1366 D TelephonyRegistry: onSignalStrengthsChanged: enter record={binder=0x7f7fbdb8 pid=1277} signalStrength=99 0 -120 -160 -120 -1 -1 31 -62 -7 246 2147483647 gsm|lte
09-30 01:57:40.259  1277  1277 D SignalStrength: SignalStrength::getLevel()
09-30 01:57:40.259  1277  1277 D LGSignalStrength: TMS-GETLEVEL  LGSignalStrength::getLevel() isGsm= 1
09-30 01:57:40.259  1277  1277 I LGSignalStrength: Default Case will be checked Or Other Operator case will be added 45005
09-30 01:57:40.259  1277  1277 D SignalStrength:  SignalStrength::getLevel default case
09-30 01:57:40.259  1277  1277 D SignalStrength: getLTELevel - rsrp:-62 snr:246 rsrpIconLevel:4 snrIconLevel:4
09-30 01:57:40.259  1277  1277 D SignalStrength: getLevel called =4
09-30 01:57:40.259   919  1366 D TelephonyRegistry: onSignalStrengthsChanged: exit record={binder=0x7f7fbdb8 pid=1277} signalStrength=99 0 -120 -160 -120 -1 -1 31 -62 -7 246 2147483647 gsm|lte
09-30 01:57:43.259   530   536 I RILC    : RIL_SOCKET_1 UNSOLICITED: UNSOL_SIGNAL_STRENGTH length:60
09-30 01:57:43.259   919  1423 D SignalStrength: TMS-GETLEVEL SignalStrength::makeSignalStrengthFromRilParcel         mGsmSignalStrength = 99, mGsmBitErrorRate = 0,         mCdmaDbm = -1, mCdmaEcio = -1,         mEvdoDbm = -1, mEvdoEcio = -1,         mEvdoSnr = -1, mLteSignalStrength = 31,         mLteRsrp = 60, mLteRsrq = 7,         mLteRssnr = 298, mLteCqi = 2147483647,         mTdScdmaRscp = 2147483647
09-30 01:57:43.259   919  1423 D LGSignalStrength: TMS-GETLEVEL LGSignalStrength::makeSignalStrengthFromRilParcel     GsmDbm = 0, GsmEcio= 0
09-30 01:57:43.259   919  1366 V TelephonyManager: +getNetworkClass()
09-30 01:57:43.259   919  1366 I SignalStrength: [RAT:4G] Signal strength: -60 dBm, rxLevel: 31, rsrp: -60, rsrq: -7, rssnr: 298
09-30 01:57:43.259   919  1366 D SignalStrength: s->mLGSignalStrength->operatorNumeric 45005
09-30 01:57:43.259   919  1366 D TelephonyRegistry: onSignalStrengthsChanged: enter record={binder=0x7f7fbdb8 pid=1277} signalStrength=99 0 -120 -160 -120 -1 -1 31 -60 -7 298 2147483647 gsm|lte
09-30 01:57:43.259  1277  1373 D SignalStrength: SignalStrength::getLevel()
09-30 01:57:43.259  1277  1373 D LGSignalStrength: TMS-GETLEVEL  LGSignalStrength::getLevel() isGsm= 1
09-30 01:57:43.259  1277  1373 I LGSignalStrength: Default Case will be checked Or Other Operator case will be added 45005
09-30 01:57:43.259  1277  1373 D SignalStrength:  SignalStrength::getLevel default case
09-30 01:57:43.259  1277  1373 D SignalStrength: getLTELevel - rsrp:-60 snr:298 rsrpIconLevel:4 snrIconLevel:4
09-30 01:57:43.259  1277  1373 D SignalStrength: getLevel called =4
09-30 01:57:43.259   919  1366 D TelephonyRegistry: onSignalStrengthsChanged: exit record={binder=0x7f7fbdb8 pid=1277} signalStrength=99 0 -120 -160 -120 -1 -1 31 -60 -7 298 2147483647 gsm|lte
09-30 01:57:46.259   530   536 I RILC    : RIL_SOCKET_1 UNSOLICITED: UNSOL_SIGNAL_STRENGTH length:60
09-30 01:57:46.259   919  1423 D SignalStrength: TMS-GETLEVEL SignalStrength::makeSignalStrengthFromRilParcel         mGsmSignalStrength = 99, mGsmBitErrorRate = 0,         mCdmaDbm = -1, mCdmaEcio = -1,         mEvdoDbm = -1, mEvdoEcio = -1,         mEvdoSnr = -1, mLteSignalStrength = 31,         mLteRsrp = 63, mLteRsrq = 7,         mLteRssnr = 208, mLteCqi = 2147483647,         mTdScdmaRscp = 2147483647
09-30 01:57:46.259   919  1423 D LGSignalStrength: TMS-GETLEVEL LGSignalStrength::makeSignalStrengthFromRilParcel     GsmDbm = 0, GsmEcio= 0
09-30 01:57:46.259   919  1366 V TelephonyManager: +getNetworkClass()
09-30 01:57:46.259   919  1366 I SignalStrength: [RAT:4G] Signal strength: -63 dBm, rxLevel: 31, rsrp: -63, rsrq: -7, rssnr: 208
09-30 01:57:46.259   919  1366 D SignalStrength: s->mLGSignalStrength->operatorNumeric 45005
09-30 01:57:46.259   919  1366 D TelephonyRegistry: onSignalStrengthsChanged: enter record={binder=0x7f7fbdb8 pid=1277} signalStrength=99 0 -120 -160 -120 -1 -1 31 -63 -7 208 2147483647 gsm|lte
09-30 01:57:46.259  1277  1277 D SignalStrength: SignalStrength::getLevel()
09-30 01:57:46.259  1277  1277 D LGSignalStrength: TMS-GETLEVEL  LGSignalStrength::getLevel() isGsm= 1
09-30 01:57:46.259  1277  1277 I LGSignalStrength: Default Case will be checked Or Other Operator case will be added 45005
09-30 01:57:46.259  1277  1277 D SignalStrength:  SignalStrength::getLevel default case
09-30 01:57:46.259  1277  1277 D SignalStrength: getLTELevel - rsrp:-63 snr:208 rsrpIconLevel:4 snrIconLevel:4
09-30 01:57:46.259  1277  1277 D SignalStrength: getLevel called =4
09-30 01:57:46.259   919  1366 D TelephonyRegistry: onSignalStrengthsChanged: exit record={binder=0x7f7fbdb8 pid=1277} signalStrength=99 0 -120 -160 -120 -1 -1 31 -63 -7 208 2147483647 gsm|lte
09-30 01:57:47.289   919  1366 D GSMPhone: GSMPhone::handleMessage 999
09-30 01:57:49.259   530   536 I RILC    : RIL_SOCKET_1 UNSOLICITED: UNSOL_SIGNAL_STRENGTH length:60
09-30 01:57:49.259   919  1423 D SignalStrength: TMS-GETLEVEL SignalStrength::makeSignalStrengthFromRilParcel         mGsmSignalStrength = 99, mGsmBitErrorRate = 0,         mCdmaDbm = -1, mCdmaEcio = -1,         mEvdoDbm = -1, mEvdoEcio = -1,         mEvdoSnr = -1, mLteSignalStrength = 31,         mLteRsrp = 59, mLteRsrq = 7,         mLteRssnr = 286, mLteCqi = 2147483647,         mTdScdmaRscp = 2147483647
09-30 01:57:49.259   919  1423 D LGSignalStrength: TMS-GETLEVEL LGSignalStrength::makeSignalStrengthFromRilParcel     GsmDbm = 0, GsmEcio= 0
09-30 01:57:49.259   919  1366 V TelephonyManager: +getNetworkClass()
09-30 01:57:49.259   919  1366 I SignalStrength: [RAT:4G] Signal strength: -59 dBm, rxLevel: 31, rsrp: -59, rsrq: -7, rssnr: 286
09-30 01:57:49.259   919  1366 D SignalStrength: s->mLGSignalStrength->operatorNumeric 45005
09-30 01:57:49.259   919  1366 D TelephonyRegistry: onSignalStrengthsChanged: enter record={binder=0x7f7fbdb8 pid=1277} signalStrength=99 0 -120 -160 -120 -1 -1 31 -59 -7 286 2147483647 gsm|lte
09-30 01:57:49.259  1277  1373 D SignalStrength: SignalStrength::getLevel()
09-30 01:57:49.259  1277  1373 D LGSignalStrength: TMS-GETLEVEL  LGSignalStrength::getLevel() isGsm= 1
09-30 01:57:49.259  1277  1373 I LGSignalStrength: Default Case will be checked Or Other Operator case will be added 45005
09-30 01:57:49.259  1277  1373 D SignalStrength:  SignalStrength::getLevel default case
09-30 01:57:49.259  1277  1373 D SignalStrength: getLTELevel - rsrp:-59 snr:286 rsrpIconLevel:4 snrIconLevel:4
09-30 01:57:49.259  1277  1373 D SignalStrength: getLevel called =4
09-30 01:57:49.269   919  1366 D TelephonyRegistry: onSignalStrengthsChanged: exit record={binder=0x7f7fbdb8 pid=1277} signalStrength=99 0 -120 -160 -120 -1 -1 31 -59 -7 286 2147483647 gsm|lte
09-30 01:57:49.589   919  1366 D DcTrackerBase: DcTrackerBase::handleMessag 17
09-30 01:57:49.589   919  1366 D DcTrackerBase: onDataStallAlarm:tag macthed NOT Ignoring , tag=947, expecting=947
09-30 01:57:49.589   919  1366 D DcTrackerBase: updateTxRxSum: ifc - rmnet_data0 mTxPkts=19781 mRxPkts=16362 mTxBytes=10494592 mRxBytes=4026114
09-30 01:57:49.589   919  1366 D DcTrackerBase: updateDataStallInfo: mDataStallTxRxSum[0]=TxRxSum: { txPaketSum= 19781 rxPaketSum= 16362 txByteSum= 10494592 rxByteSum= 4026114 }, preTxRxSum=TxRxSum: { txPaketSum= 19761 rxPaketSum= 16350 txByteSum= 10483360 rxByteSum= 4022558 }
09-30 01:57:49.589   919  1366 D DcTrackerBase: updateDataStallInfo: received = 12
09-30 01:57:49.589   919  1366 D DcTrackerBase: updateTxRxSum: ifc - rmnet_data1 mTxPkts=0 mRxPkts=0 mTxBytes=0 mRxBytes=0
09-30 01:57:49.589   919  1366 D DcTrackerBase: updateDataStallInfo: mDataStallTxRxSum[1]=TxRxSum: { txPaketSum= 0 rxPaketSum= 0 txByteSum= 0 rxByteSum= 0 }, preTxRxSum=TxRxSum: { txPaketSum= 0 rxPaketSum= 0 txByteSum= 0 rxByteSum= 0 }
09-30 01:57:49.589   919  1366 D DcTracker: overall state is CONNECTED
09-30 01:57:56.149   919  1366 D DcTrackerBase: DcTrackerBase::handleMessag 41
09-30 01:57:56.149   919  1366 D DcTrackerBase: updateTxRxSum: ifc - rmnet_data0 mTxPkts=19781 mRxPkts=16362 mTxBytes=10494592 mRxBytes=4026114
09-30 01:57:56.149   919  1366 D DefaultPhoneNotifier: DefaultPhoneNotifier: notifyDataActivity: activity(3)
09-30 01:57:56.149   919  1366 D DcTrackerBase: updateTxRxSum: ifc - rmnet_data1 mTxPkts=0 mRxPkts=0 mTxBytes=0 mRxBytes=0
09-30 01:57:57.289   919  1366 D GSMPhone: GSMPhone::handleMessage 999
09-30 01:58:01.259   530   536 I RILC    : RIL_SOCKET_1 UNSOLICITED: UNSOL_SIGNAL_STRENGTH length:60
09-30 01:58:01.259   919  1423 D SignalStrength: TMS-GETLEVEL SignalStrength::makeSignalStrengthFromRilParcel         mGsmSignalStrength = 99, mGsmBitErrorRate = 0,         mCdmaDbm = -1, mCdmaEcio = -1,         mEvdoDbm = -1, mEvdoEcio = -1,         mEvdoSnr = -1, mLteSignalStrength = 31,         mLteRsrp = 59, mLteRsrq = 9,         mLteRssnr = 300, mLteCqi = 2147483647,         mTdScdmaRscp = 2147483647
09-30 01:58:01.259   919  1423 D LGSignalStrength: TMS-GETLEVEL LGSignalStrength::makeSignalStrengthFromRilParcel     GsmDbm = 0, GsmEcio= 0
09-30 01:58:01.259   919  1366 V TelephonyManager: +getNetworkClass()
09-30 01:58:01.259   919  1366 I SignalStrength: [RAT:4G] Signal strength: -59 dBm, rxLevel: 31, rsrp: -59, rsrq: -9, rssnr: 300
09-30 01:58:01.259   919  1366 D SignalStrength: s->mLGSignalStrength->operatorNumeric 45005
09-30 01:58:01.259   919  1366 D TelephonyRegistry: onSignalStrengthsChanged: enter record={binder=0x7f7fbdb8 pid=1277} signalStrength=99 0 -120 -160 -120 -1 -1 31 -59 -9 300 2147483647 gsm|lte
09-30 01:58:01.259  1277  1277 D SignalStrength: SignalStrength::getLevel()
09-30 01:58:01.259  1277  1277 D LGSignalStrength: TMS-GETLEVEL  LGSignalStrength::getLevel() isGsm= 1
09-30 01:58:01.259  1277  1277 I LGSignalStrength: Default Case will be checked Or Other Operator case will be added 45005
09-30 01:58:01.259  1277  1277 D SignalStrength:  SignalStrength::getLevel default case
09-30 01:58:01.259  1277  1277 D SignalStrength: getLTELevel - rsrp:-59 snr:300 rsrpIconLevel:4 snrIconLevel:4
09-30 01:58:01.259  1277  1277 D SignalStrength: getLevel called =4
09-30 01:58:01.259   919  1366 D TelephonyRegistry: onSignalStrengthsChanged: exit record={binder=0x7f7fbdb8 pid=1277} signalStrength=99 0 -120 -160 -120 -1 -1 31 -59 -9 300 2147483647 gsm|lte
09-30 01:58:04.259   530   536 I RILC    : RIL_SOCKET_1 UNSOLICITED: UNSOL_SIGNAL_STRENGTH length:60
09-30 01:58:04.259   919  1423 D SignalStrength: TMS-GETLEVEL SignalStrength::makeSignalStrengthFromRilParcel         mGsmSignalStrength = 99, mGsmBitErrorRate = 0,         mCdmaDbm = -1, mCdmaEcio = -1,         mEvdoDbm = -1, mEvdoEcio = -1,         mEvdoSnr = -1, mLteSignalStrength = 31,         mLteRsrp = 60, mLteRsrq = 10,         mLteRssnr = 276, mLteCqi = 2147483647,         mTdScdmaRscp = 2147483647
09-30 01:58:04.259   919  1423 D LGSignalStrength: TMS-GETLEVEL LGSignalStrength::makeSignalStrengthFromRilParcel     GsmDbm = 0, GsmEcio= 0
09-30 01:58:04.259   919  1366 V TelephonyManager: +getNetworkClass()
09-30 01:58:04.259   919  1366 I SignalStrength: [RAT:4G] Signal strength: -60 dBm, rxLevel: 31, rsrp: -60, rsrq: -10, rssnr: 276
09-30 01:58:04.259   919  1366 D SignalStrength: s->mLGSignalStrength->operatorNumeric 45005
09-30 01:58:04.259   919  1366 D TelephonyRegistry: onSignalStrengthsChanged: enter record={binder=0x7f7fbdb8 pid=1277} signalStrength=99 0 -120 -160 -120 -1 -1 31 -60 -10 276 2147483647 gsm|lte
09-30 01:58:04.259  1277  1373 D SignalStrength: SignalStrength::getLevel()
09-30 01:58:04.259  1277  1373 D LGSignalStrength: TMS-GETLEVEL  LGSignalStrength::getLevel() isGsm= 1
09-30 01:58:04.259  1277  1373 I LGSignalStrength: Default Case will be checked Or Other Operator case will be added 45005
09-30 01:58:04.259  1277  1373 D SignalStrength:  SignalStrength::getLevel default case
09-30 01:58:04.259  1277  1373 D SignalStrength: getLTELevel - rsrp:-60 snr:276 rsrpIconLevel:4 snrIconLevel:4
09-30 01:58:04.259  1277  1373 D SignalStrength: getLevel called =4
09-30 01:58:04.259   919  1366 D TelephonyRegistry: onSignalStrengthsChanged: exit record={binder=0x7f7fbdb8 pid=1277} signalStrength=99 0 -120 -160 -120 -1 -1 31 -60 -10 276 2147483647 gsm|lte
09-30 01:58:07.259   530   536 I RILC    : RIL_SOCKET_1 UNSOLICITED: UNSOL_SIGNAL_STRENGTH length:60
09-30 01:58:07.259   919  1423 D SignalStrength: TMS-GETLEVEL SignalStrength::makeSignalStrengthFromRilParcel         mGsmSignalStrength = 99, mGsmBitErrorRate = 0,         mCdmaDbm = -1, mCdmaEcio = -1,         mEvdoDbm = -1, mEvdoEcio = -1,         mEvdoSnr = -1, mLteSignalStrength = 31,         mLteRsrp = 60, mLteRsrq = 7,         mLteRssnr = 300, mLteCqi = 2147483647,         mTdScdmaRscp = 2147483647
09-30 01:58:07.259   919  1423 D LGSignalStrength: TMS-GETLEVEL LGSignalStrength::makeSignalStrengthFromRilParcel     GsmDbm = 0, GsmEcio= 0
09-30 01:58:07.259   919  1366 V TelephonyManager: +getNetworkClass()
09-30 01:58:07.259   919  1366 I SignalStrength: [RAT:4G] Signal strength: -60 dBm, rxLevel: 31, rsrp: -60, rsrq: -7, rssnr: 300
09-30 01:58:07.259   919  1366 D SignalStrength: s->mLGSignalStrength->operatorNumeric 45005
09-30 01:58:07.259   919  1366 D TelephonyRegistry: onSignalStrengthsChanged: enter record={binder=0x7f7fbdb8 pid=1277} signalStrength=99 0 -120 -160 -120 -1 -1 31 -60 -7 300 2147483647 gsm|lte
09-30 01:58:07.259  1277  1373 D SignalStrength: SignalStrength::getLevel()
09-30 01:58:07.259  1277  1373 D LGSignalStrength: TMS-GETLEVEL  LGSignalStrength::getLevel() isGsm= 1
09-30 01:58:07.259  1277  1373 I LGSignalStrength: Default Case will be checked Or Other Operator case will be added 45005
09-30 01:58:07.259  1277  1373 D SignalStrength:  SignalStrength::getLevel default case
09-30 01:58:07.259  1277  1373 D SignalStrength: getLTELevel - rsrp:-60 snr:300 rsrpIconLevel:4 snrIconLevel:4
09-30 01:58:07.259  1277  1373 D SignalStrength: getLevel called =4
09-30 01:58:07.259   919  1366 D TelephonyRegistry: onSignalStrengthsChanged: exit record={binder=0x7f7fbdb8 pid=1277} signalStrength=99 0 -120 -160 -120 -1 -1 31 -60 -7 300 2147483647 gsm|lte
09-30 01:58:07.289   919  1366 D GSMPhone: GSMPhone::handleMessage 999
09-30 01:58:07.559   919  1399 V DataOutputStream: -getEid()
09-30 01:58:07.559   919  1399 V DataOutputStream: ~getEid()
09-30 01:58:07.559   919  1399 D DataOutputStream: wait:48 - b0804520
09-30 01:58:07.579   919  1366 D DataOutputStream: notify broadcast:48 - b0804520
09-30 01:58:07.579   919  1399 E DataOutputStream: Eid = 
09-30 01:58:07.619   919  1382 D DcTracker: isApnTypeEnabled
09-30 01:58:07.619   919  1382 D DcTracker: isApnTypeActive
09-30 01:58:07.619   919   919 V DataOutputStream: -getImei()
09-30 01:58:07.619   919   919 V DataOutputStream: ~getImei()
09-30 01:58:07.619   919   919 D DataOutputStream: wait:1 - 7f7fcbc0
09-30 01:58:07.629   919  1366 D GSMPhone: getDeviceId: 015267000012896
09-30 01:58:07.629   919  1366 D DataOutputStream: notify broadcast:1 - 7f7fcbc0
09-30 01:58:07.629   919  1409 V DataOutputStream: -getEid()
09-30 01:58:07.629   919  1409 V DataOutputStream: ~getEid()
09-30 01:58:07.629   919  1409 D DataOutputStream: wait:48 - b420ef40
09-30 01:58:07.639   919  1366 D DataOutputStream: notify broadcast:48 - b420ef40
09-30 01:58:07.639   919  1409 E DataOutputStream: Eid = 
09-30 01:58:10.269   530   536 I RILC    : RIL_SOCKET_1 UNSOLICITED: UNSOL_SIGNAL_STRENGTH length:60
09-30 01:58:10.269   919  1423 D SignalStrength: TMS-GETLEVEL SignalStrength::makeSignalStrengthFromRilParcel         mGsmSignalStrength = 99, mGsmBitErrorRate = 0,         mCdmaDbm = -1, mCdmaEcio = -1,         mEvdoDbm = -1, mEvdoEcio = -1,         mEvdoSnr = -1, mLteSignalStrength = 31,         mLteRsrp = 59, mLteRsrq = 7,         mLteRssnr = 274, mLteCqi = 2147483647,         mTdScdmaRscp = 2147483647
09-30 01:58:10.269   919  1423 D LGSignalStrength: TMS-GETLEVEL LGSignalStrength::makeSignalStrengthFromRilParcel     GsmDbm = 0, GsmEcio= 0
09-30 01:58:10.269   919  1366 V TelephonyManager: +getNetworkClass()
09-30 01:58:10.269   919  1366 I SignalStrength: [RAT:4G] Signal strength: -59 dBm, rxLevel: 31, rsrp: -59, rsrq: -7, rssnr: 274
09-30 01:58:10.269   919  1366 D SignalStrength: s->mLGSignalStrength->operatorNumeric 45005
09-30 01:58:10.269   919  1366 D TelephonyRegistry: onSignalStrengthsChanged: enter record={binder=0x7f7fbdb8 pid=1277} signalStrength=99 0 -120 -160 -120 -1 -1 31 -59 -7 274 2147483647 gsm|lte
09-30 01:58:10.269  1277  1373 D SignalStrength: SignalStrength::getLevel()
09-30 01:58:10.269  1277  1373 D LGSignalStrength: TMS-GETLEVEL  LGSignalStrength::getLevel() isGsm= 1
09-30 01:58:10.269  1277  1373 I LGSignalStrength: Default Case will be checked Or Other Operator case will be added 45005
09-30 01:58:10.269  1277  1373 D SignalStrength:  SignalStrength::getLevel default case
09-30 01:58:10.269  1277  1373 D SignalStrength: getLTELevel - rsrp:-59 snr:274 rsrpIconLevel:4 snrIconLevel:4
09-30 01:58:10.269  1277  1373 D SignalStrength: getLevel called =4
09-30 01:58:10.269   919  1366 D TelephonyRegistry: onSignalStrengthsChanged: exit record={binder=0x7f7fbdb8 pid=1277} signalStrength=99 0 -120 -160 -120 -1 -1 31 -59 -7 274 2147483647 gsm|lte
09-30 01:58:16.149   919  1366 D DcTrackerBase: DcTrackerBase::handleMessag 41
09-30 01:58:16.149   919  1366 D DcTrackerBase: updateTxRxSum: ifc - rmnet_data0 mTxPkts=19786 mRxPkts=16365 mTxBytes=10497400 mRxBytes=4027003
09-30 01:58:16.149   919  1366 D DcTrackerBase: updateTxRxSum: ifc - rmnet_data1 mTxPkts=0 mRxPkts=0 mTxBytes=0 mRxBytes=0
09-30 01:58:16.269   530   536 I RILC    : RIL_SOCKET_1 UNSOLICITED: UNSOL_SIGNAL_STRENGTH length:60
09-30 01:58:16.269   919  1423 D SignalStrength: TMS-GETLEVEL SignalStrength::makeSignalStrengthFromRilParcel         mGsmSignalStrength = 99, mGsmBitErrorRate = 0,         mCdmaDbm = -1, mCdmaEcio = -1,         mEvdoDbm = -1, mEvdoEcio = -1,         mEvdoSnr = -1, mLteSignalStrength = 31,         mLteRsrp = 61, mLteRsrq = 9,         mLteRssnr = 238, mLteCqi = 2147483647,         mTdScdmaRscp = 2147483647
09-30 01:58:16.269   919  1423 D LGSignalStrength: TMS-GETLEVEL LGSignalStrength::makeSignalStrengthFromRilParcel     GsmDbm = 0, GsmEcio= 0
09-30 01:58:16.269   919  1366 V TelephonyManager: +getNetworkClass()
09-30 01:58:16.269   919  1366 I SignalStrength: [RAT:4G] Signal strength: -61 dBm, rxLevel: 31, rsrp: -61, rsrq: -9, rssnr: 238
09-30 01:58:16.269   919  1366 D SignalStrength: s->mLGSignalStrength->operatorNumeric 45005
09-30 01:58:16.269   919  1366 D TelephonyRegistry: onSignalStrengthsChanged: enter record={binder=0x7f7fbdb8 pid=1277} signalStrength=99 0 -120 -160 -120 -1 -1 31 -61 -9 238 2147483647 gsm|lte
09-30 01:58:16.269  1277  1277 D SignalStrength: SignalStrength::getLevel()
09-30 01:58:16.269  1277  1277 D LGSignalStrength: TMS-GETLEVEL  LGSignalStrength::getLevel() isGsm= 1
09-30 01:58:16.269  1277  1277 I LGSignalStrength: Default Case will be checked Or Other Operator case will be added 45005
09-30 01:58:16.269  1277  1277 D SignalStrength:  SignalStrength::getLevel default case
09-30 01:58:16.269  1277  1277 D SignalStrength: getLTELevel - rsrp:-61 snr:238 rsrpIconLevel:4 snrIconLevel:4
09-30 01:58:16.269  1277  1277 D SignalStrength: getLevel called =4
09-30 01:58:16.269   919  1366 D TelephonyRegistry: onSignalStrengthsChanged: exit record={binder=0x7f7fbdb8 pid=1277} signalStrength=99 0 -120 -160 -120 -1 -1 31 -61 -9 238 2147483647 gsm|lte
09-30 01:58:17.289   919  1366 D GSMPhone: GSMPhone::handleMessage 999
09-30 01:58:19.269   530   536 I RILC    : RIL_SOCKET_1 UNSOLICITED: UNSOL_SIGNAL_STRENGTH length:60
09-30 01:58:19.269   919  1423 D SignalStrength: TMS-GETLEVEL SignalStrength::makeSignalStrengthFromRilParcel         mGsmSignalStrength = 99, mGsmBitErrorRate = 0,         mCdmaDbm = -1, mCdmaEcio = -1,         mEvdoDbm = -1, mEvdoEcio = -1,         mEvdoSnr = -1, mLteSignalStrength = 31,         mLteRsrp = 62, mLteRsrq = 11,         mLteRssnr = 248, mLteCqi = 2147483647,         mTdScdmaRscp = 2147483647
09-30 01:58:19.269   919  1423 D LGSignalStrength: TMS-GETLEVEL LGSignalStrength::makeSignalStrengthFromRilParcel     GsmDbm = 0, GsmEcio= 0
09-30 01:58:19.269   919  1366 V TelephonyManager: +getNetworkClass()
09-30 01:58:19.269   919  1366 I SignalStrength: [RAT:4G] Signal strength: -62 dBm, rxLevel: 31, rsrp: -62, rsrq: -11, rssnr: 248
09-30 01:58:19.269   919  1366 D SignalStrength: s->mLGSignalStrength->operatorNumeric 45005
09-30 01:58:19.269   919  1366 D TelephonyRegistry: onSignalStrengthsChanged: enter record={binder=0x7f7fbdb8 pid=1277} signalStrength=99 0 -120 -160 -120 -1 -1 31 -62 -11 248 2147483647 gsm|lte
09-30 01:58:19.269  1277  1373 D SignalStrength: SignalStrength::getLevel()
09-30 01:58:19.269  1277  1373 D LGSignalStrength: TMS-GETLEVEL  LGSignalStrength::getLevel() isGsm= 1
09-30 01:58:19.269  1277  1373 I LGSignalStrength: Default Case will be checked Or Other Operator case will be added 45005
09-30 01:58:19.269  1277  1373 D SignalStrength:  SignalStrength::getLevel default case
09-30 01:58:19.269  1277  1373 D SignalStrength: getLTELevel - rsrp:-62 snr:248 rsrpIconLevel:4 snrIconLevel:4
09-30 01:58:19.269  1277  1373 D SignalStrength: getLevel called =4
09-30 01:58:19.269   919  1366 D TelephonyRegistry: onSignalStrengthsChanged: exit record={binder=0x7f7fbdb8 pid=1277} signalStrength=99 0 -120 -160 -120 -1 -1 31 -62 -11 248 2147483647 gsm|lte
09-30 01:58:22.279   530   536 I RILC    : RIL_SOCKET_1 UNSOLICITED: UNSOL_SIGNAL_STRENGTH length:60
09-30 01:58:22.279   919  1423 D SignalStrength: TMS-GETLEVEL SignalStrength::makeSignalStrengthFromRilParcel         mGsmSignalStrength = 99, mGsmBitErrorRate = 0,         mCdmaDbm = -1, mCdmaEcio = -1,         mEvdoDbm = -1, mEvdoEcio = -1,         mEvdoSnr = -1, mLteSignalStrength = 31,         mLteRsrp = 61, mLteRsrq = 11,         mLteRssnr = 224, mLteCqi = 2147483647,         mTdScdmaRscp = 2147483647
09-30 01:58:22.279   919  1423 D LGSignalStrength: TMS-GETLEVEL LGSignalStrength::makeSignalStrengthFromRilParcel     GsmDbm = 0, GsmEcio= 0
09-30 01:58:22.279   919  1366 V TelephonyManager: +getNetworkClass()
09-30 01:58:22.279   919  1366 I SignalStrength: [RAT:4G] Signal strength: -61 dBm, rxLevel: 31, rsrp: -61, rsrq: -11, rssnr: 224
09-30 01:58:22.279   919  1366 D SignalStrength: s->mLGSignalStrength->operatorNumeric 45005
09-30 01:58:22.279   919  1366 D TelephonyRegistry: onSignalStrengthsChanged: enter record={binder=0x7f7fbdb8 pid=1277} signalStrength=99 0 -120 -160 -120 -1 -1 31 -61 -11 224 2147483647 gsm|lte
09-30 01:58:22.279  1277  1277 D SignalStrength: SignalStrength::getLevel()
09-30 01:58:22.279  1277  1277 D LGSignalStrength: TMS-GETLEVEL  LGSignalStrength::getLevel() isGsm= 1
09-30 01:58:22.279  1277  1277 I LGSignalStrength: Default Case will be checked Or Other Operator case will be added 45005
09-30 01:58:22.279  1277  1277 D SignalStrength:  SignalStrength::getLevel default case
09-30 01:58:22.279  1277  1277 D SignalStrength: getLTELevel - rsrp:-61 snr:224 rsrpIconLevel:4 snrIconLevel:4
09-30 01:58:22.279  1277  1277 D SignalStrength: getLevel called =4
09-30 01:58:22.279   919  1366 D TelephonyRegistry: onSignalStrengthsChanged: exit record={binder=0x7f7fbdb8 pid=1277} signalStrength=99 0 -120 -160 -120 -1 -1 31 -61 -11 224 2147483647 gsm|lte
09-30 01:58:25.269   530   536 I RILC    : RIL_SOCKET_1 UNSOLICITED: UNSOL_SIGNAL_STRENGTH length:60
09-30 01:58:25.269   919  1423 D SignalStrength: TMS-GETLEVEL SignalStrength::makeSignalStrengthFromRilParcel         mGsmSignalStrength = 99, mGsmBitErrorRate = 0,         mCdmaDbm = -1, mCdmaEcio = -1,         mEvdoDbm = -1, mEvdoEcio = -1,         mEvdoSnr = -1, mLteSignalStrength = 31,         mLteRsrp = 60, mLteRsrq = 11,         mLteRssnr = 262, mLteCqi = 2147483647,         mTdScdmaRscp = 2147483647
09-30 01:58:25.269   919  1423 D LGSignalStrength: TMS-GETLEVEL LGSignalStrength::makeSignalStrengthFromRilParcel     GsmDbm = 0, GsmEcio= 0
09-30 01:58:25.269   919  1366 V TelephonyManager: +getNetworkClass()
09-30 01:58:25.269   919  1366 I SignalStrength: [RAT:4G] Signal strength: -60 dBm, rxLevel: 31, rsrp: -60, rsrq: -11, rssnr: 262
09-30 01:58:25.269   919  1366 D SignalStrength: s->mLGSignalStrength->operatorNumeric 45005
09-30 01:58:25.269   919  1366 D TelephonyRegistry: onSignalStrengthsChanged: enter record={binder=0x7f7fbdb8 pid=1277} signalStrength=99 0 -120 -160 -120 -1 -1 31 -60 -11 262 2147483647 gsm|lte
09-30 01:58:25.269  1277  1373 D SignalStrength: SignalStrength::getLevel()
09-30 01:58:25.269  1277  1373 D LGSignalStrength: TMS-GETLEVEL  LGSignalStrength::getLevel() isGsm= 1
09-30 01:58:25.269  1277  1373 I LGSignalStrength: Default Case will be checked Or Other Operator case will be added 45005
09-30 01:58:25.269  1277  1373 D SignalStrength:  SignalStrength::getLevel default case
09-30 01:58:25.269  1277  1373 D SignalStrength: getLTELevel - rsrp:-60 snr:262 rsrpIconLevel:4 snrIconLevel:4
09-30 01:58:25.269  1277  1373 D SignalStrength: getLevel called =4
09-30 01:58:25.269   919  1366 D TelephonyRegistry: onSignalStrengthsChanged: exit record={binder=0x7f7fbdb8 pid=1277} signalStrength=99 0 -120 -160 -120 -1 -1 31 -60 -11 262 2147483647 gsm|lte
09-30 01:58:27.289   919  1366 D GSMPhone: GSMPhone::handleMessage 999
09-30 01:58:31.269   530   536 I RILC    : RIL_SOCKET_1 UNSOLICITED: UNSOL_SIGNAL_STRENGTH length:60
09-30 01:58:31.269   919  1423 D SignalStrength: TMS-GETLEVEL SignalStrength::makeSignalStrengthFromRilParcel         mGsmSignalStrength = 99, mGsmBitErrorRate = 0,         mCdmaDbm = -1, mCdmaEcio = -1,         mEvdoDbm = -1, mEvdoEcio = -1,         mEvdoSnr = -1, mLteSignalStrength = 31,         mLteRsrp = 61, mLteRsrq = 10,         mLteRssnr = 270, mLteCqi = 2147483647,         mTdScdmaRscp = 2147483647
09-30 01:58:31.269   919  1423 D LGSignalStrength: TMS-GETLEVEL LGSignalStrength::makeSignalStrengthFromRilParcel     GsmDbm = 0, GsmEcio= 0
09-30 01:58:31.269   919  1366 V TelephonyManager: +getNetworkClass()
09-30 01:58:31.269   919  1366 I SignalStrength: [RAT:4G] Signal strength: -61 dBm, rxLevel: 31, rsrp: -61, rsrq: -10, rssnr: 270
09-30 01:58:31.269   919  1366 D SignalStrength: s->mLGSignalStrength->operatorNumeric 45005
09-30 01:58:31.269   919  1366 D TelephonyRegistry: onSignalStrengthsChanged: enter record={binder=0x7f7fbdb8 pid=1277} signalStrength=99 0 -120 -160 -120 -1 -1 31 -61 -10 270 2147483647 gsm|lte
09-30 01:58:31.269  1277  1277 D SignalStrength: SignalStrength::getLevel()
09-30 01:58:31.269  1277  1277 D LGSignalStrength: TMS-GETLEVEL  LGSignalStrength::getLevel() isGsm= 1
09-30 01:58:31.269  1277  1277 I LGSignalStrength: Default Case will be checked Or Other Operator case will be added 45005
09-30 01:58:31.269  1277  1277 D SignalStrength:  SignalStrength::getLevel default case
09-30 01:58:31.269  1277  1277 D SignalStrength: getLTELevel - rsrp:-61 snr:270 rsrpIconLevel:4 snrIconLevel:4
09-30 01:58:31.269  1277  1277 D SignalStrength: getLevel called =4
09-30 01:58:31.269   919  1366 D TelephonyRegistry: onSignalStrengthsChanged: exit record={binder=0x7f7fbdb8 pid=1277} signalStrength=99 0 -120 -160 -120 -1 -1 31 -61 -10 270 2147483647 gsm|lte
09-30 01:58:36.149   919  1366 D DcTrackerBase: DcTrackerBase::handleMessag 41
09-30 01:58:36.149   919  1366 D DcTrackerBase: updateTxRxSum: ifc - rmnet_data0 mTxPkts=19786 mRxPkts=16365 mTxBytes=10497400 mRxBytes=4027003
09-30 01:58:36.149   919  1366 D DefaultPhoneNotifier: DefaultPhoneNotifier: notifyDataActivity: activity(0)
