09-30 01:50:16.099   919  1366 D DcTrackerBase: updateTxRxSum: ifc - rmnet_data1 mTxPkts=0 mRxPkts=0 mTxBytes=0 mRxBytes=0
09-30 01:50:16.149   530   536 I RILC    : RIL_SOCKET_1 UNSOLICITED: UNSOL_SIGNAL_STRENGTH length:60
09-30 01:50:16.149   919  1423 D SignalStrength: TMS-GETLEVEL SignalStrength::makeSignalStrengthFromRilParcel         mGsmSignalStrength = 99, mGsmBitErrorRate = 0,         mCdmaDbm = -1, mCdmaEcio = -1,         mEvdoDbm = -1, mEvdoEcio = -1,         mEvdoSnr = -1, mLteSignalStrength = 31,         mLteRsrp = 59, mLteRsrq = 8,         mLteRssnr = 300, mLteCqi = 2147483647,         mTdScdmaRscp = 2147483647
09-30 01:50:16.149   919  1423 D LGSignalStrength: TMS-GETLEVEL LGSignalStrength::makeSignalStrengthFromRilParcel     GsmDbm = 0, GsmEcio= 0
09-30 01:50:16.149   919  1366 V TelephonyManager: +getNetworkClass()
09-30 01:50:16.149   919  1366 I SignalStrength: [RAT:4G] Signal strength: -59 dBm, rxLevel: 31, rsrp: -59, rsrq: -8, rssnr: 300
09-30 01:50:16.149   919  1366 D SignalStrength: s->mLGSignalStrength->operatorNumeric 45005
09-30 01:50:16.149   919  1366 D TelephonyRegistry: onSignalStrengthsChanged: enter record={binder=0x7f7fbdb8 pid=1277} signalStrength=99 0 -120 -160 -120 -1 -1 31 -59 -8 300 2147483647 gsm|lte
09-30 01:50:16.149  1277  1373 D SignalStrength: SignalStrength::getLevel()
09-30 01:50:16.149  1277  1373 D LGSignalStrength: TMS-GETLEVEL  LGSignalStrength::getLevel() isGsm= 1
09-30 01:50:16.149  1277  1373 I LGSignalStrength: Default Case will be checked Or Other Operator case will be added 45005
09-30 01:50:16.149  1277  1373 D SignalStrength:  SignalStrength::getLevel default case
09-30 01:50:16.149  1277  1373 D SignalStrength: getLTELevel - rsrp:-59 snr:300 rsrpIconLevel:4 snrIconLevel:4
09-30 01:50:16.149  1277  1373 D SignalStrength: getLevel called =4
09-30 01:50:16.149   919  1366 D TelephonyRegistry: onSignalStrengthsChanged: exit record={binder=0x7f7fbdb8 pid=1277} signalStrength=99 0 -120 -160 -120 -1 -1 31 -59 -8 300 2147483647 gsm|lte
09-30 01:50:17.289   919  1366 D GSMPhone: GSMPhone::handleMessage 999
09-30 01:50:19.149   530   536 I RILC    : RIL_SOCKET_1 UNSOLICITED: UNSOL_SIGNAL_STRENGTH length:60
09-30 01:50:19.149   919  1423 D SignalStrength: TMS-GETLEVEL SignalStrength::makeSignalStrengthFromRilParcel         mGsmSignalStrength = 99, mGsmBitErrorRate = 0,         mCdmaDbm = -1, mCdmaEcio = -1,         mEvdoDbm = -1, mEvdoEcio = -1,         mEvdoSnr = -1, mLteSignalStrength = 31,         mLteRsrp = 59, mLteRsrq = 10,         mLteRssnr = 280, mLteCqi = 2147483647,         mTdScdmaRscp = 2147483647
09-30 01:50:19.149   919  1423 D LGSignalStrength: TMS-GETLEVEL LGSignalStrength::makeSignalStrengthFromRilParcel     GsmDbm = 0, GsmEcio= 0
09-30 01:50:19.149   919  1366 V TelephonyManager: +getNetworkClass()
09-30 01:50:19.149   919  1366 I SignalStrength: [RAT:4G] Signal strength: -59 dBm, rxLevel: 31, rsrp: -59, rsrq: -10, rssnr: 280
09-30 01:50:19.149   919  1366 D SignalStrength: s->mLGSignalStrength->operatorNumeric 45005
09-30 01:50:19.149   919  1366 D TelephonyRegistry: onSignalStrengthsChanged: enter record={binder=0x7f7fbdb8 pid=1277} signalStrength=99 0 -120 -160 -120 -1 -1 31 -59 -10 280 2147483647 gsm|lte
09-30 01:50:19.149  1277  1277 D SignalStrength: SignalStrength::getLevel()
09-30 01:50:19.149  1277  1277 D LGSignalStrength: TMS-GETLEVEL  LGSignalStrength::getLevel() isGsm= 1
09-30 01:50:19.149  1277  1277 I LGSignalStrength: Default Case will be checked Or Other Operator case will be added 45005
09-30 01:50:19.149  1277  1277 D SignalStrength:  SignalStrength::getLevel default case
09-30 01:50:19.149  1277  1277 D SignalStrength: getLTELevel - rsrp:-59 snr:280 rsrpIconLevel:4 snrIconLevel:4
09-30 01:50:19.149  1277  1277 D SignalStrength: getLevel called =4
09-30 01:50:19.149   919  1366 D TelephonyRegistry: onSignalStrengthsChanged: exit record={binder=0x7f7fbdb8 pid=1277} signalStrength=99 0 -120 -160 -120 -1 -1 31 -59 -10 280 2147483647 gsm|lte
09-30 01:50:22.149   530   536 I RILC    : RIL_SOCKET_1 UNSOLICITED: UNSOL_SIGNAL_STRENGTH length:60
09-30 01:50:22.149   919  1423 D SignalStrength: TMS-GETLEVEL SignalStrength::makeSignalStrengthFromRilParcel         mGsmSignalStrength = 99, mGsmBitErrorRate = 0,         mCdmaDbm = -1, mCdmaEcio = -1,         mEvdoDbm = -1, mEvdoEcio = -1,         mEvdoSnr = -1, mLteSignalStrength = 31,         mLteRsrp = 61, mLteRsrq = 7,         mLteRssnr = 300, mLteCqi = 2147483647,         mTdScdmaRscp = 2147483647
09-30 01:50:22.149   919  1423 D LGSignalStrength: TMS-GETLEVEL LGSignalStrength::makeSignalStrengthFromRilParcel     GsmDbm = 0, GsmEcio= 0
09-30 01:50:22.149   919  1366 V TelephonyManager: +getNetworkClass()
09-30 01:50:22.149   919  1366 I SignalStrength: [RAT:4G] Signal strength: -61 dBm, rxLevel: 31, rsrp: -61, rsrq: -7, rssnr: 300
09-30 01:50:22.149   919  1366 D SignalStrength: s->mLGSignalStrength->operatorNumeric 45005
09-30 01:50:22.149   919  1366 D TelephonyRegistry: onSignalStrengthsChanged: enter record={binder=0x7f7fbdb8 pid=1277} signalStrength=99 0 -120 -160 -120 -1 -1 31 -61 -7 300 2147483647 gsm|lte
09-30 01:50:22.149  1277  1277 D SignalStrength: SignalStrength::getLevel()
09-30 01:50:22.149  1277  1277 D LGSignalStrength: TMS-GETLEVEL  LGSignalStrength::getLevel() isGsm= 1
09-30 01:50:22.149  1277  1277 I LGSignalStrength: Default Case will be checked Or Other Operator case will be added 45005
09-30 01:50:22.149  1277  1277 D SignalStrength:  SignalStrength::getLevel default case
09-30 01:50:22.149  1277  1277 D SignalStrength: getLTELevel - rsrp:-61 snr:300 rsrpIconLevel:4 snrIconLevel:4
09-30 01:50:22.149  1277  1277 D SignalStrength: getLevel called =4
09-30 01:50:22.149   919  1366 D TelephonyRegistry: onSignalStrengthsChanged: exit record={binder=0x7f7fbdb8 pid=1277} signalStrength=99 0 -120 -160 -120 -1 -1 31 -61 -7 300 2147483647 gsm|lte
09-30 01:50:22.559   919  1416 V DataOutputStream: -getEid()
09-30 01:50:22.559   919  1416 V DataOutputStream: ~getEid()
09-30 01:50:22.559   919  1416 D DataOutputStream: wait:48 - b420ef40
09-30 01:50:22.569   919  1366 D DataOutputStream: notify broadcast:48 - b420ef40
09-30 01:50:22.569   919  1416 E DataOutputStream: Eid = 
09-30 01:50:22.619   919  1382 D DcTracker: isApnTypeEnabled
09-30 01:50:22.619   919  1382 D DcTracker: isApnTypeActive
09-30 01:50:22.619   919  1408 V DataOutputStream: -getImei()
09-30 01:50:22.619   919  1408 V DataOutputStream: ~getImei()
09-30 01:50:22.619   919  1408 D DataOutputStream: wait:1 - b0804520
09-30 01:50:22.629   919  1366 D GSMPhone: getDeviceId: 015267000012896
09-30 01:50:22.629   919  1366 D DataOutputStream: notify broadcast:1 - b0804520
09-30 01:50:22.629   919  1415 V DataOutputStream: -getEid()
09-30 01:50:22.629   919  1415 V DataOutputStream: ~getEid()
09-30 01:50:22.629   919  1415 D DataOutputStream: wait:48 - b0804520
09-30 01:50:22.639   919  1366 D DataOutputStream: notify broadcast:48 - b0804520
09-30 01:50:22.639   919  1415 E DataOutputStream: Eid = 
09-30 01:50:25.149   530   536 I RILC    : RIL_SOCKET_1 UNSOLICITED: UNSOL_SIGNAL_STRENGTH length:60
09-30 01:50:25.149   919  1423 D SignalStrength: TMS-GETLEVEL SignalStrength::makeSignalStrengthFromRilParcel         mGsmSignalStrength = 99, mGsmBitErrorRate = 0,         mCdmaDbm = -1, mCdmaEcio = -1,         mEvdoDbm = -1, mEvdoEcio = -1,         mEvdoSnr = -1, mLteSignalStrength = 31,         mLteRsrp = 60, mLteRsrq = 10,         mLteRssnr = 228, mLteCqi = 2147483647,         mTdScdmaRscp = 2147483647
09-30 01:50:25.149   919  1423 D LGSignalStrength: TMS-GETLEVEL LGSignalStrength::makeSignalStrengthFromRilParcel     GsmDbm = 0, GsmEcio= 0
09-30 01:50:25.149   919  1366 V TelephonyManager: +getNetworkClass()
09-30 01:50:25.149   919  1366 I SignalStrength: [RAT:4G] Signal strength: -60 dBm, rxLevel: 31, rsrp: -60, rsrq: -10, rssnr: 228
09-30 01:50:25.149   919  1366 D SignalStrength: s->mLGSignalStrength->operatorNumeric 45005
09-30 01:50:25.149   919  1366 D TelephonyRegistry: onSignalStrengthsChanged: enter record={binder=0x7f7fbdb8 pid=1277} signalStrength=99 0 -120 -160 -120 -1 -1 31 -60 -10 228 2147483647 gsm|lte
09-30 01:50:25.149  1277  1277 D SignalStrength: SignalStrength::getLevel()
09-30 01:50:25.149  1277  1277 D LGSignalStrength: TMS-GETLEVEL  LGSignalStrength::getLevel() isGsm= 1
09-30 01:50:25.149  1277  1277 I LGSignalStrength: Default Case will be checked Or Other Operator case will be added 45005
09-30 01:50:25.149  1277  1277 D SignalStrength:  SignalStrength::getLevel default case
09-30 01:50:25.149  1277  1277 D SignalStrength: getLTELevel - rsrp:-60 snr:228 rsrpIconLevel:4 snrIconLevel:4
09-30 01:50:25.149  1277  1277 D SignalStrength: getLevel called =4
09-30 01:50:25.159   919  1366 D TelephonyRegistry: onSignalStrengthsChanged: exit record={binder=0x7f7fbdb8 pid=1277} signalStrength=99 0 -120 -160 -120 -1 -1 31 -60 -10 228 2147483647 gsm|lte
09-30 01:50:27.289   919  1366 D GSMPhone: GSMPhone::handleMessage 999
09-30 01:50:28.149   530   536 I RILC    : RIL_SOCKET_1 UNSOLICITED: UNSOL_SIGNAL_STRENGTH length:60
09-30 01:50:28.149   919  1423 D SignalStrength: TMS-GETLEVEL SignalStrength::makeSignalStrengthFromRilParcel         mGsmSignalStrength = 99, mGsmBitErrorRate = 0,         mCdmaDbm = -1, mCdmaEcio = -1,         mEvdoDbm = -1, mEvdoEcio = -1,         mEvdoSnr = -1, mLteSignalStrength = 31,         mLteRsrp = 58, mLteRsrq = 9,         mLteRssnr = 266, mLteCqi = 2147483647,         mTdScdmaRscp = 2147483647
09-30 01:50:28.149   919  1423 D LGSignalStrength: TMS-GETLEVEL LGSignalStrength::makeSignalStrengthFromRilParcel     GsmDbm = 0, GsmEcio= 0
09-30 01:50:28.149   919  1366 V TelephonyManager: +getNetworkClass()
09-30 01:50:28.149   919  1366 I SignalStrength: [RAT:4G] Signal strength: -58 dBm, rxLevel: 31, rsrp: -58, rsrq: -9, rssnr: 266
09-30 01:50:28.149   919  1366 D SignalStrength: s->mLGSignalStrength->operatorNumeric 45005
09-30 01:50:28.149   919  1366 D TelephonyRegistry: onSignalStrengthsChanged: enter record={binder=0x7f7fbdb8 pid=1277} signalStrength=99 0 -120 -160 -120 -1 -1 31 -58 -9 266 2147483647 gsm|lte
09-30 01:50:28.149  1277  1373 D SignalStrength: SignalStrength::getLevel()
09-30 01:50:28.149  1277  1373 D LGSignalStrength: TMS-GETLEVEL  LGSignalStrength::getLevel() isGsm= 1
09-30 01:50:28.149  1277  1373 I LGSignalStrength: Default Case will be checked Or Other Operator case will be added 45005
09-30 01:50:28.149  1277  1373 D SignalStrength:  SignalStrength::getLevel default case
09-30 01:50:28.149  1277  1373 D SignalStrength: getLTELevel - rsrp:-58 snr:266 rsrpIconLevel:4 snrIconLevel:4
09-30 01:50:28.149  1277  1373 D SignalStrength: getLevel called =4
09-30 01:50:28.149   919  1366 D TelephonyRegistry: onSignalStrengthsChanged: exit record={binder=0x7f7fbdb8 pid=1277} signalStrength=99 0 -120 -160 -120 -1 -1 31 -58 -9 266 2147483647 gsm|lte
09-30 01:50:31.149   530   536 I RILC    : RIL_SOCKET_1 UNSOLICITED: UNSOL_SIGNAL_STRENGTH length:60
09-30 01:50:31.149   919  1423 D SignalStrength: TMS-GETLEVEL SignalStrength::makeSignalStrengthFromRilParcel         mGsmSignalStrength = 99, mGsmBitErrorRate = 0,         mCdmaDbm = -1, mCdmaEcio = -1,         mEvdoDbm = -1, mEvdoEcio = -1,         mEvdoSnr = -1, mLteSignalStrength = 31,         mLteRsrp = 60, mLteRsrq = 7,         mLteRssnr = 280, mLteCqi = 2147483647,         mTdScdmaRscp = 2147483647
09-30 01:50:31.149   919  1423 D LGSignalStrength: TMS-GETLEVEL LGSignalStrength::makeSignalStrengthFromRilParcel     GsmDbm = 0, GsmEcio= 0
09-30 01:50:31.149   919  1366 V TelephonyManager: +getNetworkClass()
09-30 01:50:31.149   919  1366 I SignalStrength: [RAT:4G] Signal strength: -60 dBm, rxLevel: 31, rsrp: -60, rsrq: -7, rssnr: 280
09-30 01:50:31.149   919  1366 D SignalStrength: s->mLGSignalStrength->operatorNumeric 45005
09-30 01:50:31.149   919  1366 D TelephonyRegistry: onSignalStrengthsChanged: enter record={binder=0x7f7fbdb8 pid=1277} signalStrength=99 0 -120 -160 -120 -1 -1 31 -60 -7 280 2147483647 gsm|lte
09-30 01:50:31.149  1277  1277 D SignalStrength: SignalStrength::getLevel()
09-30 01:50:31.149  1277  1277 D LGSignalStrength: TMS-GETLEVEL  LGSignalStrength::getLevel() isGsm= 1
09-30 01:50:31.149  1277  1277 I LGSignalStrength: Default Case will be checked Or Other Operator case will be added 45005
09-30 01:50:31.149  1277  1277 D SignalStrength:  SignalStrength::getLevel default case
09-30 01:50:31.149  1277  1277 D SignalStrength: getLTELevel - rsrp:-60 snr:280 rsrpIconLevel:4 snrIconLevel:4
09-30 01:50:31.149  1277  1277 D SignalStrength: getLevel called =4
09-30 01:50:31.149   919  1366 D TelephonyRegistry: onSignalStrengthsChanged: exit record={binder=0x7f7fbdb8 pid=1277} signalStrength=99 0 -120 -160 -120 -1 -1 31 -60 -7 280 2147483647 gsm|lte
09-30 01:50:34.149   530   536 I RILC    : RIL_SOCKET_1 UNSOLICITED: UNSOL_SIGNAL_STRENGTH length:60
09-30 01:50:34.149   919  1423 D SignalStrength: TMS-GETLEVEL SignalStrength::makeSignalStrengthFromRilParcel         mGsmSignalStrength = 99, mGsmBitErrorRate = 0,         mCdmaDbm = -1, mCdmaEcio = -1,         mEvdoDbm = -1, mEvdoEcio = -1,         mEvdoSnr = -1, mLteSignalStrength = 31,         mLteRsrp = 61, mLteRsrq = 10,         mLteRssnr = 226, mLteCqi = 2147483647,         mTdScdmaRscp = 2147483647
09-30 01:50:34.149   919  1423 D LGSignalStrength: TMS-GETLEVEL LGSignalStrength::makeSignalStrengthFromRilParcel     GsmDbm = 0, GsmEcio= 0
09-30 01:50:34.149   919  1366 V TelephonyManager: +getNetworkClass()
09-30 01:50:34.149   919  1366 I SignalStrength: [RAT:4G] Signal strength: -61 dBm, rxLevel: 31, rsrp: -61, rsrq: -10, rssnr: 226
09-30 01:50:34.149   919  1366 D SignalStrength: s->mLGSignalStrength->operatorNumeric 45005
09-30 01:50:34.149   919  1366 D TelephonyRegistry: onSignalStrengthsChanged: enter record={binder=0x7f7fbdb8 pid=1277} signalStrength=99 0 -120 -160 -120 -1 -1 31 -61 -10 226 2147483647 gsm|lte
09-30 01:50:34.149  1277  1373 D SignalStrength: SignalStrength::getLevel()
09-30 01:50:34.149  1277  1373 D LGSignalStrength: TMS-GETLEVEL  LGSignalStrength::getLevel() isGsm= 1
09-30 01:50:34.149  1277  1373 I LGSignalStrength: Default Case will be checked Or Other Operator case will be added 45005
09-30 01:50:34.149  1277  1373 D SignalStrength:  SignalStrength::getLevel default case
09-30 01:50:34.149  1277  1373 D SignalStrength: getLTELevel - rsrp:-61 snr:226 rsrpIconLevel:4 snrIconLevel:4
09-30 01:50:34.149  1277  1373 D SignalStrength: getLevel called =4
09-30 01:50:34.149   919  1366 D TelephonyRegistry: onSignalStrengthsChanged: exit record={binder=0x7f7fbdb8 pid=1277} signalStrength=99 0 -120 -160 -120 -1 -1 31 -61 -10 226 2147483647 gsm|lte
09-30 01:50:36.099   919  1366 D DcTrackerBase: DcTrackerBase::handleMessag 41
09-30 01:50:36.099   919  1366 D DcTrackerBase: updateTxRxSum: ifc - rmnet_data0 mTxPkts=19711 mRxPkts=16320 mTxBytes=10455280 mRxBytes=4013668
09-30 01:50:36.099   919  1366 D DefaultPhoneNotifier: DefaultPhoneNotifier: notifyDataActivity: activity(3)
09-30 01:50:36.099   919  1366 D DcTrackerBase: updateTxRxSum: ifc - rmnet_data1 mTxPkts=0 mRxPkts=0 mTxBytes=0 mRxBytes=0
09-30 01:50:37.159   530   536 I RILC    : RIL_SOCKET_1 UNSOLICITED: UNSOL_SIGNAL_STRENGTH length:60
09-30 01:50:37.159   919  1423 D SignalStrength: TMS-GETLEVEL SignalStrength::makeSignalStrengthFromRilParcel         mGsmSignalStrength = 99, mGsmBitErrorRate = 0,         mCdmaDbm = -1, mCdmaEcio = -1,         mEvdoDbm = -1, mEvdoEcio = -1,         mEvdoSnr = -1, mLteSignalStrength = 31,         mLteRsrp = 61, mLteRsrq = 6,         mLteRssnr = 298, mLteCqi = 2147483647,         mTdScdmaRscp = 2147483647
09-30 01:50:37.159   919  1423 D LGSignalStrength: TMS-GETLEVEL LGSignalStrength::makeSignalStrengthFromRilParcel     GsmDbm = 0, GsmEcio= 0
09-30 01:50:37.159   919  1366 V TelephonyManager: +getNetworkClass()
09-30 01:50:37.159   919  1366 I SignalStrength: [RAT:4G] Signal strength: -61 dBm, rxLevel: 31, rsrp: -61, rsrq: -6, rssnr: 298
09-30 01:50:37.159   919  1366 D SignalStrength: s->mLGSignalStrength->operatorNumeric 45005
09-30 01:50:37.159   919  1366 D TelephonyRegistry: onSignalStrengthsChanged: enter record={binder=0x7f7fbdb8 pid=1277} signalStrength=99 0 -120 -160 -120 -1 -1 31 -61 -6 298 2147483647 gsm|lte
09-30 01:50:37.159  1277  1277 D SignalStrength: SignalStrength::getLevel()
09-30 01:50:37.159  1277  1277 D LGSignalStrength: TMS-GETLEVEL  LGSignalStrength::getLevel() isGsm= 1
09-30 01:50:37.159  1277  1277 I LGSignalStrength: Default Case will be checked Or Other Operator case will be added 45005
09-30 01:50:37.159  1277  1277 D SignalStrength:  SignalStrength::getLevel default case
09-30 01:50:37.159  1277  1277 D SignalStrength: getLTELevel - rsrp:-61 snr:298 rsrpIconLevel:4 snrIconLevel:4
09-30 01:50:37.159  1277  1277 D SignalStrength: getLevel called =4
09-30 01:50:37.159   919  1366 D TelephonyRegistry: onSignalStrengthsChanged: exit record={binder=0x7f7fbdb8 pid=1277} signalStrength=99 0 -120 -160 -120 -1 -1 31 -61 -6 298 2147483647 gsm|lte
09-30 01:50:37.289   919  1366 D GSMPhone: GSMPhone::handleMessage 999
09-30 01:50:40.149   530   536 I RILC    : RIL_SOCKET_1 UNSOLICITED: UNSOL_SIGNAL_STRENGTH length:60
09-30 01:50:40.149   919  1423 D SignalStrength: TMS-GETLEVEL SignalStrength::makeSignalStrengthFromRilParcel         mGsmSignalStrength = 99, mGsmBitErrorRate = 0,         mCdmaDbm = -1, mCdmaEcio = -1,         mEvdoDbm = -1, mEvdoEcio = -1,         mEvdoSnr = -1, mLteSignalStrength = 31,         mLteRsrp = 57, mLteRsrq = 8,         mLteRssnr = 300, mLteCqi = 2147483647,         mTdScdmaRscp = 2147483647
09-30 01:50:40.149   919  1423 D LGSignalStrength: TMS-GETLEVEL LGSignalStrength::makeSignalStrengthFromRilParcel     GsmDbm = 0, GsmEcio= 0
09-30 01:50:40.149   919  1366 V TelephonyManager: +getNetworkClass()
09-30 01:50:40.149   919  1366 I SignalStrength: [RAT:4G] Signal strength: -57 dBm, rxLevel: 31, rsrp: -57, rsrq: -8, rssnr: 300
09-30 01:50:40.149   919  1366 D SignalStrength: s->mLGSignalStrength->operatorNumeric 45005
09-30 01:50:40.149   919  1366 D TelephonyRegistry: onSignalStrengthsChanged: enter record={binder=0x7f7fbdb8 pid=1277} signalStrength=99 0 -120 -160 -120 -1 -1 31 -57 -8 300 2147483647 gsm|lte
09-30 01:50:40.149  1277  1373 D SignalStrength: SignalStrength::getLevel()
09-30 01:50:40.149  1277  1373 D LGSignalStrength: TMS-GETLEVEL  LGSignalStrength::getLevel() isGsm= 1
09-30 01:50:40.149  1277  1373 I LGSignalStrength: Default Case will be checked Or Other Operator case will be added 45005
09-30 01:50:40.149  1277  1373 D SignalStrength:  SignalStrength::getLevel default case
09-30 01:50:40.149  1277  1373 D SignalStrength: getLTELevel - rsrp:-57 snr:300 rsrpIconLevel:4 snrIconLevel:4
09-30 01:50:40.149  1277  1373 D SignalStrength: getLevel called =4
09-30 01:50:40.159   919  1366 D TelephonyRegistry: onSignalStrengthsChanged: exit record={binder=0x7f7fbdb8 pid=1277} signalStrength=99 0 -120 -160 -120 -1 -1 31 -57 -8 300 2147483647 gsm|lte
09-30 01:50:46.149   530   536 I RILC    : RIL_SOCKET_1 UNSOLICITED: UNSOL_SIGNAL_STRENGTH length:60
09-30 01:50:46.149   919  1423 D SignalStrength: TMS-GETLEVEL SignalStrength::makeSignalStrengthFromRilParcel         mGsmSignalStrength = 99, mGsmBitErrorRate = 0,         mCdmaDbm = -1, mCdmaEcio = -1,         mEvdoDbm = -1, mEvdoEcio = -1,         mEvdoSnr = -1, mLteSignalStrength = 31,         mLteRsrp = 60, mLteRsrq = 10,         mLteRssnr = 282, mLteCqi = 2147483647,         mTdScdmaRscp = 2147483647
09-30 01:50:46.149   919  1423 D LGSignalStrength: TMS-GETLEVEL LGSignalStrength::makeSignalStrengthFromRilParcel     GsmDbm = 0, GsmEcio= 0
09-30 01:50:46.149   919  1366 V TelephonyManager: +getNetworkClass()
09-30 01:50:46.149   919  1366 I SignalStrength: [RAT:4G] Signal strength: -60 dBm, rxLevel: 31, rsrp: -60, rsrq: -10, rssnr: 282
09-30 01:50:46.149   919  1366 D SignalStrength: s->mLGSignalStrength->operatorNumeric 45005
09-30 01:50:46.149   919  1366 D TelephonyRegistry: onSignalStrengthsChanged: enter record={binder=0x7f7fbdb8 pid=1277} signalStrength=99 0 -120 -160 -120 -1 -1 31 -60 -10 282 2147483647 gsm|lte
09-30 01:50:46.149  1277  1277 D SignalStrength: SignalStrength::getLevel()
09-30 01:50:46.159  1277  1277 D LGSignalStrength: TMS-GETLEVEL  LGSignalStrength::getLevel() isGsm= 1
09-30 01:50:46.159  1277  1277 I LGSignalStrength: Default Case will be checked Or Other Operator case will be added 45005
09-30 01:50:46.159  1277  1277 D SignalStrength:  SignalStrength::getLevel default case
09-30 01:50:46.159  1277  1277 D SignalStrength: getLTELevel - rsrp:-60 snr:282 rsrpIconLevel:4 snrIconLevel:4
09-30 01:50:46.159  1277  1277 D SignalStrength: getLevel called =4
09-30 01:50:46.159   919  1366 D TelephonyRegistry: onSignalStrengthsChanged: exit record={binder=0x7f7fbdb8 pid=1277} signalStrength=99 0 -120 -160 -120 -1 -1 31 -60 -10 282 2147483647 gsm|lte
09-30 01:50:47.289   919  1366 D GSMPhone: GSMPhone::handleMessage 999
09-30 01:50:52.149   530   536 I RILC    : RIL_SOCKET_1 UNSOLICITED: UNSOL_SIGNAL_STRENGTH length:60
09-30 01:50:52.149   919  1423 D SignalStrength: TMS-GETLEVEL SignalStrength::makeSignalStrengthFromRilParcel         mGsmSignalStrength = 99, mGsmBitErrorRate = 0,         mCdmaDbm = -1, mCdmaEcio = -1,         mEvdoDbm = -1, mEvdoEcio = -1,         mEvdoSnr = -1, mLteSignalStrength = 31,         mLteRsrp = 59, mLteRsrq = 10,         mLteRssnr = 266, mLteCqi = 2147483647,         mTdScdmaRscp = 2147483647
09-30 01:50:52.149   919  1423 D LGSignalStrength: TMS-GETLEVEL LGSignalStrength::makeSignalStrengthFromRilParcel     GsmDbm = 0, GsmEcio= 0
09-30 01:50:52.159   919  1366 V TelephonyManager: +getNetworkClass()
09-30 01:50:52.159   919  1366 I SignalStrength: [RAT:4G] Signal strength: -59 dBm, rxLevel: 31, rsrp: -59, rsrq: -10, rssnr: 266
09-30 01:50:52.159   919  1366 D SignalStrength: s->mLGSignalStrength->operatorNumeric 45005
09-30 01:50:52.159   919  1366 D TelephonyRegistry: onSignalStrengthsChanged: enter record={binder=0x7f7fbdb8 pid=1277} signalStrength=99 0 -120 -160 -120 -1 -1 31 -59 -10 266 2147483647 gsm|lte
09-30 01:50:52.159  1277  1373 D SignalStrength: SignalStrength::getLevel()
09-30 01:50:52.159  1277  1373 D LGSignalStrength: TMS-GETLEVEL  LGSignalStrength::getLevel() isGsm= 1
09-30 01:50:52.159  1277  1373 I LGSignalStrength: Default Case will be checked Or Other Operator case will be added 45005
09-30 01:50:52.159  1277  1373 D SignalStrength:  SignalStrength::getLevel default case
09-30 01:50:52.159  1277  1373 D SignalStrength: getLTELevel - rsrp:-59 snr:266 rsrpIconLevel:4 snrIconLevel:4
09-30 01:50:52.159  1277  1373 D SignalStrength: getLevel called =4
09-30 01:50:52.159   919  1366 D TelephonyRegistry: onSignalStrengthsChanged: exit record={binder=0x7f7fbdb8 pid=1277} signalStrength=99 0 -120 -160 -120 -1 -1 31 -59 -10 266 2147483647 gsm|lte
09-30 01:50:53.569   919  1399 V DataOutputStream: -getEid()
09-30 01:50:53.569   919  1399 V DataOutputStream: ~getEid()
09-30 01:50:53.569   919  1399 D DataOutputStream: wait:48 - b0804520
09-30 01:50:53.579   919  1366 D DataOutputStream: notify broadcast:48 - b0804520
09-30 01:50:53.579   919  1399 E DataOutputStream: Eid = 
09-30 01:50:53.619   919  1382 D DcTracker: isApnTypeEnabled
09-30 01:50:53.619   919  1382 D DcTracker: isApnTypeActive
09-30 01:50:53.619   919   919 V DataOutputStream: -getImei()
09-30 01:50:53.619   919   919 V DataOutputStream: ~getImei()
09-30 01:50:53.619   919   919 D DataOutputStream: wait:1 - 7f7fcbc0
09-30 01:50:53.629   919  1366 D GSMPhone: getDeviceId: 015267000012896
09-30 01:50:53.629   919  1366 D DataOutputStream: notify broadcast:1 - 7f7fcbc0
09-30 01:50:53.629   919  1409 V DataOutputStream: -getEid()
09-30 01:50:53.629   919  1409 V DataOutputStream: ~getEid()
09-30 01:50:53.629   919  1409 D DataOutputStream: wait:48 - b420ef40
09-30 01:50:53.639   919  1366 D DataOutputStream: notify broadcast:48 - b420ef40
09-30 01:50:53.639   919  1409 E DataOutputStream: Eid = 
09-30 01:50:55.159   530   536 I RILC    : RIL_SOCKET_1 UNSOLICITED: UNSOL_SIGNAL_STRENGTH length:60
09-30 01:50:55.159   919  1423 D SignalStrength: TMS-GETLEVEL SignalStrength::makeSignalStrengthFromRilParcel         mGsmSignalStrength = 99, mGsmBitErrorRate = 0,         mCdmaDbm = -1, mCdmaEcio = -1,         mEvdoDbm = -1, mEvdoEcio = -1,         mEvdoSnr = -1, mLteSignalStrength = 31,         mLteRsrp = 58, mLteRsrq = 7,         mLteRssnr = 300, mLteCqi = 2147483647,         mTdScdmaRscp = 2147483647
09-30 01:50:55.159   919  1423 D LGSignalStrength: TMS-GETLEVEL LGSignalStrength::makeSignalStrengthFromRilParcel     GsmDbm = 0, GsmEcio= 0
09-30 01:50:55.159   919  1366 V TelephonyManager: +getNetworkClass()
09-30 01:50:55.159   919  1366 I SignalStrength: [RAT:4G] Signal strength: -58 dBm, rxLevel: 31, rsrp: -58, rsrq: -7, rssnr: 300
09-30 01:50:55.159   919  1366 D SignalStrength: s->mLGSignalStrength->operatorNumeric 45005
09-30 01:50:55.159   919  1366 D TelephonyRegistry: onSignalStrengthsChanged: enter record={binder=0x7f7fbdb8 pid=1277} signalStrength=99 0 -120 -160 -120 -1 -1 31 -58 -7 300 2147483647 gsm|lte
09-30 01:50:55.159  1277  1277 D SignalStrength: SignalStrength::getLevel()
09-30 01:50:55.159  1277  1277 D LGSignalStrength: TMS-GETLEVEL  LGSignalStrength::getLevel() isGsm= 1
09-30 01:50:55.159  1277  1277 I LGSignalStrength: Default Case will be checked Or Other Operator case will be added 45005
09-30 01:50:55.159  1277  1277 D SignalStrength:  SignalStrength::getLevel default case
09-30 01:50:55.159  1277  1277 D SignalStrength: getLTELevel - rsrp:-58 snr:300 rsrpIconLevel:4 snrIconLevel:4
09-30 01:50:55.159  1277  1277 D SignalStrength: getLevel called =4
09-30 01:50:55.159   919  1366 D TelephonyRegistry: onSignalStrengthsChanged: exit record={binder=0x7f7fbdb8 pid=1277} signalStrength=99 0 -120 -160 -120 -1 -1 31 -58 -7 300 2147483647 gsm|lte
09-30 01:50:56.109   919  1366 D DcTrackerBase: DcTrackerBase::handleMessag 41
09-30 01:50:56.109   919  1366 D DcTrackerBase: updateTxRxSum: ifc - rmnet_data0 mTxPkts=19716 mRxPkts=16323 mTxBytes=10458088 mRxBytes=4014557
09-30 01:50:56.109   919  1366 D DcTrackerBase: updateTxRxSum: ifc - rmnet_data1 mTxPkts=0 mRxPkts=0 mTxBytes=0 mRxBytes=0
09-30 01:50:57.289   919  1366 D GSMPhone: GSMPhone::handleMessage 999
09-30 01:50:58.159   530   536 I RILC    : RIL_SOCKET_1 UNSOLICITED: UNSOL_SIGNAL_STRENGTH length:60
09-30 01:50:58.159   919  1423 D SignalStrength: TMS-GETLEVEL SignalStrength::makeSignalStrengthFromRilParcel         mGsmSignalStrength = 99, mGsmBitErrorRate = 0,         mCdmaDbm = -1, mCdmaEcio = -1,         mEvdoDbm = -1, mEvdoEcio = -1,         mEvdoSnr = -1, mLteSignalStrength = 31,         mLteRsrp = 61, mLteRsrq = 8,         mLteRssnr = 250, mLteCqi = 2147483647,         mTdScdmaRscp = 2147483647
09-30 01:50:58.159   919  1423 D LGSignalStrength: TMS-GETLEVEL LGSignalStrength::makeSignalStrengthFromRilParcel     GsmDbm = 0, GsmEcio= 0
09-30 01:50:58.159   919  1366 V TelephonyManager: +getNetworkClass()
09-30 01:50:58.159   919  1366 I SignalStrength: [RAT:4G] Signal strength: -61 dBm, rxLevel: 31, rsrp: -61, rsrq: -8, rssnr: 250
09-30 01:50:58.159   919  1366 D SignalStrength: s->mLGSignalStrength->operatorNumeric 45005
09-30 01:50:58.159   919  1366 D TelephonyRegistry: onSignalStrengthsChanged: enter record={binder=0x7f7fbdb8 pid=1277} signalStrength=99 0 -120 -160 -120 -1 -1 31 -61 -8 250 2147483647 gsm|lte
09-30 01:50:58.159  1277  1373 D SignalStrength: SignalStrength::getLevel()
09-30 01:50:58.159  1277  1373 D LGSignalStrength: TMS-GETLEVEL  LGSignalStrength::getLevel() isGsm= 1
09-30 01:50:58.159  1277  1373 I LGSignalStrength: Default Case will be checked Or Other Operator case will be added 45005
09-30 01:50:58.159  1277  1373 D SignalStrength:  SignalStrength::getLevel default case
09-30 01:50:58.159  1277  1373 D SignalStrength: getLTELevel - rsrp:-61 snr:250 rsrpIconLevel:4 snrIconLevel:4
09-30 01:50:58.159  1277  1373 D SignalStrength: getLevel called =4
09-30 01:50:58.159   919  1366 D TelephonyRegistry: onSignalStrengthsChanged: exit record={binder=0x7f7fbdb8 pid=1277} signalStrength=99 0 -120 -160 -120 -1 -1 31 -61 -8 250 2147483647 gsm|lte
09-30 01:51:01.159   530   536 I RILC    : RIL_SOCKET_1 UNSOLICITED: UNSOL_SIGNAL_STRENGTH length:60
09-30 01:51:01.159   919  1423 D SignalStrength: TMS-GETLEVEL SignalStrength::makeSignalStrengthFromRilParcel         mGsmSignalStrength = 99, mGsmBitErrorRate = 0,         mCdmaDbm = -1, mCdmaEcio = -1,         mEvdoDbm = -1, mEvdoEcio = -1,         mEvdoSnr = -1, mLteSignalStrength = 31,         mLteRsrp = 59, mLteRsrq = 7,         mLteRssnr = 284, mLteCqi = 2147483647,         mTdScdmaRscp = 2147483647
09-30 01:51:01.159   919  1423 D LGSignalStrength: TMS-GETLEVEL LGSignalStrength::makeSignalStrengthFromRilParcel     GsmDbm = 0, GsmEcio= 0
09-30 01:51:01.159   919  1366 V TelephonyManager: +getNetworkClass()
09-30 01:51:01.159   919  1366 I SignalStrength: [RAT:4G] Signal strength: -59 dBm, rxLevel: 31, rsrp: -59, rsrq: -7, rssnr: 284
09-30 01:51:01.159   919  1366 D SignalStrength: s->mLGSignalStrength->operatorNumeric 45005
09-30 01:51:01.159   919  1366 D TelephonyRegistry: onSignalStrengthsChanged: enter record={binder=0x7f7fbdb8 pid=1277} signalStrength=99 0 -120 -160 -120 -1 -1 31 -59 -7 284 2147483647 gsm|lte
09-30 01:51:01.159  1277  1277 D SignalStrength: SignalStrength::getLevel()
09-30 01:51:01.159  1277  1277 D LGSignalStrength: TMS-GETLEVEL  LGSignalStrength::getLevel() isGsm= 1
09-30 01:51:01.159  1277  1277 I LGSignalStrength: Default Case will be checked Or Other Operator case will be added 45005
09-30 01:51:01.159  1277  1277 D SignalStrength:  SignalStrength::getLevel default case
09-30 01:51:01.159  1277  1277 D SignalStrength: getLTELevel - rsrp:-59 snr:284 rsrpIconLevel:4 snrIconLevel:4
09-30 01:51:01.159  1277  1277 D SignalStrength: getLevel called =4
09-30 01:51:01.159   919  1366 D TelephonyRegistry: onSignalStrengthsChanged: exit record={binder=0x7f7fbdb8 pid=1277} signalStrength=99 0 -120 -160 -120 -1 -1 31 -59 -7 284 2147483647 gsm|lte
09-30 01:51:07.159   530   536 I RILC    : RIL_SOCKET_1 UNSOLICITED: UNSOL_SIGNAL_STRENGTH length:60
09-30 01:51:07.159   919  1423 D SignalStrength: TMS-GETLEVEL SignalStrength::makeSignalStrengthFromRilParcel         mGsmSignalStrength = 99, mGsmBitErrorRate = 0,         mCdmaDbm = -1, mCdmaEcio = -1,         mEvdoDbm = -1, mEvdoEcio = -1,         mEvdoSnr = -1, mLteSignalStrength = 31,         mLteRsrp = 59, mLteRsrq = 9,         mLteRssnr = 236, mLteCqi = 2147483647,         mTdScdmaRscp = 2147483647
09-30 01:51:07.159   919  1423 D LGSignalStrength: TMS-GETLEVEL LGSignalStrength::makeSignalStrengthFromRilParcel     GsmDbm = 0, GsmEcio= 0
09-30 01:51:07.159   919  1366 V TelephonyManager: +getNetworkClass()
09-30 01:51:07.159   919  1366 I SignalStrength: [RAT:4G] Signal strength: -59 dBm, rxLevel: 31, rsrp: -59, rsrq: -9, rssnr: 236
09-30 01:51:07.159   919  1366 D SignalStrength: s->mLGSignalStrength->operatorNumeric 45005
09-30 01:51:07.159   919  1366 D TelephonyRegistry: onSignalStrengthsChanged: enter record={binder=0x7f7fbdb8 pid=1277} signalStrength=99 0 -120 -160 -120 -1 -1 31 -59 -9 236 2147483647 gsm|lte
09-30 01:51:07.169  1277  1373 D SignalStrength: SignalStrength::getLevel()
09-30 01:51:07.169  1277  1373 D LGSignalStrength: TMS-GETLEVEL  LGSignalStrength::getLevel() isGsm= 1
09-30 01:51:07.169  1277  1373 I LGSignalStrength: Default Case will be checked Or Other Operator case will be added 45005
09-30 01:51:07.169  1277  1373 D SignalStrength:  SignalStrength::getLevel default case
09-30 01:51:07.169  1277  1373 D SignalStrength: getLTELevel - rsrp:-59 snr:236 rsrpIconLevel:4 snrIconLevel:4
09-30 01:51:07.169  1277  1373 D SignalStrength: getLevel called =4
09-30 01:51:07.169   919  1366 D TelephonyRegistry: onSignalStrengthsChanged: exit record={binder=0x7f7fbdb8 pid=1277} signalStrength=99 0 -120 -160 -120 -1 -1 31 -59 -9 236 2147483647 gsm|lte
09-30 01:51:07.289   919  1366 D GSMPhone: GSMPhone::handleMessage 999
09-30 01:51:10.159   530   536 I RILC    : RIL_SOCKET_1 UNSOLICITED: UNSOL_SIGNAL_STRENGTH length:60
09-30 01:51:10.159   919  1423 D SignalStrength: TMS-GETLEVEL SignalStrength::makeSignalStrengthFromRilParcel         mGsmSignalStrength = 99, mGsmBitErrorRate = 0,         mCdmaDbm = -1, mCdmaEcio = -1,         mEvdoDbm = -1, mEvdoEcio = -1,         mEvdoSnr = -1, mLteSignalStrength = 31,         mLteRsrp = 60, mLteRsrq = 7,         mLteRssnr = 300, mLteCqi = 2147483647,         mTdScdmaRscp = 2147483647
09-30 01:51:10.159   919  1423 D LGSignalStrength: TMS-GETLEVEL LGSignalStrength::makeSignalStrengthFromRilParcel     GsmDbm = 0, GsmEcio= 0
09-30 01:51:10.159   919  1366 V TelephonyManager: +getNetworkClass()
09-30 01:51:10.159   919  1366 I SignalStrength: [RAT:4G] Signal strength: -60 dBm, rxLevel: 31, rsrp: -60, rsrq: -7, rssnr: 300
09-30 01:51:10.159   919  1366 D SignalStrength: s->mLGSignalStrength->operatorNumeric 45005
09-30 01:51:10.159   919  1366 D TelephonyRegistry: onSignalStrengthsChanged: enter record={binder=0x7f7fbdb8 pid=1277} signalStrength=99 0 -120 -160 -120 -1 -1 31 -60 -7 300 2147483647 gsm|lte
09-30 01:51:10.159  1277  1277 D SignalStrength: SignalStrength::getLevel()
09-30 01:51:10.159  1277  1277 D LGSignalStrength: TMS-GETLEVEL  LGSignalStrength::getLevel() isGsm= 1
09-30 01:51:10.159  1277  1277 I LGSignalStrength: Default Case will be checked Or Other Operator case will be added 45005
09-30 01:51:10.159  1277  1277 D SignalStrength:  SignalStrength::getLevel default case
09-30 01:51:10.159  1277  1277 D SignalStrength: getLTELevel - rsrp:-60 snr:300 rsrpIconLevel:4 snrIconLevel:4
09-30 01:51:10.159  1277  1277 D SignalStrength: getLevel called =4
09-30 01:51:10.159   919  1366 D TelephonyRegistry: onSignalStrengthsChanged: exit record={binder=0x7f7fbdb8 pid=1277} signalStrength=99 0 -120 -160 -120 -1 -1 31 -60 -7 300 2147483647 gsm|lte
09-30 01:51:13.159   530   536 I RILC    : RIL_SOCKET_1 UNSOLICITED: UNSOL_SIGNAL_STRENGTH length:60
09-30 01:51:13.159   919  1423 D SignalStrength: TMS-GETLEVEL SignalStrength::makeSignalStrengthFromRilParcel         mGsmSignalStrength = 99, mGsmBitErrorRate = 0,         mCdmaDbm = -1, mCdmaEcio = -1,         mEvdoDbm = -1, mEvdoEcio = -1,         mEvdoSnr = -1, mLteSignalStrength = 31,         mLteRsrp = 60, mLteRsrq = 10,         mLteRssnr = 290, mLteCqi = 2147483647,         mTdScdmaRscp = 2147483647
09-30 01:51:13.159   919  1423 D LGSignalStrength: TMS-GETLEVEL LGSignalStrength::makeSignalStrengthFromRilParcel     GsmDbm = 0, GsmEcio= 0
09-30 01:51:13.159   919  1366 V TelephonyManager: +getNetworkClass()
09-30 01:51:13.159   919  1366 I SignalStrength: [RAT:4G] Signal strength: -60 dBm, rxLevel: 31, rsrp: -60, rsrq: -10, rssnr: 290
09-30 01:51:13.159   919  1366 D SignalStrength: s->mLGSignalStrength->operatorNumeric 45005
09-30 01:51:13.159   919  1366 D TelephonyRegistry: onSignalStrengthsChanged: enter record={binder=0x7f7fbdb8 pid=1277} signalStrength=99 0 -120 -160 -120 -1 -1 31 -60 -10 290 2147483647 gsm|lte
09-30 01:51:13.159  1277  1373 D SignalStrength: SignalStrength::getLevel()
09-30 01:51:13.159  1277  1373 D LGSignalStrength: TMS-GETLEVEL  LGSignalStrength::getLevel() isGsm= 1
09-30 01:51:13.159  1277  1373 I LGSignalStrength: Default Case will be checked Or Other Operator case will be added 45005
09-30 01:51:13.159  1277  1373 D SignalStrength:  SignalStrength::getLevel default case
09-30 01:51:13.159  1277  1373 D SignalStrength: getLTELevel - rsrp:-60 snr:290 rsrpIconLevel:4 snrIconLevel:4
09-30 01:51:13.159  1277  1373 D SignalStrength: getLevel called =4
09-30 01:51:13.159   919  1366 D TelephonyRegistry: onSignalStrengthsChanged: exit record={binder=0x7f7fbdb8 pid=1277} signalStrength=99 0 -120 -160 -120 -1 -1 31 -60 -10 290 2147483647 gsm|lte
09-30 01:51:16.109   919  1366 D DcTrackerBase: DcTrackerBase::handleMessag 41
09-30 01:51:16.109   919  1366 D DcTrackerBase: updateTxRxSum: ifc - rmnet_data0 mTxPkts=19716 mRxPkts=16323 mTxBytes=10458088 mRxBytes=4014557
09-30 01:51:16.109   919  1366 D DefaultPhoneNotifier: DefaultPhoneNotifier: notifyDataActivity: activity(0)
09-30 01:51:16.109   919  1366 D DcTrackerBase: updateTxRxSum: ifc - rmnet_data1 mTxPkts=0 mRxPkts=0 mTxBytes=0 mRxBytes=0
09-30 01:51:17.289   919  1366 D GSMPhone: GSMPhone::handleMessage 999
09-30 01:51:22.159   530   536 I RILC    : RIL_SOCKET_1 UNSOLICITED: UNSOL_SIGNAL_STRENGTH length:60
09-30 01:51:22.159   919  1423 D SignalStrength: TMS-GETLEVEL SignalStrength::makeSignalStrengthFromRilParcel         mGsmSignalStrength = 99, mGsmBitErrorRate = 0,         mCdmaDbm = -1, mCdmaEcio = -1,         mEvdoDbm = -1, mEvdoEcio = -1,         mEvdoSnr = -1, mLteSignalStrength = 31,         mLteRsrp = 60, mLteRsrq = 10,         mLteRssnr = 258, mLteCqi = 2147483647,         mTdScdmaRscp = 2147483647
09-30 01:51:22.159   919  1423 D LGSignalStrength: TMS-GETLEVEL LGSignalStrength::makeSignalStrengthFromRilParcel     GsmDbm = 0, GsmEcio= 0
09-30 01:51:22.159   919  1366 V TelephonyManager: +getNetworkClass()
09-30 01:51:22.159   919  1366 I SignalStrength: [RAT:4G] Signal strength: -60 dBm, rxLevel: 31, rsrp: -60, rsrq: -10, rssnr: 258
09-30 01:51:22.159   919  1366 D SignalStrength: s->mLGSignalStrength->operatorNumeric 45005
09-30 01:51:22.159   919  1366 D TelephonyRegistry: onSignalStrengthsChanged: enter record={binder=0x7f7fbdb8 pid=1277} signalStrength=99 0 -120 -160 -120 -1 -1 31 -60 -10 258 2147483647 gsm|lte
09-30 01:51:22.159  1277  1277 D SignalStrength: SignalStrength::getLevel()
09-30 01:51:22.159  1277  1277 D LGSignalStrength: TMS-GETLEVEL  LGSignalStrength::getLevel() isGsm= 1
09-30 01:51:22.159  1277  1277 I LGSignalStrength: Default Case will be checked Or Other Operator case will be added 45005
09-30 01:51:22.159  1277  1277 D SignalStrength:  SignalStrength::getLevel default case
09-30 01:51:22.159  1277  1277 D SignalStrength: getLTELevel - rsrp:-60 snr:258 rsrpIconLevel:4 snrIconLevel:4
09-30 01:51:22.159  1277  1277 D SignalStrength: getLevel called =4
09-30 01:51:22.159   919  1366 D TelephonyRegistry: onSignalStrengthsChanged: exit record={binder=0x7f7fbdb8 pid=1277} signalStrength=99 0 -120 -160 -120 -1 -1 31 -60 -10 258 2147483647 gsm|lte
09-30 01:51:24.559   919  1416 V DataOutputStream: -getEid()
09-30 01:51:24.559   919  1416 V DataOutputStream: ~getEid()
09-30 01:51:24.559   919  1416 D DataOutputStream: wait:48 - b420ef40
09-30 01:51:24.569   919  1366 D DataOutputStream: notify broadcast:48 - b420ef40
09-30 01:51:24.569   919  1416 E DataOutputStream: Eid = 
09-30 01:51:24.619   919  1382 D DcTracker: isApnTypeEnabled
09-30 01:51:24.619   919  1382 D DcTracker: isApnTypeActive
09-30 01:51:24.619   919  1408 V DataOutputStream: -getImei()
09-30 01:51:24.619   919  1408 V DataOutputStream: ~getImei()
09-30 01:51:24.619   919  1408 D DataOutputStream: wait:1 - b0804520
09-30 01:51:24.629   919  1366 D GSMPhone: getDeviceId: 015267000012896
09-30 01:51:24.629   919  1366 D DataOutputStream: notify broadcast:1 - b0804520
09-30 01:51:24.629   919  1415 V DataOutputStream: -getEid()
09-30 01:51:24.629   919  1415 V DataOutputStream: ~getEid()
09-30 01:51:24.629   919  1415 D DataOutputStream: wait:48 - b0804520
09-30 01:51:24.639   919  1366 D DataOutputStream: notify broadcast:48 - b0804520
09-30 01:51:24.639   919  1415 E DataOutputStream: Eid = 
09-30 01:51:25.159   530   536 I RILC    : RIL_SOCKET_1 UNSOLICITED: UNSOL_SIGNAL_STRENGTH length:60
09-30 01:51:25.159   919  1423 D SignalStrength: TMS-GETLEVEL SignalStrength::makeSignalStrengthFromRilParcel         mGsmSignalStrength = 99, mGsmBitErrorRate = 0,         mCdmaDbm = -1, mCdmaEcio = -1,         mEvdoDbm = -1, mEvdoEcio = -1,         mEvdoSnr = -1, mLteSignalStrength = 31,         mLteRsrp = 61, mLteRsrq = 8,         mLteRssnr = 298, mLteCqi = 2147483647,         mTdScdmaRscp = 2147483647
09-30 01:51:25.159   919  1423 D LGSignalStrength: TMS-GETLEVEL LGSignalStrength::makeSignalStrengthFromRilParcel     GsmDbm = 0, GsmEcio= 0
09-30 01:51:25.159   919  1366 V TelephonyManager: +getNetworkClass()
09-30 01:51:25.159   919  1366 I SignalStrength: [RAT:4G] Signal strength: -61 dBm, rxLevel: 31, rsrp: -61, rsrq: -8, rssnr: 298
09-30 01:51:25.159   919  1366 D SignalStrength: s->mLGSignalStrength->operatorNumeric 45005
09-30 01:51:25.159   919  1366 D TelephonyRegistry: onSignalStrengthsChanged: enter record={binder=0x7f7fbdb8 pid=1277} signalStrength=99 0 -120 -160 -120 -1 -1 31 -61 -8 298 2147483647 gsm|lte
09-30 01:51:25.159  1277  1373 D SignalStrength: SignalStrength::getLevel()
09-30 01:51:25.159  1277  1373 D LGSignalStrength: TMS-GETLEVEL  LGSignalStrength::getLevel() isGsm= 1
09-30 01:51:25.159  1277  1373 I LGSignalStrength: Default Case will be checked Or Other Operator case will be added 45005
09-30 01:51:25.159  1277  1373 D SignalStrength:  SignalStrength::getLevel default case
09-30 01:51:25.159  1277  1373 D SignalStrength: getLTELevel - rsrp:-61 snr:298 rsrpIconLevel:4 snrIconLevel:4
09-30 01:51:25.159  1277  1373 D SignalStrength: getLevel called =4
09-30 01:51:25.159   919  1366 D TelephonyRegistry: onSignalStrengthsChanged: exit record={binder=0x7f7fbdb8 pid=1277} signalStrength=99 0 -120 -160 -120 -1 -1 31 -61 -8 298 2147483647 gsm|lte
09-30 01:51:27.289   919  1366 D GSMPhone: GSMPhone::handleMessage 999
09-30 01:51:28.169   530   536 I RILC    : RIL_SOCKET_1 UNSOLICITED: UNSOL_SIGNAL_STRENGTH length:60
09-30 01:51:28.169   919  1423 D SignalStrength: TMS-GETLEVEL SignalStrength::makeSignalStrengthFromRilParcel         mGsmSignalStrength = 99, mGsmBitErrorRate = 0,         mCdmaDbm = -1, mCdmaEcio = -1,         mEvdoDbm = -1, mEvdoEcio = -1,         mEvdoSnr = -1, mLteSignalStrength = 31,         mLteRsrp = 61, mLteRsrq = 7,         mLteRssnr = 226, mLteCqi = 2147483647,         mTdScdmaRscp = 2147483647
09-30 01:51:28.169   919  1423 D LGSignalStrength: TMS-GETLEVEL LGSignalStrength::makeSignalStrengthFromRilParcel     GsmDbm = 0, GsmEcio= 0
09-30 01:51:28.169   919  1366 V TelephonyManager: +getNetworkClass()
09-30 01:51:28.169   919  1366 I SignalStrength: [RAT:4G] Signal strength: -61 dBm, rxLevel: 31, rsrp: -61, rsrq: -7, rssnr: 226
09-30 01:51:28.169   919  1366 D SignalStrength: s->mLGSignalStrength->operatorNumeric 45005
09-30 01:51:28.169   919  1366 D TelephonyRegistry: onSignalStrengthsChanged: enter record={binder=0x7f7fbdb8 pid=1277} signalStrength=99 0 -120 -160 -120 -1 -1 31 -61 -7 226 2147483647 gsm|lte
09-30 01:51:28.169  1277  1277 D SignalStrength: SignalStrength::getLevel()
09-30 01:51:28.169  1277  1277 D LGSignalStrength: TMS-GETLEVEL  LGSignalStrength::getLevel() isGsm= 1
09-30 01:51:28.169  1277  1277 I LGSignalStrength: Default Case will be checked Or Other Operator case will be added 45005
09-30 01:51:28.169  1277  1277 D SignalStrength:  SignalStrength::getLevel default case
09-30 01:51:28.169  1277  1277 D SignalStrength: getLTELevel - rsrp:-61 snr:226 rsrpIconLevel:4 snrIconLevel:4
09-30 01:51:28.169  1277  1277 D SignalStrength: getLevel called =4
09-30 01:51:28.169   919  1366 D TelephonyRegistry: onSignalStrengthsChanged: exit record={binder=0x7f7fbdb8 pid=1277} signalStrength=99 0 -120 -160 -120 -1 -1 31 -61 -7 226 2147483647 gsm|lte
09-30 01:51:31.169   530   536 I RILC    : RIL_SOCKET_1 UNSOLICITED: UNSOL_SIGNAL_STRENGTH length:60
09-30 01:51:31.169   919  1423 D SignalStrength: TMS-GETLEVEL SignalStrength::makeSignalStrengthFromRilParcel         mGsmSignalStrength = 99, mGsmBitErrorRate = 0,         mCdmaDbm = -1, mCdmaEcio = -1,         mEvdoDbm = -1, mEvdoEcio = -1,         mEvdoSnr = -1, mLteSignalStrength = 31,         mLteRsrp = 61, mLteRsrq = 7,         mLteRssnr = 258, mLteCqi = 2147483647,         mTdScdmaRscp = 2147483647
09-30 01:51:31.169   919  1423 D LGSignalStrength: TMS-GETLEVEL LGSignalStrength::makeSignalStrengthFromRilParcel     GsmDbm = 0, GsmEcio= 0
09-30 01:51:31.169   919  1366 V TelephonyManager: +getNetworkClass()
09-30 01:51:31.169   919  1366 I SignalStrength: [RAT:4G] Signal strength: -61 dBm, rxLevel: 31, rsrp: -61, rsrq: -7, rssnr: 258
09-30 01:51:31.169   919  1366 D SignalStrength: s->mLGSignalStrength->operatorNumeric 45005
09-30 01:51:31.169   919  1366 D TelephonyRegistry: onSignalStrengthsChanged: enter record={binder=0x7f7fbdb8 pid=1277} signalStrength=99 0 -120 -160 -120 -1 -1 31 -61 -7 258 2147483647 gsm|lte
09-30 01:51:31.169  1277  1373 D SignalStrength: SignalStrength::getLevel()
09-30 01:51:31.169  1277  1373 D LGSignalStrength: TMS-GETLEVEL  LGSignalStrength::getLevel() isGsm= 1
09-30 01:51:31.169  1277  1373 I LGSignalStrength: Default Case will be checked Or Other Operator case will be added 45005
09-30 01:51:31.169  1277  1373 D SignalStrength:  SignalStrength::getLevel default case
09-30 01:51:31.169  1277  1373 D SignalStrength: getLTELevel - rsrp:-61 snr:258 rsrpIconLevel:4 snrIconLevel:4
09-30 01:51:31.169  1277  1373 D SignalStrength: getLevel called =4
09-30 01:51:31.169   919  1366 D TelephonyRegistry: onSignalStrengthsChanged: exit record={binder=0x7f7fbdb8 pid=1277} signalStrength=99 0 -120 -160 -120 -1 -1 31 -61 -7 258 2147483647 gsm|lte
09-30 01:51:36.109   919  1366 D DcTrackerBase: DcTrackerBase::handleMessag 41
09-30 01:51:36.109   919  1366 D DcTrackerBase: updateTxRxSum: ifc - rmnet_data0 mTxPkts=19721 mRxPkts=16326 mTxBytes=10460896 mRxBytes=4015446
09-30 01:51:36.109   919  1366 D DefaultPhoneNotifier: DefaultPhoneNotifier: notifyDataActivity: activity(3)
09-30 01:51:36.109   919  1366 D DcTrackerBase: updateTxRxSum: ifc - rmnet_data1 mTxPkts=0 mRxPkts=0 mTxBytes=0 mRxBytes=0
09-30 01:51:37.289   919  1366 D GSMPhone: GSMPhone::handleMessage 999
09-30 01:51:43.169   530   536 I RILC    : RIL_SOCKET_1 UNSOLICITED: UNSOL_SIGNAL_STRENGTH length:60
09-30 01:51:43.169   919  1423 D SignalStrength: TMS-GETLEVEL SignalStrength::makeSignalStrengthFromRilParcel         mGsmSignalStrength = 99, mGsmBitErrorRate = 0,         mCdmaDbm = -1, mCdmaEcio = -1,         mEvdoDbm = -1, mEvdoEcio = -1,         mEvdoSnr = -1, mLteSignalStrength = 31,         mLteRsrp = 61, mLteRsrq = 8,         mLteRssnr = 300, mLteCqi = 2147483647,         mTdScdmaRscp = 2147483647
09-30 01:51:43.169   919  1423 D LGSignalStrength: TMS-GETLEVEL LGSignalStrength::makeSignalStrengthFromRilParcel     GsmDbm = 0, GsmEcio= 0
09-30 01:51:43.169   919  1366 V TelephonyManager: +getNetworkClass()
09-30 01:51:43.169   919  1366 I SignalStrength: [RAT:4G] Signal strength: -61 dBm, rxLevel: 31, rsrp: -61, rsrq: -8, rssnr: 300
09-30 01:51:43.169   919  1366 D SignalStrength: s->mLGSignalStrength->operatorNumeric 45005
09-30 01:51:43.169   919  1366 D TelephonyRegistry: onSignalStrengthsChanged: enter record={binder=0x7f7fbdb8 pid=1277} signalStrength=99 0 -120 -160 -120 -1 -1 31 -61 -8 300 2147483647 gsm|lte
09-30 01:51:43.169  1277  1277 D SignalStrength: SignalStrength::getLevel()
09-30 01:51:43.169  1277  1277 D LGSignalStrength: TMS-GETLEVEL  LGSignalStrength::getLevel() isGsm= 1
09-30 01:51:43.169  1277  1277 I LGSignalStrength: Default Case will be checked Or Other Operator case will be added 45005
09-30 01:51:43.169  1277  1277 D SignalStrength:  SignalStrength::getLevel default case
09-30 01:51:43.169  1277  1277 D SignalStrength: getLTELevel - rsrp:-61 snr:300 rsrpIconLevel:4 snrIconLevel:4
09-30 01:51:43.169  1277  1277 D SignalStrength: getLevel called =4
09-30 01:51:43.169   919  1366 D TelephonyRegistry: onSignalStrengthsChanged: exit record={binder=0x7f7fbdb8 pid=1277} signalStrength=99 0 -120 -160 -120 -1 -1 31 -61 -8 300 2147483647 gsm|lte
09-30 01:51:46.169   530   536 I RILC    : RIL_SOCKET_1 UNSOLICITED: UNSOL_SIGNAL_STRENGTH length:60
09-30 01:51:46.169   919  1423 D SignalStrength: TMS-GETLEVEL SignalStrength::makeSignalStrengthFromRilParcel         mGsmSignalStrength = 99, mGsmBitErrorRate = 0,         mCdmaDbm = -1, mCdmaEcio = -1,         mEvdoDbm = -1, mEvdoEcio = -1,         mEvdoSnr = -1, mLteSignalStrength = 31,         mLteRsrp = 62, mLteRsrq = 10,         mLteRssnr = 280, mLteCqi = 2147483647,         mTdScdmaRscp = 2147483647
09-30 01:51:46.169   919  1423 D LGSignalStrength: TMS-GETLEVEL LGSignalStrength::makeSignalStrengthFromRilParcel     GsmDbm = 0, GsmEcio= 0
09-30 01:51:46.169   919  1366 V TelephonyManager: +getNetworkClass()
09-30 01:51:46.169   919  1366 I SignalStrength: [RAT:4G] Signal strength: -62 dBm, rxLevel: 31, rsrp: -62, rsrq: -10, rssnr: 280
09-30 01:51:46.169   919  1366 D SignalStrength: s->mLGSignalStrength->operatorNumeric 45005
09-30 01:51:46.169   919  1366 D TelephonyRegistry: onSignalStrengthsChanged: enter record={binder=0x7f7fbdb8 pid=1277} signalStrength=99 0 -120 -160 -120 -1 -1 31 -62 -10 280 2147483647 gsm|lte
09-30 01:51:46.169  1277  1373 D SignalStrength: SignalStrength::getLevel()
09-30 01:51:46.169  1277  1373 D LGSignalStrength: TMS-GETLEVEL  LGSignalStrength::getLevel() isGsm= 1
09-30 01:51:46.169  1277  1373 I LGSignalStrength: Default Case will be checked Or Other Operator case will be added 45005
09-30 01:51:46.169  1277  1373 D SignalStrength:  SignalStrength::getLevel default case
09-30 01:51:46.169  1277  1373 D SignalStrength: getLTELevel - rsrp:-62 snr:280 rsrpIconLevel:4 snrIconLevel:4
09-30 01:51:46.169  1277  1373 D SignalStrength: getLevel called =4
09-30 01:51:46.179   919  1366 D TelephonyRegistry: onSignalStrengthsChanged: exit record={binder=0x7f7fbdb8 pid=1277} signalStrength=99 0 -120 -160 -120 -1 -1 31 -62 -10 280 2147483647 gsm|lte
09-30 01:51:47.289   919  1366 D GSMPhone: GSMPhone::handleMessage 999
09-30 01:51:49.169   530   536 I RILC    : RIL_SOCKET_1 UNSOLICITED: UNSOL_SIGNAL_STRENGTH length:60
